#0 building with "default" instance using docker driver

#1 [internal] load build definition from Dockerfile
#1 transferring dockerfile: 3.06kB done
#1 DONE 0.0s

#2 [internal] load metadata for docker.io/library/debian:stable-slim
#2 DONE 0.8s

#3 [internal] load .dockerignore
#3 transferring context: 2B done
#3 DONE 0.0s

#4 [ 1/12] FROM docker.io/library/debian:stable-slim@sha256:ed542b2d269ff08139fc5ab8c762efe8c8986b564a423d5241a5ce9fb09b6c08
#4 resolve docker.io/library/debian:stable-slim@sha256:ed542b2d269ff08139fc5ab8c762efe8c8986b564a423d5241a5ce9fb09b6c08 0.0s done
#4 sha256:a7d8f22c2aadf20d5854c39803f24d3546769c0e536552ff2c6e9ad3373e0c9c 0B / 29.77MB 0.1s
#4 sha256:ed542b2d269ff08139fc5ab8c762efe8c8986b564a423d5241a5ce9fb09b6c08 8.97kB / 8.97kB done
#4 sha256:17c9639750e7424f727597a363be8cbe85ca83f94a10d6a6de31ca253daeab8d 1.02kB / 1.02kB done
#4 sha256:6ddbf6e2c48bd178bb593b079467a29e8252a3b997cbd7bcaadb729c936bd992 451B / 451B done
#4 sha256:a7d8f22c2aadf20d5854c39803f24d3546769c0e536552ff2c6e9ad3373e0c9c 7.08MB / 29.77MB 0.3s
#4 sha256:a7d8f22c2aadf20d5854c39803f24d3546769c0e536552ff2c6e9ad3373e0c9c 21.48MB / 29.77MB 0.5s
#4 sha256:a7d8f22c2aadf20d5854c39803f24d3546769c0e536552ff2c6e9ad3373e0c9c 29.77MB / 29.77MB 0.6s
#4 sha256:a7d8f22c2aadf20d5854c39803f24d3546769c0e536552ff2c6e9ad3373e0c9c 29.77MB / 29.77MB 0.6s done
#4 extracting sha256:a7d8f22c2aadf20d5854c39803f24d3546769c0e536552ff2c6e9ad3373e0c9c
#4 extracting sha256:a7d8f22c2aadf20d5854c39803f24d3546769c0e536552ff2c6e9ad3373e0c9c 2.5s done
#4 DONE 3.3s

#5 [ 2/12] RUN apt-get update &&     apt-get install -y --no-install-recommends     ca-certificates     curl     git     gnupg     locales     ripgrep     tar     unzip     vim     wget     build-essential     ruby-dev     rubygems &&     echo "ja_JP.UTF-8 UTF-8" > /etc/locale.gen &&     locale-gen &&     rm -rf /var/lib/apt/lists/*
#5 1.387 Get:1 http://deb.debian.org/debian stable InRelease [140 kB]
#5 1.432 Get:2 http://deb.debian.org/debian stable-updates InRelease [47.3 kB]
#5 1.537 Get:3 http://deb.debian.org/debian-security stable-security InRelease [43.4 kB]
#5 1.551 Get:4 http://deb.debian.org/debian stable/main amd64 Packages [9670 kB]
#5 1.683 Get:5 http://deb.debian.org/debian stable-updates/main amd64 Packages [5412 B]
#5 1.697 Get:6 http://deb.debian.org/debian-security stable-security/main amd64 Packages [95.9 kB]
#5 3.036 Fetched 10.0 MB in 2s (5951 kB/s)
#5 3.036 Reading package lists...
#5 4.277 Reading package lists...
#5 5.543 Building dependency tree...
#5 5.757 Reading state information...
#5 6.155 tar is already the newest version (1.35+dfsg-3.1).
#5 6.155 tar set to manually installed.
#5 6.155 The following additional packages will be installed:
#5 6.155   adduser binutils binutils-common binutils-x86-64-linux-gnu bzip2 cpp cpp-14
#5 6.155   cpp-14-x86-64-linux-gnu cpp-x86-64-linux-gnu dirmngr dpkg-dev g++ g++-14
#5 6.155   g++-14-x86-64-linux-gnu g++-x86-64-linux-gnu gcc gcc-14
#5 6.155   gcc-14-x86-64-linux-gnu gcc-x86-64-linux-gnu git-man gnupg-l10n gpg
#5 6.155   gpg-agent gpgconf gpgsm libasan8 libassuan9 libatomic1 libbinutils
#5 6.155   libbrotli1 libc-dev-bin libc-l10n libc6-dev libcc1-0 libcom-err2
#5 6.155   libcrypt-dev libctf-nobfd0 libctf0 libcurl3t64-gnutls libcurl4t64
#5 6.155   libdpkg-perl liberror-perl libexpat1 libffi8 libgcc-14-dev libgcrypt20
#5 6.155   libgdbm-compat4t64 libgdbm6t64 libgmp-dev libgmpxx4ldbl libgnutls30t64
#5 6.155   libgomp1 libgpg-error0 libgpm2 libgprofng0 libgssapi-krb5-2 libhwasan0
#5 6.155   libidn2-0 libisl23 libitm1 libjansson4 libk5crypto3 libkeyutils1 libkrb5-3
#5 6.156   libkrb5support0 libksba8 libldap2 liblsan0 libmpc3 libmpfr6 libncursesw6
#5 6.156   libnghttp2-14 libnghttp3-9 libngtcp2-16 libngtcp2-crypto-gnutls8 libnpth0t64
#5 6.156   libp11-kit0 libperl5.40 libpsl5t64 libquadmath0 libreadline8t64 librtmp1
#5 6.157   libruby libruby3.3 libsasl2-2 libsasl2-modules-db libsframe1 libsodium23
#5 6.157   libssh2-1t64 libstdc++-14-dev libtasn1-6 libtsan2 libubsan1 libunistring5
#5 6.157   libyaml-0-2 linux-libc-dev make openssl patch perl perl-modules-5.40
#5 6.158   pinentry-curses rake readline-common rpcsvc-proto ruby-csv ruby-did-you-mean
#5 6.158   ruby-net-telnet ruby-ruby2-keywords ruby-rubygems ruby-webrick ruby-xmlrpc
#5 6.158   ruby3.3 ruby3.3-dev rubygems-integration vim-common vim-runtime xz-utils
#5 6.161 Suggested packages:
#5 6.161   liblocale-gettext-perl cron quota binutils-doc gprofng-gui binutils-gold
#5 6.161   bzip2-doc cpp-doc gcc-14-locales cpp-14-doc dbus-user-session libpam-systemd
#5 6.161   pinentry-gnome3 tor debian-keyring debian-tag2upload-keyring g++-multilib
#5 6.161   g++-14-multilib gcc-14-doc gcc-multilib manpages-dev autoconf automake
#5 6.161   libtool flex bison gdb gcc-doc gcc-14-multilib gdb-x86-64-linux-gnu
#5 6.161   gettext-base git-doc git-email git-gui gitk gitweb git-cvs git-mediawiki
#5 6.161   git-svn gpg-wks-server parcimonie xloadimage scdaemon tpm2daemon
#5 6.161   libc-devtools glibc-doc sensible-utils bzr rng-tools gdbm-l10n gmp-doc
#5 6.161   libgmp10-doc libmpfr-dev gnutls-bin gpm krb5-doc krb5-user libstdc++-14-doc
#5 6.161   make-doc ed diffutils-doc perl-doc libterm-readline-gnu-perl
#5 6.161   | libterm-readline-perl-perl libtap-harness-archive-perl pinentry-doc
#5 6.161   readline-doc ri bundler zip ctags vim-doc vim-scripts
#5 6.161 Recommended packages:
#5 6.161   bash-completion fakeroot libalgorithm-merge-perl less ssh-client gnupg-utils
#5 6.161   gpg-wks-client gpgv manpages manpages-dev libfile-fcntllock-perl
#5 6.161   liblocale-gettext-perl libgpg-error-l10n krb5-locales libldap-common
#5 6.161   publicsuffix ruby-sdbm libsasl2-modules netbase zip fonts-lato libjs-jquery
#5 6.161   ruby3.3-doc xxd
#5 7.113 The following NEW packages will be installed:
#5 7.113   adduser binutils binutils-common binutils-x86-64-linux-gnu build-essential
#5 7.113   bzip2 ca-certificates cpp cpp-14 cpp-14-x86-64-linux-gnu
#5 7.113   cpp-x86-64-linux-gnu curl dirmngr dpkg-dev g++ g++-14
#5 7.113   g++-14-x86-64-linux-gnu g++-x86-64-linux-gnu gcc gcc-14
#5 7.113   gcc-14-x86-64-linux-gnu gcc-x86-64-linux-gnu git git-man gnupg gnupg-l10n
#5 7.113   gpg gpg-agent gpgconf gpgsm libasan8 libassuan9 libatomic1 libbinutils
#5 7.113   libbrotli1 libc-dev-bin libc-l10n libc6-dev libcc1-0 libcom-err2
#5 7.113   libcrypt-dev libctf-nobfd0 libctf0 libcurl3t64-gnutls libcurl4t64
#5 7.113   libdpkg-perl liberror-perl libexpat1 libffi8 libgcc-14-dev libgcrypt20
#5 7.113   libgdbm-compat4t64 libgdbm6t64 libgmp-dev libgmpxx4ldbl libgnutls30t64
#5 7.113   libgomp1 libgpg-error0 libgpm2 libgprofng0 libgssapi-krb5-2 libhwasan0
#5 7.113   libidn2-0 libisl23 libitm1 libjansson4 libk5crypto3 libkeyutils1 libkrb5-3
#5 7.113   libkrb5support0 libksba8 libldap2 liblsan0 libmpc3 libmpfr6 libncursesw6
#5 7.113   libnghttp2-14 libnghttp3-9 libngtcp2-16 libngtcp2-crypto-gnutls8 libnpth0t64
#5 7.113   libp11-kit0 libperl5.40 libpsl5t64 libquadmath0 libreadline8t64 librtmp1
#5 7.114   libruby libruby3.3 libsasl2-2 libsasl2-modules-db libsframe1 libsodium23
#5 7.114   libssh2-1t64 libstdc++-14-dev libtasn1-6 libtsan2 libubsan1 libunistring5
#5 7.114   libyaml-0-2 linux-libc-dev locales make openssl patch perl perl-modules-5.40
#5 7.115   pinentry-curses rake readline-common ripgrep rpcsvc-proto ruby ruby-csv
#5 7.115   ruby-dev ruby-did-you-mean ruby-net-telnet ruby-ruby2-keywords ruby-rubygems
#5 7.115   ruby-webrick ruby-xmlrpc ruby3.3 ruby3.3-dev rubygems-integration unzip vim
#5 7.115   vim-common vim-runtime wget xz-utils
#5 7.185 0 upgraded, 130 newly installed, 0 to remove and 0 not upgraded.
#5 7.185 Need to get 132 MB of archives.
#5 7.185 After this operation, 539 MB of additional disk space will be used.
#5 7.185 Get:1 http://deb.debian.org/debian stable/main amd64 libexpat1 amd64 2.7.1-2 [108 kB]
#5 7.227 Get:2 http://deb.debian.org/debian stable/main amd64 adduser all 3.152 [191 kB]
#5 7.245 Get:3 http://deb.debian.org/debian stable/main amd64 readline-common all 8.2-6 [69.4 kB]
#5 7.259 Get:4 http://deb.debian.org/debian stable/main amd64 vim-common all 2:9.1.1230-2 [421 kB]
#5 7.276 Get:5 http://deb.debian.org/debian stable/main amd64 bzip2 amd64 1.0.8-6 [40.5 kB]
#5 7.277 Get:6 http://deb.debian.org/debian stable/main amd64 openssl amd64 3.5.4-1~deb13u1 [1495 kB]
#5 7.307 Get:7 http://deb.debian.org/debian stable/main amd64 ca-certificates all 20250419 [162 kB]
#5 7.311 Get:8 http://deb.debian.org/debian stable/main amd64 libc-l10n all 2.41-12+deb13u1 [738 kB]
#5 7.319 Get:9 http://deb.debian.org/debian stable/main amd64 locales all 2.41-12+deb13u1 [3925 kB]
#5 7.380 Get:10 http://deb.debian.org/debian stable/main amd64 perl-modules-5.40 all 5.40.1-6 [3019 kB]
#5 7.421 Get:11 http://deb.debian.org/debian stable/main amd64 libgdbm6t64 amd64 1.24-2 [75.2 kB]
#5 7.422 Get:12 http://deb.debian.org/debian stable/main amd64 libgdbm-compat4t64 amd64 1.24-2 [50.3 kB]
#5 7.423 Get:13 http://deb.debian.org/debian stable/main amd64 libperl5.40 amd64 5.40.1-6 [4341 kB]
#5 7.459 Get:14 http://deb.debian.org/debian stable/main amd64 perl amd64 5.40.1-6 [267 kB]
#5 7.462 Get:15 http://deb.debian.org/debian stable/main amd64 libunistring5 amd64 1.3-2 [477 kB]
#5 7.465 Get:16 http://deb.debian.org/debian stable/main amd64 libidn2-0 amd64 2.3.8-2 [109 kB]
#5 7.467 Get:17 http://deb.debian.org/debian stable/main amd64 libffi8 amd64 3.4.8-2 [24.1 kB]
#5 7.468 Get:18 http://deb.debian.org/debian stable/main amd64 libp11-kit0 amd64 0.25.5-3 [425 kB]
#5 7.472 Get:19 http://deb.debian.org/debian stable/main amd64 libtasn1-6 amd64 4.20.0-2 [49.9 kB]
#5 7.473 Get:20 http://deb.debian.org/debian stable/main amd64 libgnutls30t64 amd64 3.8.9-3+deb13u1 [1466 kB]
#5 7.484 Get:21 http://deb.debian.org/debian stable/main amd64 libpsl5t64 amd64 0.21.2-1.1+b1 [57.2 kB]
#5 7.486 Get:22 http://deb.debian.org/debian stable/main amd64 wget amd64 1.25.0-2 [984 kB]
#5 7.494 Get:23 http://deb.debian.org/debian stable/main amd64 xz-utils amd64 5.8.1-1 [660 kB]
#5 7.498 Get:24 http://deb.debian.org/debian stable/main amd64 libsframe1 amd64 2.44-3 [78.4 kB]
#5 7.499 Get:25 http://deb.debian.org/debian stable/main amd64 binutils-common amd64 2.44-3 [2509 kB]
#5 7.516 Get:26 http://deb.debian.org/debian stable/main amd64 libbinutils amd64 2.44-3 [534 kB]
#5 7.523 Get:27 http://deb.debian.org/debian stable/main amd64 libgprofng0 amd64 2.44-3 [808 kB]
#5 7.538 Get:28 http://deb.debian.org/debian stable/main amd64 libctf-nobfd0 amd64 2.44-3 [156 kB]
#5 7.540 Get:29 http://deb.debian.org/debian stable/main amd64 libctf0 amd64 2.44-3 [88.6 kB]
#5 7.542 Get:30 http://deb.debian.org/debian stable/main amd64 libjansson4 amd64 2.14-2+b3 [39.8 kB]
#5 7.543 Get:31 http://deb.debian.org/debian stable/main amd64 binutils-x86-64-linux-gnu amd64 2.44-3 [1014 kB]
#5 7.556 Get:32 http://deb.debian.org/debian stable/main amd64 binutils amd64 2.44-3 [265 kB]
#5 7.561 Get:33 http://deb.debian.org/debian stable/main amd64 libc-dev-bin amd64 2.41-12+deb13u1 [58.5 kB]
#5 7.562 Get:34 http://deb.debian.org/debian stable/main amd64 linux-libc-dev all 6.12.63-1 [2720 kB]
#5 7.599 Get:35 http://deb.debian.org/debian stable/main amd64 libcrypt-dev amd64 1:4.4.38-1 [119 kB]
#5 7.601 Get:36 http://deb.debian.org/debian stable/main amd64 rpcsvc-proto amd64 1.4.3-1 [63.3 kB]
#5 7.603 Get:37 http://deb.debian.org/debian stable/main amd64 libc6-dev amd64 2.41-12+deb13u1 [1994 kB]
#5 7.631 Get:38 http://deb.debian.org/debian stable/main amd64 libisl23 amd64 0.27-1 [659 kB]
#5 7.640 Get:39 http://deb.debian.org/debian stable/main amd64 libmpfr6 amd64 4.2.2-1 [729 kB]
#5 7.652 Get:40 http://deb.debian.org/debian stable/main amd64 libmpc3 amd64 1.3.1-1+b3 [52.2 kB]
#5 7.653 Get:41 http://deb.debian.org/debian stable/main amd64 cpp-14-x86-64-linux-gnu amd64 14.2.0-19 [11.0 MB]
#5 7.804 Get:42 http://deb.debian.org/debian stable/main amd64 cpp-14 amd64 14.2.0-19 [1280 B]
#5 7.804 Get:43 http://deb.debian.org/debian stable/main amd64 cpp-x86-64-linux-gnu amd64 4:14.2.0-1 [4840 B]
#5 7.804 Get:44 http://deb.debian.org/debian stable/main amd64 cpp amd64 4:14.2.0-1 [1568 B]
#5 7.804 Get:45 http://deb.debian.org/debian stable/main amd64 libcc1-0 amd64 14.2.0-19 [42.8 kB]
#5 7.805 Get:46 http://deb.debian.org/debian stable/main amd64 libgomp1 amd64 14.2.0-19 [137 kB]
#5 7.808 Get:47 http://deb.debian.org/debian stable/main amd64 libitm1 amd64 14.2.0-19 [26.0 kB]
#5 7.808 Get:48 http://deb.debian.org/debian stable/main amd64 libatomic1 amd64 14.2.0-19 [9308 B]
#5 7.809 Get:49 http://deb.debian.org/debian stable/main amd64 libasan8 amd64 14.2.0-19 [2725 kB]
#5 7.850 Get:50 http://deb.debian.org/debian stable/main amd64 liblsan0 amd64 14.2.0-19 [1204 kB]
#5 7.869 Get:51 http://deb.debian.org/debian stable/main amd64 libtsan2 amd64 14.2.0-19 [2460 kB]
#5 7.905 Get:52 http://deb.debian.org/debian stable/main amd64 libubsan1 amd64 14.2.0-19 [1074 kB]
#5 7.920 Get:53 http://deb.debian.org/debian stable/main amd64 libhwasan0 amd64 14.2.0-19 [1488 kB]
#5 7.941 Get:54 http://deb.debian.org/debian stable/main amd64 libquadmath0 amd64 14.2.0-19 [145 kB]
#5 7.943 Get:55 http://deb.debian.org/debian stable/main amd64 libgcc-14-dev amd64 14.2.0-19 [2672 kB]
#5 7.974 Get:56 http://deb.debian.org/debian stable/main amd64 gcc-14-x86-64-linux-gnu amd64 14.2.0-19 [21.4 MB]
#5 8.280 Get:57 http://deb.debian.org/debian stable/main amd64 gcc-14 amd64 14.2.0-19 [540 kB]
#5 8.289 Get:58 http://deb.debian.org/debian stable/main amd64 gcc-x86-64-linux-gnu amd64 4:14.2.0-1 [1436 B]
#5 8.289 Get:59 http://deb.debian.org/debian stable/main amd64 gcc amd64 4:14.2.0-1 [5136 B]
#5 8.290 Get:60 http://deb.debian.org/debian stable/main amd64 libstdc++-14-dev amd64 14.2.0-19 [2376 kB]
#5 8.329 Get:61 http://deb.debian.org/debian stable/main amd64 g++-14-x86-64-linux-gnu amd64 14.2.0-19 [12.1 MB]
#5 8.525 Get:62 http://deb.debian.org/debian stable/main amd64 g++-14 amd64 14.2.0-19 [22.5 kB]
#5 8.525 Get:63 http://deb.debian.org/debian stable/main amd64 g++-x86-64-linux-gnu amd64 4:14.2.0-1 [1200 B]
#5 8.526 Get:64 http://deb.debian.org/debian stable/main amd64 g++ amd64 4:14.2.0-1 [1344 B]
#5 8.526 Get:65 http://deb.debian.org/debian stable/main amd64 make amd64 4.4.1-2 [463 kB]
#5 8.533 Get:66 http://deb.debian.org/debian stable/main amd64 libdpkg-perl all 1.22.21 [650 kB]
#5 8.542 Get:67 http://deb.debian.org/debian stable/main amd64 patch amd64 2.8-2 [134 kB]
#5 8.544 Get:68 http://deb.debian.org/debian stable/main amd64 dpkg-dev all 1.22.21 [1338 kB]
#5 8.563 Get:69 http://deb.debian.org/debian stable/main amd64 build-essential amd64 12.12 [4624 B]
#5 8.563 Get:70 http://deb.debian.org/debian stable/main amd64 libbrotli1 amd64 1.1.0-2+b7 [307 kB]
#5 8.570 Get:71 http://deb.debian.org/debian stable/main amd64 libkrb5support0 amd64 1.21.3-5 [33.0 kB]
#5 8.571 Get:72 http://deb.debian.org/debian stable/main amd64 libcom-err2 amd64 1.47.2-3+b7 [25.0 kB]
#5 8.572 Get:73 http://deb.debian.org/debian stable/main amd64 libk5crypto3 amd64 1.21.3-5 [81.5 kB]
#5 8.572 Get:74 http://deb.debian.org/debian stable/main amd64 libkeyutils1 amd64 1.6.3-6 [9456 B]
#5 8.576 Get:75 http://deb.debian.org/debian stable/main amd64 libkrb5-3 amd64 1.21.3-5 [326 kB]
#5 8.578 Get:76 http://deb.debian.org/debian stable/main amd64 libgssapi-krb5-2 amd64 1.21.3-5 [138 kB]
#5 8.581 Get:77 http://deb.debian.org/debian stable/main amd64 libsasl2-modules-db amd64 2.1.28+dfsg1-9 [19.8 kB]
#5 8.581 Get:78 http://deb.debian.org/debian stable/main amd64 libsasl2-2 amd64 2.1.28+dfsg1-9 [57.5 kB]
#5 8.593 Get:79 http://deb.debian.org/debian stable/main amd64 libldap2 amd64 2.6.10+dfsg-1 [194 kB]
#5 8.598 Get:80 http://deb.debian.org/debian stable/main amd64 libnghttp2-14 amd64 1.64.0-1.1 [76.0 kB]
#5 8.599 Get:81 http://deb.debian.org/debian stable/main amd64 libnghttp3-9 amd64 1.8.0-1 [67.7 kB]
#5 8.601 Get:82 http://deb.debian.org/debian stable/main amd64 librtmp1 amd64 2.4+20151223.gitfa8646d.1-2+b5 [58.8 kB]
#5 8.602 Get:83 http://deb.debian.org/debian stable/main amd64 libssh2-1t64 amd64 1.11.1-1 [245 kB]
#5 8.607 Get:84 http://deb.debian.org/debian stable/main amd64 libcurl4t64 amd64 8.14.1-2+deb13u2 [391 kB]
#5 8.613 Get:85 http://deb.debian.org/debian stable/main amd64 curl amd64 8.14.1-2+deb13u2 [270 kB]
#5 8.617 Get:86 http://deb.debian.org/debian stable/main amd64 libgpg-error0 amd64 1.51-4 [82.1 kB]
#5 8.619 Get:87 http://deb.debian.org/debian stable/main amd64 libassuan9 amd64 3.0.2-2 [61.5 kB]
#5 8.621 Get:88 http://deb.debian.org/debian stable/main amd64 libgcrypt20 amd64 1.11.0-7 [843 kB]
#5 8.636 Get:89 http://deb.debian.org/debian stable/main amd64 libreadline8t64 amd64 8.2-6 [169 kB]
#5 8.638 Get:90 http://deb.debian.org/debian stable/main amd64 gpgconf amd64 2.4.7-21+deb13u1+b1 [129 kB]
#5 8.640 Get:91 http://deb.debian.org/debian stable/main amd64 libksba8 amd64 1.6.7-2+b1 [136 kB]
#5 8.644 Get:92 http://deb.debian.org/debian stable/main amd64 libnpth0t64 amd64 1.8-3 [23.2 kB]
#5 8.644 Get:93 http://deb.debian.org/debian stable/main amd64 dirmngr amd64 2.4.7-21+deb13u1+b1 [384 kB]
#5 8.650 Get:94 http://deb.debian.org/debian stable/main amd64 libngtcp2-16 amd64 1.11.0-1 [131 kB]
#5 8.652 Get:95 http://deb.debian.org/debian stable/main amd64 libngtcp2-crypto-gnutls8 amd64 1.11.0-1 [29.3 kB]
#5 8.652 Get:96 http://deb.debian.org/debian stable/main amd64 libcurl3t64-gnutls amd64 8.14.1-2+deb13u2 [383 kB]
#5 8.661 Get:97 http://deb.debian.org/debian stable/main amd64 liberror-perl all 0.17030-1 [26.9 kB]
#5 8.662 Get:98 http://deb.debian.org/debian stable/main amd64 git-man all 1:2.47.3-0+deb13u1 [2205 kB]
#5 8.706 Get:99 http://deb.debian.org/debian stable/main amd64 git amd64 1:2.47.3-0+deb13u1 [8862 kB]
#5 8.850 Get:100 http://deb.debian.org/debian stable/main amd64 gnupg-l10n all 2.4.7-21+deb13u1 [749 kB]
#5 8.860 Get:101 http://deb.debian.org/debian stable/main amd64 gpg amd64 2.4.7-21+deb13u1+b1 [634 kB]
#5 8.869 Get:102 http://deb.debian.org/debian stable/main amd64 libncursesw6 amd64 6.5+20250216-2 [135 kB]
#5 8.871 Get:103 http://deb.debian.org/debian stable/main amd64 pinentry-curses amd64 1.3.1-2 [86.4 kB]
#5 8.873 Get:104 http://deb.debian.org/debian stable/main amd64 gpg-agent amd64 2.4.7-21+deb13u1+b1 [271 kB]
#5 8.877 Get:105 http://deb.debian.org/debian stable/main amd64 gpgsm amd64 2.4.7-21+deb13u1+b1 [275 kB]
#5 8.881 Get:106 http://deb.debian.org/debian stable/main amd64 gnupg all 2.4.7-21+deb13u1 [417 kB]
#5 8.888 Get:107 http://deb.debian.org/debian stable/main amd64 libgmpxx4ldbl amd64 2:6.3.0+dfsg-3 [329 kB]
#5 8.896 Get:108 http://deb.debian.org/debian stable/main amd64 libgmp-dev amd64 2:6.3.0+dfsg-3 [642 kB]
#5 8.906 Get:109 http://deb.debian.org/debian stable/main amd64 libgpm2 amd64 1.20.7-11+b2 [14.4 kB]
#5 8.907 Get:110 http://deb.debian.org/debian stable/main amd64 rubygems-integration all 1.19 [5488 B]
#5 8.907 Get:111 http://deb.debian.org/debian stable/main amd64 ruby3.3 amd64 3.3.8-2 [834 kB]
#5 8.917 Get:112 http://deb.debian.org/debian stable/main amd64 ruby-rubygems all 3.6.7-2 [407 kB]
#5 8.920 Get:113 http://deb.debian.org/debian stable/main amd64 ruby amd64 1:3.3+b1 [6560 B]
#5 8.921 Get:114 http://deb.debian.org/debian stable/main amd64 rake all 13.2.1-1 [65.2 kB]
#5 8.926 Get:115 http://deb.debian.org/debian stable/main amd64 ruby-csv all 3.3.4-1 [42.2 kB]
#5 8.927 Get:116 http://deb.debian.org/debian stable/main amd64 ruby-did-you-mean all 1.6.3-2 [20.9 kB]
#5 8.927 Get:117 http://deb.debian.org/debian stable/main amd64 ruby-net-telnet all 0.2.0-1 [13.1 kB]
#5 8.927 Get:118 http://deb.debian.org/debian stable/main amd64 ruby-ruby2-keywords all 0.0.5-1 [4300 B]
#5 8.928 Get:119 http://deb.debian.org/debian stable/main amd64 ruby-webrick all 1.9.1-1 [59.6 kB]
#5 8.929 Get:120 http://deb.debian.org/debian stable/main amd64 ruby-xmlrpc all 0.3.3-2 [24.4 kB]
#5 8.941 Get:121 http://deb.debian.org/debian stable/main amd64 libyaml-0-2 amd64 0.2.5-2 [52.5 kB]
#5 8.942 Get:122 http://deb.debian.org/debian stable/main amd64 libruby3.3 amd64 3.3.8-2 [6301 kB]
#5 9.006 Get:123 http://deb.debian.org/debian stable/main amd64 libruby amd64 1:3.3+b1 [5440 B]
#5 9.007 Get:124 http://deb.debian.org/debian-security stable-security/main amd64 libsodium23 amd64 1.0.18-1+deb13u1 [165 kB]
#5 9.010 Get:125 http://deb.debian.org/debian stable/main amd64 ripgrep amd64 14.1.1-1+b4 [1434 kB]
#5 9.024 Get:126 http://deb.debian.org/debian stable/main amd64 ruby3.3-dev amd64 3.3.8-2 [1045 kB]
#5 9.035 Get:127 http://deb.debian.org/debian stable/main amd64 ruby-dev amd64 1:3.3+b1 [5576 B]
#5 9.035 Get:128 http://deb.debian.org/debian stable/main amd64 unzip amd64 6.0-29 [173 kB]
#5 9.038 Get:129 http://deb.debian.org/debian stable/main amd64 vim-runtime all 2:9.1.1230-2 [7127 kB]
#5 9.142 Get:130 http://deb.debian.org/debian stable/main amd64 vim amd64 2:9.1.1230-2 [1670 kB]
#5 9.527 debconf: unable to initialize frontend: Dialog
#5 9.527 debconf: (TERM is not set, so the dialog frontend is not usable.)
#5 9.527 debconf: falling back to frontend: Readline
#5 9.528 debconf: unable to initialize frontend: Readline
#5 9.528 debconf: (Can't locate Term/ReadLine.pm in @INC (you may need to install the Term::ReadLine module) (@INC entries checked: /etc/perl /usr/local/lib/x86_64-linux-gnu/perl/5.40.1 /usr/local/share/perl/5.40.1 /usr/lib/x86_64-linux-gnu/perl5/5.40 /usr/share/perl5 /usr/lib/x86_64-linux-gnu/perl-base /usr/lib/x86_64-linux-gnu/perl/5.40 /usr/share/perl/5.40 /usr/local/lib/site_perl) at /usr/share/perl5/Debconf/FrontEnd/Readline.pm line 8, <STDIN> line 130.)
#5 9.528 debconf: falling back to frontend: Teletype
#5 9.537 debconf: unable to initialize frontend: Teletype
#5 9.537 debconf: (This frontend requires a controlling tty.)
#5 9.537 debconf: falling back to frontend: Noninteractive
#5 15.27 Preconfiguring packages ...
#5 15.38 Fetched 132 MB in 2s (65.1 MB/s)
#5 15.40 Selecting previously unselected package libexpat1:amd64.
#5 15.40 (Reading database ... (Reading database ... 5%(Reading database ... 10%(Reading database ... 15%(Reading database ... 20%(Reading database ... 25%(Reading database ... 30%(Reading database ... 35%(Reading database ... 40%(Reading database ... 45%(Reading database ... 50%(Reading database ... 55%(Reading database ... 60%(Reading database ... 65%(Reading database ... 70%(Reading database ... 75%(Reading database ... 80%(Reading database ... 85%(Reading database ... 90%(Reading database ... 95%(Reading database ... 100%(Reading database ... 4936 files and directories currently installed.)
#5 15.41 Preparing to unpack .../libexpat1_2.7.1-2_amd64.deb ...
#5 15.41 Unpacking libexpat1:amd64 (2.7.1-2) ...
#5 15.45 Selecting previously unselected package adduser.
#5 15.45 Preparing to unpack .../archives/adduser_3.152_all.deb ...
#5 15.45 Unpacking adduser (3.152) ...
#5 15.49 Setting up adduser (3.152) ...
#5 15.52 Selecting previously unselected package readline-common.
#5 15.52 (Reading database ... (Reading database ... 5%(Reading database ... 10%(Reading database ... 15%(Reading database ... 20%(Reading database ... 25%(Reading database ... 30%(Reading database ... 35%(Reading database ... 40%(Reading database ... 45%(Reading database ... 50%(Reading database ... 55%(Reading database ... 60%(Reading database ... 65%(Reading database ... 70%(Reading database ... 75%(Reading database ... 80%(Reading database ... 85%(Reading database ... 90%(Reading database ... 95%(Reading database ... 100%(Reading database ... 5030 files and directories currently installed.)
#5 15.53 Preparing to unpack .../000-readline-common_8.2-6_all.deb ...
#5 15.53 Unpacking readline-common (8.2-6) ...
#5 15.56 Selecting previously unselected package vim-common.
#5 15.56 Preparing to unpack .../001-vim-common_2%3a9.1.1230-2_all.deb ...
#5 15.56 Unpacking vim-common (2:9.1.1230-2) ...
#5 15.61 Selecting previously unselected package bzip2.
#5 15.62 Preparing to unpack .../002-bzip2_1.0.8-6_amd64.deb ...
#5 15.62 Unpacking bzip2 (1.0.8-6) ...
#5 15.65 Selecting previously unselected package openssl.
#5 15.65 Preparing to unpack .../003-openssl_3.5.4-1~deb13u1_amd64.deb ...
#5 15.65 Unpacking openssl (3.5.4-1~deb13u1) ...
#5 15.74 Selecting previously unselected package ca-certificates.
#5 15.74 Preparing to unpack .../004-ca-certificates_20250419_all.deb ...
#5 15.75 Unpacking ca-certificates (20250419) ...
#5 15.80 Selecting previously unselected package libc-l10n.
#5 15.80 Preparing to unpack .../005-libc-l10n_2.41-12+deb13u1_all.deb ...
#5 15.80 Unpacking libc-l10n (2.41-12+deb13u1) ...
#5 15.89 Selecting previously unselected package locales.
#5 15.90 Preparing to unpack .../006-locales_2.41-12+deb13u1_all.deb ...
#5 15.90 Unpacking locales (2.41-12+deb13u1) ...
#5 16.23 Selecting previously unselected package perl-modules-5.40.
#5 16.24 Preparing to unpack .../007-perl-modules-5.40_5.40.1-6_all.deb ...
#5 16.24 Unpacking perl-modules-5.40 (5.40.1-6) ...
#5 16.60 Selecting previously unselected package libgdbm6t64:amd64.
#5 16.60 Preparing to unpack .../008-libgdbm6t64_1.24-2_amd64.deb ...
#5 16.60 Unpacking libgdbm6t64:amd64 (1.24-2) ...
#5 16.63 Selecting previously unselected package libgdbm-compat4t64:amd64.
#5 16.63 Preparing to unpack .../009-libgdbm-compat4t64_1.24-2_amd64.deb ...
#5 16.63 Unpacking libgdbm-compat4t64:amd64 (1.24-2) ...
#5 16.66 Selecting previously unselected package libperl5.40:amd64.
#5 16.66 Preparing to unpack .../010-libperl5.40_5.40.1-6_amd64.deb ...
#5 16.67 Unpacking libperl5.40:amd64 (5.40.1-6) ...
#5 17.07 Selecting previously unselected package perl.
#5 17.07 Preparing to unpack .../011-perl_5.40.1-6_amd64.deb ...
#5 17.07 Unpacking perl (5.40.1-6) ...
#5 17.11 Selecting previously unselected package libunistring5:amd64.
#5 17.11 Preparing to unpack .../012-libunistring5_1.3-2_amd64.deb ...
#5 17.12 Unpacking libunistring5:amd64 (1.3-2) ...
#5 17.18 Selecting previously unselected package libidn2-0:amd64.
#5 17.18 Preparing to unpack .../013-libidn2-0_2.3.8-2_amd64.deb ...
#5 17.18 Unpacking libidn2-0:amd64 (2.3.8-2) ...
#5 17.22 Selecting previously unselected package libffi8:amd64.
#5 17.22 Preparing to unpack .../014-libffi8_3.4.8-2_amd64.deb ...
#5 17.22 Unpacking libffi8:amd64 (3.4.8-2) ...
#5 17.25 Selecting previously unselected package libp11-kit0:amd64.
#5 17.25 Preparing to unpack .../015-libp11-kit0_0.25.5-3_amd64.deb ...
#5 17.25 Unpacking libp11-kit0:amd64 (0.25.5-3) ...
#5 17.31 Selecting previously unselected package libtasn1-6:amd64.
#5 17.31 Preparing to unpack .../016-libtasn1-6_4.20.0-2_amd64.deb ...
#5 17.31 Unpacking libtasn1-6:amd64 (4.20.0-2) ...
#5 17.34 Selecting previously unselected package libgnutls30t64:amd64.
#5 17.35 Preparing to unpack .../017-libgnutls30t64_3.8.9-3+deb13u1_amd64.deb ...
#5 17.35 Unpacking libgnutls30t64:amd64 (3.8.9-3+deb13u1) ...
#5 17.44 Selecting previously unselected package libpsl5t64:amd64.
#5 17.44 Preparing to unpack .../018-libpsl5t64_0.21.2-1.1+b1_amd64.deb ...
#5 17.45 Unpacking libpsl5t64:amd64 (0.21.2-1.1+b1) ...
#5 17.47 Selecting previously unselected package wget.
#5 17.47 Preparing to unpack .../019-wget_1.25.0-2_amd64.deb ...
#5 17.48 Unpacking wget (1.25.0-2) ...
#5 17.55 Selecting previously unselected package xz-utils.
#5 17.55 Preparing to unpack .../020-xz-utils_5.8.1-1_amd64.deb ...
#5 17.56 Unpacking xz-utils (5.8.1-1) ...
#5 17.61 Selecting previously unselected package libsframe1:amd64.
#5 17.61 Preparing to unpack .../021-libsframe1_2.44-3_amd64.deb ...
#5 17.62 Unpacking libsframe1:amd64 (2.44-3) ...
#5 17.65 Selecting previously unselected package binutils-common:amd64.
#5 17.65 Preparing to unpack .../022-binutils-common_2.44-3_amd64.deb ...
#5 17.65 Unpacking binutils-common:amd64 (2.44-3) ...
#5 17.84 Selecting previously unselected package libbinutils:amd64.
#5 17.85 Preparing to unpack .../023-libbinutils_2.44-3_amd64.deb ...
#5 17.85 Unpacking libbinutils:amd64 (2.44-3) ...
#5 17.91 Selecting previously unselected package libgprofng0:amd64.
#5 17.91 Preparing to unpack .../024-libgprofng0_2.44-3_amd64.deb ...
#5 17.92 Unpacking libgprofng0:amd64 (2.44-3) ...
#5 18.01 Selecting previously unselected package libctf-nobfd0:amd64.
#5 18.01 Preparing to unpack .../025-libctf-nobfd0_2.44-3_amd64.deb ...
#5 18.02 Unpacking libctf-nobfd0:amd64 (2.44-3) ...
#5 18.05 Selecting previously unselected package libctf0:amd64.
#5 18.06 Preparing to unpack .../026-libctf0_2.44-3_amd64.deb ...
#5 18.06 Unpacking libctf0:amd64 (2.44-3) ...
#5 18.09 Selecting previously unselected package libjansson4:amd64.
#5 18.10 Preparing to unpack .../027-libjansson4_2.14-2+b3_amd64.deb ...
#5 18.10 Unpacking libjansson4:amd64 (2.14-2+b3) ...
#5 18.13 Selecting previously unselected package binutils-x86-64-linux-gnu.
#5 18.13 Preparing to unpack .../028-binutils-x86-64-linux-gnu_2.44-3_amd64.deb ...
#5 18.13 Unpacking binutils-x86-64-linux-gnu (2.44-3) ...
#5 18.25 Selecting previously unselected package binutils.
#5 18.26 Preparing to unpack .../029-binutils_2.44-3_amd64.deb ...
#5 18.26 Unpacking binutils (2.44-3) ...
#5 18.30 Selecting previously unselected package libc-dev-bin.
#5 18.30 Preparing to unpack .../030-libc-dev-bin_2.41-12+deb13u1_amd64.deb ...
#5 18.30 Unpacking libc-dev-bin (2.41-12+deb13u1) ...
#5 18.33 Selecting previously unselected package linux-libc-dev.
#5 18.33 Preparing to unpack .../031-linux-libc-dev_6.12.63-1_all.deb ...
#5 18.33 Unpacking linux-libc-dev (6.12.63-1) ...
#5 18.68 Selecting previously unselected package libcrypt-dev:amd64.
#5 18.68 Preparing to unpack .../032-libcrypt-dev_1%3a4.4.38-1_amd64.deb ...
#5 18.69 Unpacking libcrypt-dev:amd64 (1:4.4.38-1) ...
#5 18.72 Selecting previously unselected package rpcsvc-proto.
#5 18.73 Preparing to unpack .../033-rpcsvc-proto_1.4.3-1_amd64.deb ...
#5 18.73 Unpacking rpcsvc-proto (1.4.3-1) ...
#5 18.76 Selecting previously unselected package libc6-dev:amd64.
#5 18.76 Preparing to unpack .../034-libc6-dev_2.41-12+deb13u1_amd64.deb ...
#5 18.76 Unpacking libc6-dev:amd64 (2.41-12+deb13u1) ...
#5 19.01 Selecting previously unselected package libisl23:amd64.
#5 19.01 Preparing to unpack .../035-libisl23_0.27-1_amd64.deb ...
#5 19.01 Unpacking libisl23:amd64 (0.27-1) ...
#5 19.08 Selecting previously unselected package libmpfr6:amd64.
#5 19.08 Preparing to unpack .../036-libmpfr6_4.2.2-1_amd64.deb ...
#5 19.08 Unpacking libmpfr6:amd64 (4.2.2-1) ...
#5 19.13 Selecting previously unselected package libmpc3:amd64.
#5 19.14 Preparing to unpack .../037-libmpc3_1.3.1-1+b3_amd64.deb ...
#5 19.14 Unpacking libmpc3:amd64 (1.3.1-1+b3) ...
#5 19.16 Selecting previously unselected package cpp-14-x86-64-linux-gnu.
#5 19.17 Preparing to unpack .../038-cpp-14-x86-64-linux-gnu_14.2.0-19_amd64.deb ...
#5 19.17 Unpacking cpp-14-x86-64-linux-gnu (14.2.0-19) ...
#5 20.03 Selecting previously unselected package cpp-14.
#5 20.03 Preparing to unpack .../039-cpp-14_14.2.0-19_amd64.deb ...
#5 20.04 Unpacking cpp-14 (14.2.0-19) ...
#5 20.06 Selecting previously unselected package cpp-x86-64-linux-gnu.
#5 20.07 Preparing to unpack .../040-cpp-x86-64-linux-gnu_4%3a14.2.0-1_amd64.deb ...
#5 20.07 Unpacking cpp-x86-64-linux-gnu (4:14.2.0-1) ...
#5 20.10 Selecting previously unselected package cpp.
#5 20.10 Preparing to unpack .../041-cpp_4%3a14.2.0-1_amd64.deb ...
#5 20.11 Unpacking cpp (4:14.2.0-1) ...
#5 20.13 Selecting previously unselected package libcc1-0:amd64.
#5 20.14 Preparing to unpack .../042-libcc1-0_14.2.0-19_amd64.deb ...
#5 20.14 Unpacking libcc1-0:amd64 (14.2.0-19) ...
#5 20.17 Selecting previously unselected package libgomp1:amd64.
#5 20.17 Preparing to unpack .../043-libgomp1_14.2.0-19_amd64.deb ...
#5 20.17 Unpacking libgomp1:amd64 (14.2.0-19) ...
#5 20.21 Selecting previously unselected package libitm1:amd64.
#5 20.21 Preparing to unpack .../044-libitm1_14.2.0-19_amd64.deb ...
#5 20.21 Unpacking libitm1:amd64 (14.2.0-19) ...
#5 20.24 Selecting previously unselected package libatomic1:amd64.
#5 20.24 Preparing to unpack .../045-libatomic1_14.2.0-19_amd64.deb ...
#5 20.25 Unpacking libatomic1:amd64 (14.2.0-19) ...
#5 20.27 Selecting previously unselected package libasan8:amd64.
#5 20.28 Preparing to unpack .../046-libasan8_14.2.0-19_amd64.deb ...
#5 20.28 Unpacking libasan8:amd64 (14.2.0-19) ...
#5 20.50 Selecting previously unselected package liblsan0:amd64.
#5 20.50 Preparing to unpack .../047-liblsan0_14.2.0-19_amd64.deb ...
#5 20.51 Unpacking liblsan0:amd64 (14.2.0-19) ...
#5 20.62 Selecting previously unselected package libtsan2:amd64.
#5 20.62 Preparing to unpack .../048-libtsan2_14.2.0-19_amd64.deb ...
#5 20.62 Unpacking libtsan2:amd64 (14.2.0-19) ...
#5 20.83 Selecting previously unselected package libubsan1:amd64.
#5 20.83 Preparing to unpack .../049-libubsan1_14.2.0-19_amd64.deb ...
#5 20.83 Unpacking libubsan1:amd64 (14.2.0-19) ...
#5 20.93 Selecting previously unselected package libhwasan0:amd64.
#5 20.93 Preparing to unpack .../050-libhwasan0_14.2.0-19_amd64.deb ...
#5 20.94 Unpacking libhwasan0:amd64 (14.2.0-19) ...
#5 21.08 Selecting previously unselected package libquadmath0:amd64.
#5 21.08 Preparing to unpack .../051-libquadmath0_14.2.0-19_amd64.deb ...
#5 21.08 Unpacking libquadmath0:amd64 (14.2.0-19) ...
#5 21.12 Selecting previously unselected package libgcc-14-dev:amd64.
#5 21.12 Preparing to unpack .../052-libgcc-14-dev_14.2.0-19_amd64.deb ...
#5 21.12 Unpacking libgcc-14-dev:amd64 (14.2.0-19) ...
#5 21.50 Selecting previously unselected package gcc-14-x86-64-linux-gnu.
#5 21.50 Preparing to unpack .../053-gcc-14-x86-64-linux-gnu_14.2.0-19_amd64.deb ...
#5 21.50 Unpacking gcc-14-x86-64-linux-gnu (14.2.0-19) ...
#5 22.68 Selecting previously unselected package gcc-14.
#5 22.68 Preparing to unpack .../054-gcc-14_14.2.0-19_amd64.deb ...
#5 22.68 Unpacking gcc-14 (14.2.0-19) ...
#5 22.72 Selecting previously unselected package gcc-x86-64-linux-gnu.
#5 22.72 Preparing to unpack .../055-gcc-x86-64-linux-gnu_4%3a14.2.0-1_amd64.deb ...
#5 22.73 Unpacking gcc-x86-64-linux-gnu (4:14.2.0-1) ...
#5 22.75 Selecting previously unselected package gcc.
#5 22.75 Preparing to unpack .../056-gcc_4%3a14.2.0-1_amd64.deb ...
#5 22.75 Unpacking gcc (4:14.2.0-1) ...
#5 22.78 Selecting previously unselected package libstdc++-14-dev:amd64.
#5 22.78 Preparing to unpack .../057-libstdc++-14-dev_14.2.0-19_amd64.deb ...
#5 22.79 Unpacking libstdc++-14-dev:amd64 (14.2.0-19) ...
#5 23.20 Selecting previously unselected package g++-14-x86-64-linux-gnu.
#5 23.20 Preparing to unpack .../058-g++-14-x86-64-linux-gnu_14.2.0-19_amd64.deb ...
#5 23.20 Unpacking g++-14-x86-64-linux-gnu (14.2.0-19) ...
#5 24.07 Selecting previously unselected package g++-14.
#5 24.07 Preparing to unpack .../059-g++-14_14.2.0-19_amd64.deb ...
#5 24.07 Unpacking g++-14 (14.2.0-19) ...
#5 24.10 Selecting previously unselected package g++-x86-64-linux-gnu.
#5 24.10 Preparing to unpack .../060-g++-x86-64-linux-gnu_4%3a14.2.0-1_amd64.deb ...
#5 24.10 Unpacking g++-x86-64-linux-gnu (4:14.2.0-1) ...
#5 24.13 Selecting previously unselected package g++.
#5 24.13 Preparing to unpack .../061-g++_4%3a14.2.0-1_amd64.deb ...
#5 24.13 Unpacking g++ (4:14.2.0-1) ...
#5 24.16 Selecting previously unselected package make.
#5 24.16 Preparing to unpack .../062-make_4.4.1-2_amd64.deb ...
#5 24.16 Unpacking make (4.4.1-2) ...
#5 24.21 Selecting previously unselected package libdpkg-perl.
#5 24.21 Preparing to unpack .../063-libdpkg-perl_1.22.21_all.deb ...
#5 24.21 Unpacking libdpkg-perl (1.22.21) ...
#5 24.30 Selecting previously unselected package patch.
#5 24.30 Preparing to unpack .../064-patch_2.8-2_amd64.deb ...
#5 24.31 Unpacking patch (2.8-2) ...
#5 24.34 Selecting previously unselected package dpkg-dev.
#5 24.34 Preparing to unpack .../065-dpkg-dev_1.22.21_all.deb ...
#5 24.34 Unpacking dpkg-dev (1.22.21) ...
#5 24.43 Selecting previously unselected package build-essential.
#5 24.43 Preparing to unpack .../066-build-essential_12.12_amd64.deb ...
#5 24.43 Unpacking build-essential (12.12) ...
#5 24.46 Selecting previously unselected package libbrotli1:amd64.
#5 24.46 Preparing to unpack .../067-libbrotli1_1.1.0-2+b7_amd64.deb ...
#5 24.46 Unpacking libbrotli1:amd64 (1.1.0-2+b7) ...
#5 24.50 Selecting previously unselected package libkrb5support0:amd64.
#5 24.51 Preparing to unpack .../068-libkrb5support0_1.21.3-5_amd64.deb ...
#5 24.51 Unpacking libkrb5support0:amd64 (1.21.3-5) ...
#5 24.54 Selecting previously unselected package libcom-err2:amd64.
#5 24.54 Preparing to unpack .../069-libcom-err2_1.47.2-3+b7_amd64.deb ...
#5 24.55 Unpacking libcom-err2:amd64 (1.47.2-3+b7) ...
#5 24.57 Selecting previously unselected package libk5crypto3:amd64.
#5 24.57 Preparing to unpack .../070-libk5crypto3_1.21.3-5_amd64.deb ...
#5 24.58 Unpacking libk5crypto3:amd64 (1.21.3-5) ...
#5 24.61 Selecting previously unselected package libkeyutils1:amd64.
#5 24.61 Preparing to unpack .../071-libkeyutils1_1.6.3-6_amd64.deb ...
#5 24.61 Unpacking libkeyutils1:amd64 (1.6.3-6) ...
#5 24.64 Selecting previously unselected package libkrb5-3:amd64.
#5 24.64 Preparing to unpack .../072-libkrb5-3_1.21.3-5_amd64.deb ...
#5 24.64 Unpacking libkrb5-3:amd64 (1.21.3-5) ...
#5 24.70 Selecting previously unselected package libgssapi-krb5-2:amd64.
#5 24.70 Preparing to unpack .../073-libgssapi-krb5-2_1.21.3-5_amd64.deb ...
#5 24.70 Unpacking libgssapi-krb5-2:amd64 (1.21.3-5) ...
#5 24.74 Selecting previously unselected package libsasl2-modules-db:amd64.
#5 24.74 Preparing to unpack .../074-libsasl2-modules-db_2.1.28+dfsg1-9_amd64.deb ...
#5 24.75 Unpacking libsasl2-modules-db:amd64 (2.1.28+dfsg1-9) ...
#5 24.77 Selecting previously unselected package libsasl2-2:amd64.
#5 24.78 Preparing to unpack .../075-libsasl2-2_2.1.28+dfsg1-9_amd64.deb ...
#5 24.78 Unpacking libsasl2-2:amd64 (2.1.28+dfsg1-9) ...
#5 24.81 Selecting previously unselected package libldap2:amd64.
#5 24.81 Preparing to unpack .../076-libldap2_2.6.10+dfsg-1_amd64.deb ...
#5 24.81 Unpacking libldap2:amd64 (2.6.10+dfsg-1) ...
#5 24.85 Selecting previously unselected package libnghttp2-14:amd64.
#5 24.85 Preparing to unpack .../077-libnghttp2-14_1.64.0-1.1_amd64.deb ...
#5 24.85 Unpacking libnghttp2-14:amd64 (1.64.0-1.1) ...
#5 24.89 Selecting previously unselected package libnghttp3-9:amd64.
#5 24.89 Preparing to unpack .../078-libnghttp3-9_1.8.0-1_amd64.deb ...
#5 24.89 Unpacking libnghttp3-9:amd64 (1.8.0-1) ...
#5 24.92 Selecting previously unselected package librtmp1:amd64.
#5 24.93 Preparing to unpack .../079-librtmp1_2.4+20151223.gitfa8646d.1-2+b5_amd64.deb ...
#5 24.93 Unpacking librtmp1:amd64 (2.4+20151223.gitfa8646d.1-2+b5) ...
#5 24.96 Selecting previously unselected package libssh2-1t64:amd64.
#5 24.96 Preparing to unpack .../080-libssh2-1t64_1.11.1-1_amd64.deb ...
#5 24.97 Unpacking libssh2-1t64:amd64 (1.11.1-1) ...
#5 25.00 Selecting previously unselected package libcurl4t64:amd64.
#5 25.01 Preparing to unpack .../081-libcurl4t64_8.14.1-2+deb13u2_amd64.deb ...
#5 25.01 Unpacking libcurl4t64:amd64 (8.14.1-2+deb13u2) ...
#5 25.06 Selecting previously unselected package curl.
#5 25.06 Preparing to unpack .../082-curl_8.14.1-2+deb13u2_amd64.deb ...
#5 25.06 Unpacking curl (8.14.1-2+deb13u2) ...
#5 25.10 Selecting previously unselected package libgpg-error0:amd64.
#5 25.10 Preparing to unpack .../083-libgpg-error0_1.51-4_amd64.deb ...
#5 25.11 Unpacking libgpg-error0:amd64 (1.51-4) ...
#5 25.15 Selecting previously unselected package libassuan9:amd64.
#5 25.15 Preparing to unpack .../084-libassuan9_3.0.2-2_amd64.deb ...
#5 25.15 Unpacking libassuan9:amd64 (3.0.2-2) ...
#5 25.18 Selecting previously unselected package libgcrypt20:amd64.
#5 25.18 Preparing to unpack .../085-libgcrypt20_1.11.0-7_amd64.deb ...
#5 25.18 Unpacking libgcrypt20:amd64 (1.11.0-7) ...
#5 25.25 Selecting previously unselected package libreadline8t64:amd64.
#5 25.26 Preparing to unpack .../086-libreadline8t64_8.2-6_amd64.deb ...
#5 25.26 Adding 'diversion of /lib/x86_64-linux-gnu/libhistory.so.8 to /lib/x86_64-linux-gnu/libhistory.so.8.usr-is-merged by libreadline8t64'
#5 25.27 Adding 'diversion of /lib/x86_64-linux-gnu/libhistory.so.8.2 to /lib/x86_64-linux-gnu/libhistory.so.8.2.usr-is-merged by libreadline8t64'
#5 25.28 Adding 'diversion of /lib/x86_64-linux-gnu/libreadline.so.8 to /lib/x86_64-linux-gnu/libreadline.so.8.usr-is-merged by libreadline8t64'
#5 25.29 Adding 'diversion of /lib/x86_64-linux-gnu/libreadline.so.8.2 to /lib/x86_64-linux-gnu/libreadline.so.8.2.usr-is-merged by libreadline8t64'
#5 25.29 Unpacking libreadline8t64:amd64 (8.2-6) ...
#5 25.33 Selecting previously unselected package gpgconf.
#5 25.33 Preparing to unpack .../087-gpgconf_2.4.7-21+deb13u1+b1_amd64.deb ...
#5 25.33 Unpacking gpgconf (2.4.7-21+deb13u1+b1) ...
#5 25.37 Selecting previously unselected package libksba8:amd64.
#5 25.37 Preparing to unpack .../088-libksba8_1.6.7-2+b1_amd64.deb ...
#5 25.37 Unpacking libksba8:amd64 (1.6.7-2+b1) ...
#5 25.41 Selecting previously unselected package libnpth0t64:amd64.
#5 25.41 Preparing to unpack .../089-libnpth0t64_1.8-3_amd64.deb ...
#5 25.41 Unpacking libnpth0t64:amd64 (1.8-3) ...
#5 25.44 Selecting previously unselected package dirmngr.
#5 25.44 Preparing to unpack .../090-dirmngr_2.4.7-21+deb13u1+b1_amd64.deb ...
#5 25.47 Unpacking dirmngr (2.4.7-21+deb13u1+b1) ...
#5 25.52 Selecting previously unselected package libngtcp2-16:amd64.
#5 25.52 Preparing to unpack .../091-libngtcp2-16_1.11.0-1_amd64.deb ...
#5 25.52 Unpacking libngtcp2-16:amd64 (1.11.0-1) ...
#5 25.56 Selecting previously unselected package libngtcp2-crypto-gnutls8:amd64.
#5 25.56 Preparing to unpack .../092-libngtcp2-crypto-gnutls8_1.11.0-1_amd64.deb ...
#5 25.56 Unpacking libngtcp2-crypto-gnutls8:amd64 (1.11.0-1) ...
#5 25.59 Selecting previously unselected package libcurl3t64-gnutls:amd64.
#5 25.59 Preparing to unpack .../093-libcurl3t64-gnutls_8.14.1-2+deb13u2_amd64.deb ...
#5 25.59 Unpacking libcurl3t64-gnutls:amd64 (8.14.1-2+deb13u2) ...
#5 25.64 Selecting previously unselected package liberror-perl.
#5 25.64 Preparing to unpack .../094-liberror-perl_0.17030-1_all.deb ...
#5 25.64 Unpacking liberror-perl (0.17030-1) ...
#5 25.67 Selecting previously unselected package git-man.
#5 25.67 Preparing to unpack .../095-git-man_1%3a2.47.3-0+deb13u1_all.deb ...
#5 25.67 Unpacking git-man (1:2.47.3-0+deb13u1) ...
#5 25.79 Selecting previously unselected package git.
#5 25.79 Preparing to unpack .../096-git_1%3a2.47.3-0+deb13u1_amd64.deb ...
#5 25.80 Unpacking git (1:2.47.3-0+deb13u1) ...
#5 26.42 Selecting previously unselected package gnupg-l10n.
#5 26.42 Preparing to unpack .../097-gnupg-l10n_2.4.7-21+deb13u1_all.deb ...
#5 26.42 Unpacking gnupg-l10n (2.4.7-21+deb13u1) ...
#5 26.50 Selecting previously unselected package gpg.
#5 26.51 Preparing to unpack .../098-gpg_2.4.7-21+deb13u1+b1_amd64.deb ...
#5 26.51 Unpacking gpg (2.4.7-21+deb13u1+b1) ...
#5 26.58 Selecting previously unselected package libncursesw6:amd64.
#5 26.58 Preparing to unpack .../099-libncursesw6_6.5+20250216-2_amd64.deb ...
#5 26.58 Unpacking libncursesw6:amd64 (6.5+20250216-2) ...
#5 26.62 Selecting previously unselected package pinentry-curses.
#5 26.63 Preparing to unpack .../100-pinentry-curses_1.3.1-2_amd64.deb ...
#5 26.63 Unpacking pinentry-curses (1.3.1-2) ...
#5 26.67 Selecting previously unselected package gpg-agent.
#5 26.67 Preparing to unpack .../101-gpg-agent_2.4.7-21+deb13u1+b1_amd64.deb ...
#5 26.67 Unpacking gpg-agent (2.4.7-21+deb13u1+b1) ...
#5 26.71 Selecting previously unselected package gpgsm.
#5 26.72 Preparing to unpack .../102-gpgsm_2.4.7-21+deb13u1+b1_amd64.deb ...
#5 26.72 Unpacking gpgsm (2.4.7-21+deb13u1+b1) ...
#5 26.76 Selecting previously unselected package gnupg.
#5 26.76 Preparing to unpack .../103-gnupg_2.4.7-21+deb13u1_all.deb ...
#5 26.76 Unpacking gnupg (2.4.7-21+deb13u1) ...
#5 26.81 Selecting previously unselected package libgmpxx4ldbl:amd64.
#5 26.81 Preparing to unpack .../104-libgmpxx4ldbl_2%3a6.3.0+dfsg-3_amd64.deb ...
#5 26.81 Unpacking libgmpxx4ldbl:amd64 (2:6.3.0+dfsg-3) ...
#5 26.85 Selecting previously unselected package libgmp-dev:amd64.
#5 26.85 Preparing to unpack .../105-libgmp-dev_2%3a6.3.0+dfsg-3_amd64.deb ...
#5 26.85 Unpacking libgmp-dev:amd64 (2:6.3.0+dfsg-3) ...
#5 26.91 Selecting previously unselected package libgpm2:amd64.
#5 26.91 Preparing to unpack .../106-libgpm2_1.20.7-11+b2_amd64.deb ...
#5 26.92 Unpacking libgpm2:amd64 (1.20.7-11+b2) ...
#5 26.96 Selecting previously unselected package rubygems-integration.
#5 26.96 Preparing to unpack .../107-rubygems-integration_1.19_all.deb ...
#5 26.97 Unpacking rubygems-integration (1.19) ...
#5 27.05 Selecting previously unselected package ruby3.3.
#5 27.05 Preparing to unpack .../108-ruby3.3_3.3.8-2_amd64.deb ...
#5 27.06 Unpacking ruby3.3 (3.3.8-2) ...
#5 27.13 Selecting previously unselected package ruby-rubygems.
#5 27.13 Preparing to unpack .../109-ruby-rubygems_3.6.7-2_all.deb ...
#5 27.13 Unpacking ruby-rubygems (3.6.7-2) ...
#5 27.30 Selecting previously unselected package ruby.
#5 27.30 Preparing to unpack .../110-ruby_1%3a3.3+b1_amd64.deb ...
#5 27.32 Unpacking ruby (1:3.3+b1) ...
#5 27.42 Selecting previously unselected package rake.
#5 27.42 Preparing to unpack .../111-rake_13.2.1-1_all.deb ...
#5 27.42 Unpacking rake (13.2.1-1) ...
#5 27.46 Selecting previously unselected package ruby-csv.
#5 27.46 Preparing to unpack .../112-ruby-csv_3.3.4-1_all.deb ...
#5 27.46 Unpacking ruby-csv (3.3.4-1) ...
#5 27.49 Selecting previously unselected package ruby-did-you-mean.
#5 27.49 Preparing to unpack .../113-ruby-did-you-mean_1.6.3-2_all.deb ...
#5 27.49 Unpacking ruby-did-you-mean (1.6.3-2) ...
#5 27.52 Selecting previously unselected package ruby-net-telnet.
#5 27.53 Preparing to unpack .../114-ruby-net-telnet_0.2.0-1_all.deb ...
#5 27.53 Unpacking ruby-net-telnet (0.2.0-1) ...
#5 27.55 Selecting previously unselected package ruby-ruby2-keywords.
#5 27.56 Preparing to unpack .../115-ruby-ruby2-keywords_0.0.5-1_all.deb ...
#5 27.56 Unpacking ruby-ruby2-keywords (0.0.5-1) ...
#5 27.58 Selecting previously unselected package ruby-webrick.
#5 27.59 Preparing to unpack .../116-ruby-webrick_1.9.1-1_all.deb ...
#5 27.59 Unpacking ruby-webrick (1.9.1-1) ...
#5 27.63 Selecting previously unselected package ruby-xmlrpc.
#5 27.63 Preparing to unpack .../117-ruby-xmlrpc_0.3.3-2_all.deb ...
#5 27.63 Unpacking ruby-xmlrpc (0.3.3-2) ...
#5 27.66 Selecting previously unselected package libyaml-0-2:amd64.
#5 27.66 Preparing to unpack .../118-libyaml-0-2_0.2.5-2_amd64.deb ...
#5 27.66 Unpacking libyaml-0-2:amd64 (0.2.5-2) ...
#5 27.70 Selecting previously unselected package libruby3.3:amd64.
#5 27.71 Preparing to unpack .../119-libruby3.3_3.3.8-2_amd64.deb ...
#5 27.71 Unpacking libruby3.3:amd64 (3.3.8-2) ...
#5 28.41 Selecting previously unselected package libruby:amd64.
#5 28.41 Preparing to unpack .../120-libruby_1%3a3.3+b1_amd64.deb ...
#5 28.42 Unpacking libruby:amd64 (1:3.3+b1) ...
#5 28.44 Selecting previously unselected package libsodium23:amd64.
#5 28.45 Preparing to unpack .../121-libsodium23_1.0.18-1+deb13u1_amd64.deb ...
#5 28.45 Unpacking libsodium23:amd64 (1.0.18-1+deb13u1) ...
#5 28.48 Selecting previously unselected package ripgrep.
#5 28.49 Preparing to unpack .../122-ripgrep_14.1.1-1+b4_amd64.deb ...
#5 28.49 Unpacking ripgrep (14.1.1-1+b4) ...
#5 28.68 Selecting previously unselected package ruby3.3-dev:amd64.
#5 28.68 Preparing to unpack .../123-ruby3.3-dev_3.3.8-2_amd64.deb ...
#5 28.68 Unpacking ruby3.3-dev:amd64 (3.3.8-2) ...
#5 28.74 Selecting previously unselected package ruby-dev:amd64.
#5 28.74 Preparing to unpack .../124-ruby-dev_1%3a3.3+b1_amd64.deb ...
#5 28.74 Unpacking ruby-dev:amd64 (1:3.3+b1) ...
#5 28.77 Selecting previously unselected package unzip.
#5 28.77 Preparing to unpack .../125-unzip_6.0-29_amd64.deb ...
#5 28.77 Unpacking unzip (6.0-29) ...
#5 28.81 Selecting previously unselected package vim-runtime.
#5 28.82 Preparing to unpack .../126-vim-runtime_2%3a9.1.1230-2_all.deb ...
#5 28.83 Adding 'diversion of /usr/share/vim/vim91/doc/help.txt to /usr/share/vim/vim91/doc/help.txt.vim-tiny by vim-runtime'
#5 28.84 Adding 'diversion of /usr/share/vim/vim91/doc/tags to /usr/share/vim/vim91/doc/tags.vim-tiny by vim-runtime'
#5 28.84 Unpacking vim-runtime (2:9.1.1230-2) ...
#5 29.54 Selecting previously unselected package vim.
#5 29.54 Preparing to unpack .../127-vim_2%3a9.1.1230-2_amd64.deb ...
#5 29.54 Unpacking vim (2:9.1.1230-2) ...
#5 29.68 Setting up libexpat1:amd64 (2.7.1-2) ...
#5 29.68 Setting up libnpth0t64:amd64 (1.8-3) ...
#5 29.69 Setting up libkeyutils1:amd64 (1.6.3-6) ...
#5 29.69 Setting up libc-l10n (2.41-12+deb13u1) ...
#5 29.70 Setting up ruby-ruby2-keywords (0.0.5-1) ...
#5 29.70 Setting up libsodium23:amd64 (1.0.18-1+deb13u1) ...
#5 29.71 Setting up libgpm2:amd64 (1.20.7-11+b2) ...
#5 29.71 Setting up libgdbm6t64:amd64 (1.24-2) ...
#5 29.72 Setting up libgpg-error0:amd64 (1.51-4) ...
#5 29.72 Setting up libgdbm-compat4t64:amd64 (1.24-2) ...
#5 29.72 Setting up libyaml-0-2:amd64 (0.2.5-2) ...
#5 29.73 Setting up unzip (6.0-29) ...
#5 29.73 Setting up libbrotli1:amd64 (1.1.0-2+b7) ...
#5 29.74 Setting up binutils-common:amd64 (2.44-3) ...
#5 29.74 Setting up libnghttp2-14:amd64 (1.64.0-1.1) ...
#5 29.75 Setting up linux-libc-dev (6.12.63-1) ...
#5 29.75 Setting up libctf-nobfd0:amd64 (2.44-3) ...
#5 29.76 Setting up libgcrypt20:amd64 (1.11.0-7) ...
#5 29.76 Setting up libcom-err2:amd64 (1.47.2-3+b7) ...
#5 29.77 Setting up libgomp1:amd64 (14.2.0-19) ...
#5 29.77 Setting up bzip2 (1.0.8-6) ...
#5 29.78 Setting up locales (2.41-12+deb13u1) ...
#5 29.88 debconf: unable to initialize frontend: Dialog
#5 29.88 debconf: (TERM is not set, so the dialog frontend is not usable.)
#5 29.88 debconf: falling back to frontend: Readline
#5 29.89 debconf: unable to initialize frontend: Readline
#5 29.89 debconf: (This frontend requires a controlling tty.)
#5 29.89 debconf: falling back to frontend: Teletype
#5 29.90 debconf: unable to initialize frontend: Teletype
#5 29.90 debconf: (This frontend requires a controlling tty.)
#5 29.90 debconf: falling back to frontend: Noninteractive
#5 30.94 Generating locales (this might take a while)...
#5 30.95 Generation complete.
#5 30.99 Setting up libsframe1:amd64 (2.44-3) ...
#5 31.00 Setting up libjansson4:amd64 (2.14-2+b3) ...
#5 31.00 Setting up libkrb5support0:amd64 (1.21.3-5) ...
#5 31.00 Setting up libsasl2-modules-db:amd64 (2.1.28+dfsg1-9) ...
#5 31.01 Setting up libgmpxx4ldbl:amd64 (2:6.3.0+dfsg-3) ...
#5 31.01 Setting up rpcsvc-proto (1.4.3-1) ...
#5 31.02 Setting up vim-common (2:9.1.1230-2) ...
#5 31.03 Setting up make (4.4.1-2) ...
#5 31.03 Setting up libmpfr6:amd64 (4.2.2-1) ...
#5 31.04 Setting up gnupg-l10n (2.4.7-21+deb13u1) ...
#5 31.04 Setting up ruby-net-telnet (0.2.0-1) ...
#5 31.05 Setting up xz-utils (5.8.1-1) ...
#5 31.06 update-alternatives: using /usr/bin/xz to provide /usr/bin/lzma (lzma) in auto mode
#5 31.06 update-alternatives: warning: skip creation of /usr/share/man/man1/lzma.1.gz because associated file /usr/share/man/man1/xz.1.gz (of link group lzma) doesn't exist
#5 31.06 update-alternatives: warning: skip creation of /usr/share/man/man1/unlzma.1.gz because associated file /usr/share/man/man1/unxz.1.gz (of link group lzma) doesn't exist
#5 31.06 update-alternatives: warning: skip creation of /usr/share/man/man1/lzcat.1.gz because associated file /usr/share/man/man1/xzcat.1.gz (of link group lzma) doesn't exist
#5 31.06 update-alternatives: warning: skip creation of /usr/share/man/man1/lzmore.1.gz because associated file /usr/share/man/man1/xzmore.1.gz (of link group lzma) doesn't exist
#5 31.06 update-alternatives: warning: skip creation of /usr/share/man/man1/lzless.1.gz because associated file /usr/share/man/man1/xzless.1.gz (of link group lzma) doesn't exist
#5 31.06 update-alternatives: warning: skip creation of /usr/share/man/man1/lzdiff.1.gz because associated file /usr/share/man/man1/xzdiff.1.gz (of link group lzma) doesn't exist
#5 31.06 update-alternatives: warning: skip creation of /usr/share/man/man1/lzcmp.1.gz because associated file /usr/share/man/man1/xzcmp.1.gz (of link group lzma) doesn't exist
#5 31.06 update-alternatives: warning: skip creation of /usr/share/man/man1/lzgrep.1.gz because associated file /usr/share/man/man1/xzgrep.1.gz (of link group lzma) doesn't exist
#5 31.06 update-alternatives: warning: skip creation of /usr/share/man/man1/lzegrep.1.gz because associated file /usr/share/man/man1/xzegrep.1.gz (of link group lzma) doesn't exist
#5 31.06 update-alternatives: warning: skip creation of /usr/share/man/man1/lzfgrep.1.gz because associated file /usr/share/man/man1/xzfgrep.1.gz (of link group lzma) doesn't exist
#5 31.06 Setting up ruby-csv (3.3.4-1) ...
#5 31.07 Setting up libquadmath0:amd64 (14.2.0-19) ...
#5 31.07 Setting up libunistring5:amd64 (1.3-2) ...
#5 31.08 Setting up libmpc3:amd64 (1.3.1-1+b3) ...
#5 31.08 Setting up libatomic1:amd64 (14.2.0-19) ...
#5 31.09 Setting up patch (2.8-2) ...
#5 31.09 Setting up libncursesw6:amd64 (6.5+20250216-2) ...
#5 31.10 Setting up libk5crypto3:amd64 (1.21.3-5) ...
#5 31.10 Setting up libsasl2-2:amd64 (2.1.28+dfsg1-9) ...
#5 31.10 Setting up libnghttp3-9:amd64 (1.8.0-1) ...
#5 31.11 Setting up ruby-webrick (1.9.1-1) ...
#5 31.12 Setting up libubsan1:amd64 (14.2.0-19) ...
#5 31.12 Setting up libffi8:amd64 (3.4.8-2) ...
#5 31.13 Setting up perl-modules-5.40 (5.40.1-6) ...
#5 31.13 Setting up ripgrep (14.1.1-1+b4) ...
#5 31.14 Setting up libhwasan0:amd64 (14.2.0-19) ...
#5 31.14 Setting up libcrypt-dev:amd64 (1:4.4.38-1) ...
#5 31.16 Setting up libasan8:amd64 (14.2.0-19) ...
#5 31.17 Setting up libassuan9:amd64 (3.0.2-2) ...
#5 31.17 Setting up libtasn1-6:amd64 (4.20.0-2) ...
#5 31.18 Setting up git-man (1:2.47.3-0+deb13u1) ...
#5 31.18 Setting up libngtcp2-16:amd64 (1.11.0-1) ...
#5 31.18 Setting up libkrb5-3:amd64 (1.21.3-5) ...
#5 31.19 Setting up libssh2-1t64:amd64 (1.11.1-1) ...
#5 31.19 Setting up libtsan2:amd64 (14.2.0-19) ...
#5 31.19 Setting up ruby-did-you-mean (1.6.3-2) ...
#5 31.20 Setting up libbinutils:amd64 (2.44-3) ...
#5 31.20 Setting up vim-runtime (2:9.1.1230-2) ...
#5 31.23 Setting up libisl23:amd64 (0.27-1) ...
#5 31.23 Setting up libc-dev-bin (2.41-12+deb13u1) ...
#5 31.24 Setting up openssl (3.5.4-1~deb13u1) ...
#5 31.25 Setting up readline-common (8.2-6) ...
#5 31.26 Setting up ruby-xmlrpc (0.3.3-2) ...
#5 31.26 Setting up libcc1-0:amd64 (14.2.0-19) ...
#5 31.26 Setting up libldap2:amd64 (2.6.10+dfsg-1) ...
#5 31.27 Setting up liblsan0:amd64 (14.2.0-19) ...
#5 31.27 Setting up libitm1:amd64 (14.2.0-19) ...
#5 31.28 Setting up libctf0:amd64 (2.44-3) ...
#5 31.28 Setting up libksba8:amd64 (1.6.7-2+b1) ...
#5 31.29 Setting up pinentry-curses (1.3.1-2) ...
#5 31.30 Setting up vim (2:9.1.1230-2) ...
#5 31.30 update-alternatives: using /usr/bin/vim.basic to provide /usr/bin/editor (editor) in auto mode
#5 31.30 update-alternatives: warning: skip creation of /usr/share/man/man1/editor.1.gz because associated file /usr/share/man/man1/vim.1.gz (of link group editor) doesn't exist
#5 31.30 update-alternatives: warning: skip creation of /usr/share/man/da/man1/editor.1.gz because associated file /usr/share/man/da/man1/vim.1.gz (of link group editor) doesn't exist
#5 31.30 update-alternatives: warning: skip creation of /usr/share/man/de/man1/editor.1.gz because associated file /usr/share/man/de/man1/vim.1.gz (of link group editor) doesn't exist
#5 31.30 update-alternatives: warning: skip creation of /usr/share/man/fr/man1/editor.1.gz because associated file /usr/share/man/fr/man1/vim.1.gz (of link group editor) doesn't exist
#5 31.30 update-alternatives: warning: skip creation of /usr/share/man/it/man1/editor.1.gz because associated file /usr/share/man/it/man1/vim.1.gz (of link group editor) doesn't exist
#5 31.30 update-alternatives: warning: skip creation of /usr/share/man/ja/man1/editor.1.gz because associated file /usr/share/man/ja/man1/vim.1.gz (of link group editor) doesn't exist
#5 31.30 update-alternatives: warning: skip creation of /usr/share/man/pl/man1/editor.1.gz because associated file /usr/share/man/pl/man1/vim.1.gz (of link group editor) doesn't exist
#5 31.30 update-alternatives: warning: skip creation of /usr/share/man/ru/man1/editor.1.gz because associated file /usr/share/man/ru/man1/vim.1.gz (of link group editor) doesn't exist
#5 31.30 update-alternatives: warning: skip creation of /usr/share/man/tr/man1/editor.1.gz because associated file /usr/share/man/tr/man1/vim.1.gz (of link group editor) doesn't exist
#5 31.31 update-alternatives: using /usr/bin/vim.basic to provide /usr/bin/ex (ex) in auto mode
#5 31.31 update-alternatives: warning: skip creation of /usr/share/man/man1/ex.1.gz because associated file /usr/share/man/man1/vim.1.gz (of link group ex) doesn't exist
#5 31.31 update-alternatives: warning: skip creation of /usr/share/man/da/man1/ex.1.gz because associated file /usr/share/man/da/man1/vim.1.gz (of link group ex) doesn't exist
#5 31.31 update-alternatives: warning: skip creation of /usr/share/man/de/man1/ex.1.gz because associated file /usr/share/man/de/man1/vim.1.gz (of link group ex) doesn't exist
#5 31.31 update-alternatives: warning: skip creation of /usr/share/man/fr/man1/ex.1.gz because associated file /usr/share/man/fr/man1/vim.1.gz (of link group ex) doesn't exist
#5 31.31 update-alternatives: warning: skip creation of /usr/share/man/it/man1/ex.1.gz because associated file /usr/share/man/it/man1/vim.1.gz (of link group ex) doesn't exist
#5 31.31 update-alternatives: warning: skip creation of /usr/share/man/ja/man1/ex.1.gz because associated file /usr/share/man/ja/man1/vim.1.gz (of link group ex) doesn't exist
#5 31.31 update-alternatives: warning: skip creation of /usr/share/man/pl/man1/ex.1.gz because associated file /usr/share/man/pl/man1/vim.1.gz (of link group ex) doesn't exist
#5 31.31 update-alternatives: warning: skip creation of /usr/share/man/ru/man1/ex.1.gz because associated file /usr/share/man/ru/man1/vim.1.gz (of link group ex) doesn't exist
#5 31.31 update-alternatives: warning: skip creation of /usr/share/man/tr/man1/ex.1.gz because associated file /usr/share/man/tr/man1/vim.1.gz (of link group ex) doesn't exist
#5 31.31 update-alternatives: using /usr/bin/vim.basic to provide /usr/bin/rview (rview) in auto mode
#5 31.32 update-alternatives: using /usr/bin/vim.basic to provide /usr/bin/rvim (rvim) in auto mode
#5 31.32 update-alternatives: using /usr/bin/vim.basic to provide /usr/bin/vi (vi) in auto mode
#5 31.32 update-alternatives: warning: skip creation of /usr/share/man/man1/vi.1.gz because associated file /usr/share/man/man1/vim.1.gz (of link group vi) doesn't exist
#5 31.32 update-alternatives: warning: skip creation of /usr/share/man/da/man1/vi.1.gz because associated file /usr/share/man/da/man1/vim.1.gz (of link group vi) doesn't exist
#5 31.32 update-alternatives: warning: skip creation of /usr/share/man/de/man1/vi.1.gz because associated file /usr/share/man/de/man1/vim.1.gz (of link group vi) doesn't exist
#5 31.32 update-alternatives: warning: skip creation of /usr/share/man/fr/man1/vi.1.gz because associated file /usr/share/man/fr/man1/vim.1.gz (of link group vi) doesn't exist
#5 31.32 update-alternatives: warning: skip creation of /usr/share/man/it/man1/vi.1.gz because associated file /usr/share/man/it/man1/vim.1.gz (of link group vi) doesn't exist
#5 31.32 update-alternatives: warning: skip creation of /usr/share/man/ja/man1/vi.1.gz because associated file /usr/share/man/ja/man1/vim.1.gz (of link group vi) doesn't exist
#5 31.32 update-alternatives: warning: skip creation of /usr/share/man/pl/man1/vi.1.gz because associated file /usr/share/man/pl/man1/vim.1.gz (of link group vi) doesn't exist
#5 31.32 update-alternatives: warning: skip creation of /usr/share/man/ru/man1/vi.1.gz because associated file /usr/share/man/ru/man1/vim.1.gz (of link group vi) doesn't exist
#5 31.32 update-alternatives: warning: skip creation of /usr/share/man/tr/man1/vi.1.gz because associated file /usr/share/man/tr/man1/vim.1.gz (of link group vi) doesn't exist
#5 31.32 update-alternatives: using /usr/bin/vim.basic to provide /usr/bin/view (view) in auto mode
#5 31.32 update-alternatives: warning: skip creation of /usr/share/man/man1/view.1.gz because associated file /usr/share/man/man1/vim.1.gz (of link group view) doesn't exist
#5 31.32 update-alternatives: warning: skip creation of /usr/share/man/da/man1/view.1.gz because associated file /usr/share/man/da/man1/vim.1.gz (of link group view) doesn't exist
#5 31.32 update-alternatives: warning: skip creation of /usr/share/man/de/man1/view.1.gz because associated file /usr/share/man/de/man1/vim.1.gz (of link group view) doesn't exist
#5 31.32 update-alternatives: warning: skip creation of /usr/share/man/fr/man1/view.1.gz because associated file /usr/share/man/fr/man1/vim.1.gz (of link group view) doesn't exist
#5 31.32 update-alternatives: warning: skip creation of /usr/share/man/it/man1/view.1.gz because associated file /usr/share/man/it/man1/vim.1.gz (of link group view) doesn't exist
#5 31.32 update-alternatives: warning: skip creation of /usr/share/man/ja/man1/view.1.gz because associated file /usr/share/man/ja/man1/vim.1.gz (of link group view) doesn't exist
#5 31.32 update-alternatives: warning: skip creation of /usr/share/man/pl/man1/view.1.gz because associated file /usr/share/man/pl/man1/vim.1.gz (of link group view) doesn't exist
#5 31.32 update-alternatives: warning: skip creation of /usr/share/man/ru/man1/view.1.gz because associated file /usr/share/man/ru/man1/vim.1.gz (of link group view) doesn't exist
#5 31.32 update-alternatives: warning: skip creation of /usr/share/man/tr/man1/view.1.gz because associated file /usr/share/man/tr/man1/vim.1.gz (of link group view) doesn't exist
#5 31.32 update-alternatives: using /usr/bin/vim.basic to provide /usr/bin/vim (vim) in auto mode
#5 31.33 update-alternatives: using /usr/bin/vim.basic to provide /usr/bin/vimdiff (vimdiff) in auto mode
#5 31.33 Setting up libgmp-dev:amd64 (2:6.3.0+dfsg-3) ...
#5 31.34 Setting up libidn2-0:amd64 (2.3.8-2) ...
#5 31.34 Setting up libperl5.40:amd64 (5.40.1-6) ...
#5 31.35 Setting up ca-certificates (20250419) ...
#5 31.45 debconf: unable to initialize frontend: Dialog
#5 31.45 debconf: (TERM is not set, so the dialog frontend is not usable.)
#5 31.45 debconf: falling back to frontend: Readline
#5 31.46 debconf: unable to initialize frontend: Readline
#5 31.46 debconf: (This frontend requires a controlling tty.)
#5 31.46 debconf: falling back to frontend: Teletype
#5 31.47 debconf: unable to initialize frontend: Teletype
#5 31.47 debconf: (This frontend requires a controlling tty.)
#5 31.47 debconf: falling back to frontend: Noninteractive
#5 32.33 Updating certificates in /etc/ssl/certs...
#5 33.62 150 added, 0 removed; done.
#5 33.65 Setting up perl (5.40.1-6) ...
#5 33.66 Setting up libgprofng0:amd64 (2.44-3) ...
#5 33.67 Setting up libp11-kit0:amd64 (0.25.5-3) ...
#5 33.68 Setting up libgssapi-krb5-2:amd64 (1.21.3-5) ...
#5 33.69 Setting up cpp-14-x86-64-linux-gnu (14.2.0-19) ...
#5 33.69 Setting up libdpkg-perl (1.22.21) ...
#5 33.70 Setting up cpp-14 (14.2.0-19) ...
#5 33.70 Setting up libreadline8t64:amd64 (8.2-6) ...
#5 33.70 Setting up gpgconf (2.4.7-21+deb13u1+b1) ...
#5 33.71 Setting up libc6-dev:amd64 (2.41-12+deb13u1) ...
#5 33.71 Setting up libgcc-14-dev:amd64 (14.2.0-19) ...
#5 33.72 Setting up libstdc++-14-dev:amd64 (14.2.0-19) ...
#5 33.72 Setting up gpg (2.4.7-21+deb13u1+b1) ...
#5 33.89 Setting up binutils-x86-64-linux-gnu (2.44-3) ...
#5 33.90 Setting up cpp-x86-64-linux-gnu (4:14.2.0-1) ...
#5 33.90 Setting up libgnutls30t64:amd64 (3.8.9-3+deb13u1) ...
#5 33.91 Setting up gpg-agent (2.4.7-21+deb13u1+b1) ...
#5 34.55 Setting up gpgsm (2.4.7-21+deb13u1+b1) ...
#5 34.55 Setting up libpsl5t64:amd64 (0.21.2-1.1+b1) ...
#5 34.56 Setting up rubygems-integration (1.19) ...
#5 34.57 Setting up binutils (2.44-3) ...
#5 34.57 Setting up dpkg-dev (1.22.21) ...
#5 34.58 Setting up liberror-perl (0.17030-1) ...
#5 34.59 Setting up dirmngr (2.4.7-21+deb13u1+b1) ...
#5 34.78 Setting up librtmp1:amd64 (2.4+20151223.gitfa8646d.1-2+b5) ...
#5 34.78 Setting up cpp (4:14.2.0-1) ...
#5 34.80 Setting up gnupg (2.4.7-21+deb13u1) ...
#5 34.80 Setting up gcc-14-x86-64-linux-gnu (14.2.0-19) ...
#5 34.81 Setting up libngtcp2-crypto-gnutls8:amd64 (1.11.0-1) ...
#5 34.81 Setting up wget (1.25.0-2) ...
#5 34.82 Setting up gcc-x86-64-linux-gnu (4:14.2.0-1) ...
#5 34.82 Setting up libcurl4t64:amd64 (8.14.1-2+deb13u2) ...
#5 34.83 Setting up libcurl3t64-gnutls:amd64 (8.14.1-2+deb13u2) ...
#5 34.83 Setting up gcc-14 (14.2.0-19) ...
#5 34.84 Setting up git (1:2.47.3-0+deb13u1) ...
#5 34.85 Setting up g++-14-x86-64-linux-gnu (14.2.0-19) ...
#5 34.86 Setting up g++-x86-64-linux-gnu (4:14.2.0-1) ...
#5 34.86 Setting up curl (8.14.1-2+deb13u2) ...
#5 34.86 Setting up g++-14 (14.2.0-19) ...
#5 34.87 Setting up gcc (4:14.2.0-1) ...
#5 34.89 Setting up g++ (4:14.2.0-1) ...
#5 34.89 update-alternatives: using /usr/bin/g++ to provide /usr/bin/c++ (c++) in auto mode
#5 34.90 Setting up build-essential (12.12) ...
#5 34.90 Setting up ruby3.3 (3.3.8-2) ...
#5 34.91 Setting up libruby:amd64 (1:3.3+b1) ...
#5 34.91 Setting up ruby (1:3.3+b1) ...
#5 34.92 Setting up rake (13.2.1-1) ...
#5 34.92 Setting up libruby3.3:amd64 (3.3.8-2) ...
#5 34.93 Setting up ruby-rubygems (3.6.7-2) ...
#5 34.94 Setting up ruby3.3-dev:amd64 (3.3.8-2) ...
#5 34.94 Setting up ruby-dev:amd64 (1:3.3+b1) ...
#5 34.95 Processing triggers for libc-bin (2.41-12+deb13u1) ...
#5 34.97 Processing triggers for ca-certificates (20250419) ...
#5 34.98 Updating certificates in /etc/ssl/certs...
#5 35.98 0 added, 0 removed; done.
#5 35.98 Running hooks in /etc/ca-certificates/update.d...
#5 35.98 done.
#5 36.03 Generating locales (this might take a while)...
#5 36.03   ja_JP.UTF-8... done
#5 37.24 Generation complete.
#5 DONE 37.3s

#6 [ 3/12] RUN wget https://github.com/neovim/neovim/releases/download/v0.11.5/nvim-linux-x86_64.tar.gz &&     tar -zxvf nvim-linux-x86_64.tar.gz &&     mv nvim-linux-x86_64/bin/nvim usr/bin/nvim &&     mv nvim-linux-x86_64/lib/nvim usr/lib/nvim &&     mv nvim-linux-x86_64/share/nvim/ usr/share/nvim &&     rm -rf nvim-linux-x86_64 &&     rm nvim-linux-x86_64.tar.gz
#6 5.020 --2026-01-17 08:10:51--  https://github.com/neovim/neovim/releases/download/v0.11.5/nvim-linux-x86_64.tar.gz
#6 5.046 Resolving github.com (github.com)... 140.82.114.4
#6 5.051 Connecting to github.com (github.com)|140.82.114.4|:443... connected.
#6 5.173 HTTP request sent, awaiting response... 302 Found
#6 5.278 Location: https://release-assets.githubusercontent.com/github-production-release-asset/16408992/3b683f39-455b-47bc-b939-3b4669a5fa27?sp=r&sv=2018-11-09&sr=b&spr=https&se=2026-01-17T08%3A43%3A56Z&rscd=attachment%3B+filename%3Dnvim-linux-x86_64.tar.gz&rsct=application%2Foctet-stream&skoid=96c2d410-5711-43a1-aedd-ab1947aa7ab0&sktid=398a6654-997b-47e9-b12b-9515b896b4de&skt=2026-01-17T07%3A43%3A42Z&ske=2026-01-17T08%3A43%3A56Z&sks=b&skv=2018-11-09&sig=721srcKIjO%2FVvUMxg5pvtwmCjMXjgx7auHLrXN9ABcs%3D&jwt=eyJ0eXAiOiJKV1QiLCJhbGciOiJIUzI1NiJ9.eyJpc3MiOiJnaXRodWIuY29tIiwiYXVkIjoicmVsZWFzZS1hc3NldHMuZ2l0aHVidXNlcmNvbnRlbnQuY29tIiwia2V5Ijoia2V5MSIsImV4cCI6MTc2ODYzOTI1MSwibmJmIjoxNzY4NjM3NDUxLCJwYXRoIjoicmVsZWFzZWFzc2V0cHJvZHVjdGlvbi5ibG9iLmNvcmUud2luZG93cy5uZXQifQ.HC3gkSo12PCzV2erdw7m6GOrjuAXGaTy7FS5EG_W3Xs&response-content-disposition=attachment%3B%20filename%3Dnvim-linux-x86_64.tar.gz&response-content-type=application%2Foctet-stream [following]
#6 5.278 --2026-01-17 08:10:51--  https://release-assets.githubusercontent.com/github-production-release-asset/16408992/3b683f39-455b-47bc-b939-3b4669a5fa27?sp=r&sv=2018-11-09&sr=b&spr=https&se=2026-01-17T08%3A43%3A56Z&rscd=attachment%3B+filename%3Dnvim-linux-x86_64.tar.gz&rsct=application%2Foctet-stream&skoid=96c2d410-5711-43a1-aedd-ab1947aa7ab0&sktid=398a6654-997b-47e9-b12b-9515b896b4de&skt=2026-01-17T07%3A43%3A42Z&ske=2026-01-17T08%3A43%3A56Z&sks=b&skv=2018-11-09&sig=721srcKIjO%2FVvUMxg5pvtwmCjMXjgx7auHLrXN9ABcs%3D&jwt=eyJ0eXAiOiJKV1QiLCJhbGciOiJIUzI1NiJ9.eyJpc3MiOiJnaXRodWIuY29tIiwiYXVkIjoicmVsZWFzZS1hc3NldHMuZ2l0aHVidXNlcmNvbnRlbnQuY29tIiwia2V5Ijoia2V5MSIsImV4cCI6MTc2ODYzOTI1MSwibmJmIjoxNzY4NjM3NDUxLCJwYXRoIjoicmVsZWFzZWFzc2V0cHJvZHVjdGlvbi5ibG9iLmNvcmUud2luZG93cy5uZXQifQ.HC3gkSo12PCzV2erdw7m6GOrjuAXGaTy7FS5EG_W3Xs&response-content-disposition=attachment%3B%20filename%3Dnvim-linux-x86_64.tar.gz&response-content-type=application%2Foctet-stream
#6 5.278 Resolving release-assets.githubusercontent.com (release-assets.githubusercontent.com)... 185.199.108.133, 185.199.109.133, 185.199.110.133, ...
#6 5.283 Connecting to release-assets.githubusercontent.com (release-assets.githubusercontent.com)|185.199.108.133|:443... connected.
#6 5.319 HTTP request sent, awaiting response... 200 OK
#6 5.340 Length: 10973811 (10M) [application/octet-stream]
#6 5.340 Saving to: 'nvim-linux-x86_64.tar.gz'
#6 5.340
#6 5.340      0K .......... .......... .......... .......... ..........  0% 3.13M 3s
#6 5.356     50K .......... .......... .......... .......... ..........  0% 3.56M 3s
#6 5.370    100K .......... .......... .......... .......... ..........  1% 5.60M 3s
#6 5.378    150K .......... .......... .......... .......... ..........  1% 17.2M 2s
#6 5.381    200K .......... .......... .......... .......... ..........  2% 23.0M 2s
#6 5.383    250K .......... .......... .......... .......... ..........  2% 27.2M 2s
#6 5.385    300K .......... .......... .......... .......... ..........  3% 6.37M 2s
#6 5.393    350K .......... .......... .......... .......... ..........  3% 55.6M 1s
#6 5.394    400K .......... .......... .......... .......... ..........  4% 32.2M 1s
#6 5.396    450K .......... .......... .......... .......... ..........  4% 99.1M 1s
#6 5.396    500K .......... .......... .......... .......... ..........  5% 35.0M 1s
#6 5.397    550K .......... .......... .......... .......... ..........  5% 56.1M 1s
#6 5.398    600K .......... .......... .......... .......... ..........  6% 8.29M 1s
#6 5.404    650K .......... .......... .......... .......... ..........  6%  113M 1s
#6 5.404    700K .......... .......... .......... .......... ..........  6% 21.8M 1s
#6 5.406    750K .......... .......... .......... .......... ..........  7%  133M 1s
#6 5.407    800K .......... .......... .......... .......... ..........  7%  119M 1s
#6 5.407    850K .......... .......... .......... .......... ..........  8% 66.1M 1s
#6 5.408    900K .......... .......... .......... .......... ..........  8% 73.9M 1s
#6 5.409    950K .......... .......... .......... .......... ..........  9%  171M 1s
#6 5.409   1000K .......... .......... .......... .......... ..........  9% 49.8M 1s
#6 5.410   1050K .......... .......... .......... .......... .......... 10% 40.9M 1s
#6 5.411   1100K .......... .......... .......... .......... .......... 10% 36.4M 1s
#6 5.413   1150K .......... .......... .......... .......... .......... 11% 57.4M 1s
#6 5.413   1200K .......... .......... .......... .......... .......... 11% 53.4M 1s
#6 5.415   1250K .......... .......... .......... .......... .......... 12% 14.3M 1s
#6 5.418   1300K .......... .......... .......... .......... .......... 12% 54.9M 1s
#6 5.419   1350K .......... .......... .......... .......... .......... 13% 68.5M 1s
#6 5.419   1400K .......... .......... .......... .......... .......... 13% 46.1M 1s
#6 5.420   1450K .......... .......... .......... .......... .......... 13% 49.2M 0s
#6 5.423   1500K .......... .......... .......... .......... .......... 14% 60.4M 0s
#6 5.423   1550K .......... .......... .......... .......... .......... 14% 65.7M 0s
#6 5.423   1600K .......... .......... .......... .......... .......... 15% 52.0M 0s
#6 5.424   1650K .......... .......... .......... .......... .......... 15% 37.5M 0s
#6 5.425   1700K .......... .......... .......... .......... .......... 16% 44.3M 0s
#6 5.426   1750K .......... .......... .......... .......... .......... 16% 63.9M 0s
#6 5.427   1800K .......... .......... .......... .......... .......... 17% 34.8M 0s
#6 5.428   1850K .......... .......... .......... .......... .......... 17% 77.4M 0s
#6 5.429   1900K .......... .......... .......... .......... .......... 18% 42.6M 0s
#6 5.430   1950K .......... .......... .......... .......... .......... 18% 61.8M 0s
#6 5.434   2000K .......... .......... .......... .......... .......... 19% 61.9M 0s
#6 5.434   2050K .......... .......... .......... .......... .......... 19% 60.0M 0s
#6 5.434   2100K .......... .......... .......... .......... .......... 20% 60.0M 0s
#6 5.434   2150K .......... .......... .......... .......... .......... 20% 51.4M 0s
#6 5.435   2200K .......... .......... .......... .......... .......... 20% 29.7M 0s
#6 5.436   2250K .......... .......... .......... .......... .......... 21% 35.1M 0s
#6 5.437   2300K .......... .......... .......... .......... .......... 21% 43.1M 0s
#6 5.438   2350K .......... .......... .......... .......... .......... 22% 33.1M 0s
#6 5.440   2400K .......... .......... .......... .......... .......... 22% 51.7M 0s
#6 5.441   2450K .......... .......... .......... .......... .......... 23% 37.6M 0s
#6 5.443   2500K .......... .......... .......... .......... .......... 23% 61.3M 0s
#6 5.443   2550K .......... .......... .......... .......... .......... 24% 57.1M 0s
#6 5.444   2600K .......... .......... .......... .......... .......... 24% 35.0M 0s
#6 5.445   2650K .......... .......... .......... .......... .......... 25% 65.0M 0s
#6 5.446   2700K .......... .......... .......... .......... .......... 25% 77.9M 0s
#6 5.447   2750K .......... .......... .......... .......... .......... 26%  271M 0s
#6 5.447   2800K .......... .......... .......... .......... .......... 26%  158M 0s
#6 5.447   2850K .......... .......... .......... .......... .......... 27% 74.0M 0s
#6 5.451   2900K .......... .......... .......... .......... .......... 27% 76.1M 0s
#6 5.451   2950K .......... .......... .......... .......... .......... 27% 83.4M 0s
#6 5.451   3000K .......... .......... .......... .......... .......... 28% 92.9M 0s
#6 5.451   3050K .......... .......... .......... .......... .......... 28% 94.9M 0s
#6 5.451   3100K .......... .......... .......... .......... .......... 29% 43.7M 0s
#6 5.451   3150K .......... .......... .......... .......... .......... 29% 34.2M 0s
#6 5.453   3200K .......... .......... .......... .......... .......... 30% 36.5M 0s
#6 5.454   3250K .......... .......... .......... .......... .......... 30% 31.3M 0s
#6 5.456   3300K .......... .......... .......... .......... .......... 31% 56.3M 0s
#6 5.457   3350K .......... .......... .......... .......... .......... 31% 69.3M 0s
#6 5.457   3400K .......... .......... .......... .......... .......... 32% 57.4M 0s
#6 5.458   3450K .......... .......... .......... .......... .......... 32% 57.6M 0s
#6 5.459   3500K .......... .......... .......... .......... .......... 33% 41.9M 0s
#6 5.461   3550K .......... .......... .......... .......... .......... 33%  165M 0s
#6 5.461   3600K .......... .......... .......... .......... .......... 34% 78.6M 0s
#6 5.461   3650K .......... .......... .......... .......... .......... 34% 46.2M 0s
#6 5.462   3700K .......... .......... .......... .......... .......... 34% 46.9M 0s
#6 5.463   3750K .......... .......... .......... .......... .......... 35% 46.8M 0s
#6 5.464   3800K .......... .......... .......... .......... .......... 35% 59.9M 0s
#6 5.466   3850K .......... .......... .......... .......... .......... 36% 60.5M 0s
#6 5.466   3900K .......... .......... .......... .......... .......... 36% 48.0M 0s
#6 5.467   3950K .......... .......... .......... .......... .......... 37% 48.2M 0s
#6 5.468   4000K .......... .......... .......... .......... .......... 37% 68.1M 0s
#6 5.468   4050K .......... .......... .......... .......... .......... 38% 77.0M 0s
#6 5.471   4100K .......... .......... .......... .......... .......... 38% 81.2M 0s
#6 5.471   4150K .......... .......... .......... .......... .......... 39% 94.3M 0s
#6 5.471   4200K .......... .......... .......... .......... .......... 39% 76.7M 0s
#6 5.471   4250K .......... .......... .......... .......... .......... 40% 50.4M 0s
#6 5.472   4300K .......... .......... .......... .......... .......... 40% 32.2M 0s
#6 5.474   4350K .......... .......... .......... .......... .......... 41% 58.0M 0s
#6 5.474   4400K .......... .......... .......... .......... .......... 41% 38.4M 0s
#6 5.476   4450K .......... .......... .......... .......... .......... 41% 29.8M 0s
#6 5.477   4500K .......... .......... .......... .......... .......... 42% 62.2M 0s
#6 5.478   4550K .......... .......... .......... .......... .......... 42% 63.6M 0s
#6 5.479   4600K .......... .......... .......... .......... .......... 43% 56.8M 0s
#6 5.480   4650K .......... .......... .......... .......... .......... 43% 43.5M 0s
#6 5.481   4700K .......... .......... .......... .......... .......... 44% 45.8M 0s
#6 5.484   4750K .......... .......... .......... .......... .......... 44% 60.4M 0s
#6 5.484   4800K .......... .......... .......... .......... .......... 45% 66.2M 0s
#6 5.484   4850K .......... .......... .......... .......... .......... 45% 39.7M 0s
#6 5.485   4900K .......... .......... .......... .......... .......... 46% 44.5M 0s
#6 5.485   4950K .......... .......... .......... .......... .......... 46% 68.4M 0s
#6 5.486   5000K .......... .......... .......... .......... .......... 47% 67.1M 0s
#6 5.487   5050K .......... .......... .......... .......... .......... 47% 40.0M 0s
#6 5.488   5100K .......... .......... .......... .......... .......... 48% 51.9M 0s
#6 5.489   5150K .......... .......... .......... .......... .......... 48% 57.7M 0s
#6 5.490   5200K .......... .......... .......... .......... .......... 48% 47.8M 0s
#6 5.493   5250K .......... .......... .......... .......... .......... 49% 71.3M 0s
#6 5.493   5300K .......... .......... .......... .......... .......... 49% 94.1M 0s
#6 5.493   5350K .......... .......... .......... .......... .......... 50% 73.7M 0s
#6 5.493   5400K .......... .......... .......... .......... .......... 50% 58.0M 0s
#6 5.494   5450K .......... .......... .......... .......... .......... 51% 44.9M 0s
#6 5.495   5500K .......... .......... .......... .......... .......... 51% 32.8M 0s
#6 5.496   5550K .......... .......... .......... .......... .......... 52% 51.8M 0s
#6 5.497   5600K .......... .......... .......... .......... .......... 52% 47.1M 0s
#6 5.498   5650K .......... .......... .......... .......... .......... 53% 50.8M 0s
#6 5.499   5700K .......... .......... .......... .......... .......... 53% 47.2M 0s
#6 5.500   5750K .......... .......... .......... .......... .......... 54% 55.4M 0s
#6 5.501   5800K .......... .......... .......... .......... .......... 54% 48.6M 0s
#6 5.502   5850K .......... .......... .......... .......... .......... 55% 62.3M 0s
#6 5.504   5900K .......... .......... .......... .......... .......... 55% 51.8M 0s
#6 5.504   5950K .......... .......... .......... .......... .......... 55% 41.3M 0s
#6 5.506   6000K .......... .......... .......... .......... .......... 56% 50.9M 0s
#6 5.506   6050K .......... .......... .......... .......... .......... 56% 40.5M 0s
#6 5.507   6100K .......... .......... .......... .......... .......... 57% 44.7M 0s
#6 5.508   6150K .......... .......... .......... .......... .......... 57% 48.1M 0s
#6 5.511   6200K .......... .......... .......... .......... .......... 58% 54.5M 0s
#6 5.511   6250K .......... .......... .......... .......... .......... 58% 60.3M 0s
#6 5.511   6300K .......... .......... .......... .......... .......... 59% 31.2M 0s
#6 5.513   6350K .......... .......... .......... .......... .......... 59% 58.9M 0s
#6 5.516   6400K .......... .......... .......... .......... .......... 60% 60.4M 0s
#6 5.516   6450K .......... .......... .......... .......... .......... 60% 73.8M 0s
#6 5.516   6500K .......... .......... .......... .......... .......... 61% 54.4M 0s
#6 5.516   6550K .......... .......... .......... .......... .......... 61% 41.5M 0s
#6 5.517   6600K .......... .......... .......... .......... .......... 62% 48.2M 0s
#6 5.518   6650K .......... .......... .......... .......... .......... 62% 63.5M 0s
#6 5.519   6700K .......... .......... .......... .......... .......... 62% 36.2M 0s
#6 5.520   6750K .......... .......... .......... .......... .......... 63% 55.1M 0s
#6 5.521   6800K .......... .......... .......... .......... .......... 63% 48.7M 0s
#6 5.522   6850K .......... .......... .......... .......... .......... 64% 59.3M 0s
#6 5.524   6900K .......... .......... .......... .......... .......... 64% 64.3M 0s
#6 5.524   6950K .......... .......... .......... .......... .......... 65% 41.0M 0s
#6 5.525   7000K .......... .......... .......... .......... .......... 65% 55.4M 0s
#6 5.526   7050K .......... .......... .......... .......... .......... 66% 45.4M 0s
#6 5.527   7100K .......... .......... .......... .......... .......... 66% 60.1M 0s
#6 5.528   7150K .......... .......... .......... .......... .......... 67% 34.4M 0s
#6 5.529   7200K .......... .......... .......... .......... .......... 67% 18.8M 0s
#6 5.532   7250K .......... .......... .......... .......... .......... 68% 39.1M 0s
#6 5.533   7300K .......... .......... .......... .......... .......... 68% 55.1M 0s
#6 5.534   7350K .......... .......... .......... .......... .......... 69% 55.5M 0s
#6 5.535   7400K .......... .......... .......... .......... .......... 69% 67.2M 0s
#6 5.535   7450K .......... .......... .......... .......... .......... 69% 42.4M 0s
#6 5.536   7500K .......... .......... .......... .......... .......... 70% 38.2M 0s
#6 5.538   7550K .......... .......... .......... .......... .......... 70% 47.8M 0s
#6 5.539   7600K .......... .......... .......... .......... .......... 71% 36.9M 0s
#6 5.540   7650K .......... .......... .......... .......... .......... 71% 58.3M 0s
#6 5.541   7700K .......... .......... .......... .......... .......... 72% 51.6M 0s
#6 5.542   7750K .......... .......... .......... .......... .......... 72% 47.1M 0s
#6 5.543   7800K .......... .......... .......... .......... .......... 73% 60.0M 0s
#6 5.544   7850K .......... .......... .......... .......... .......... 73% 72.9M 0s
#6 5.544   7900K .......... .......... .......... .......... .......... 74% 39.5M 0s
#6 5.546   7950K .......... .......... .......... .......... .......... 74% 59.9M 0s
#6 5.546   8000K .......... .......... .......... .......... .......... 75% 68.5M 0s
#6 5.547   8050K .......... .......... .......... .......... .......... 75% 58.1M 0s
#6 5.548   8100K .......... .......... .......... .......... .......... 76% 50.9M 0s
#6 5.551   8150K .......... .......... .......... .......... .......... 76% 66.6M 0s
#6 5.551   8200K .......... .......... .......... .......... .......... 76% 68.2M 0s
#6 5.551   8250K .......... .......... .......... .......... .......... 77% 33.0M 0s
#6 5.552   8300K .......... .......... .......... .......... .......... 77% 27.8M 0s
#6 5.554   8350K .......... .......... .......... .......... .......... 78% 72.8M 0s
#6 5.554   8400K .......... .......... .......... .......... .......... 78% 62.4M 0s
#6 5.556   8450K .......... .......... .......... .......... .......... 79% 56.4M 0s
#6 5.556   8500K .......... .......... .......... .......... .......... 79% 38.6M 0s
#6 5.557   8550K .......... .......... .......... .......... .......... 80% 79.0M 0s
#6 5.558   8600K .......... .......... .......... .......... .......... 80% 64.9M 0s
#6 5.559   8650K .......... .......... .......... .......... .......... 81% 59.5M 0s
#6 5.559   8700K .......... .......... .......... .......... .......... 81% 40.2M 0s
#6 5.561   8750K .......... .......... .......... .......... .......... 82% 43.0M 0s
#6 5.562   8800K .......... .......... .......... .......... .......... 82% 55.0M 0s
#6 5.564   8850K .......... .......... .......... .......... .......... 83% 77.1M 0s
#6 5.564   8900K .......... .......... .......... .......... .......... 83% 69.3M 0s
#6 5.564   8950K .......... .......... .......... .......... .......... 83% 48.6M 0s
#6 5.565   9000K .......... .......... .......... .......... .......... 84% 60.4M 0s
#6 5.568   9050K .......... .......... .......... .......... .......... 84% 72.7M 0s
#6 5.568   9100K .......... .......... .......... .......... .......... 85% 60.1M 0s
#6 5.568   9150K .......... .......... .......... .......... .......... 85% 48.5M 0s
#6 5.568   9200K .......... .......... .......... .......... .......... 86% 55.8M 0s
#6 5.569   9250K .......... .......... .......... .......... .......... 86% 55.3M 0s
#6 5.570   9300K .......... .......... .......... .......... .......... 87% 41.4M 0s
#6 5.571   9350K .......... .......... .......... .......... .......... 87% 60.7M 0s
#6 5.572   9400K .......... .......... .......... .......... .......... 88% 57.6M 0s
#6 5.573   9450K .......... .......... .......... .......... .......... 88% 60.2M 0s
#6 5.574   9500K .......... .......... .......... .......... .......... 89% 46.9M 0s
#6 5.575   9550K .......... .......... .......... .......... .......... 89% 64.9M 0s
#6 5.575   9600K .......... .......... .......... .......... .......... 90% 41.9M 0s
#6 5.577   9650K .......... .......... .......... .......... .......... 90% 55.1M 0s
#6 5.579   9700K .......... .......... .......... .......... .......... 90% 69.8M 0s
#6 5.579   9750K .......... .......... .......... .......... .......... 91% 70.1M 0s
#6 5.579   9800K .......... .......... .......... .......... .......... 91% 58.4M 0s
#6 5.580   9850K .......... .......... .......... .......... .......... 92% 47.8M 0s
#6 5.581   9900K .......... .......... .......... .......... .......... 92% 26.5M 0s
#6 5.583   9950K .......... .......... .......... .......... .......... 93% 68.8M 0s
#6 5.583  10000K .......... .......... .......... .......... .......... 93% 55.4M 0s
#6 5.584  10050K .......... .......... .......... .......... .......... 94% 68.0M 0s
#6 5.587  10100K .......... .......... .......... .......... .......... 94% 63.6M 0s
#6 5.587  10150K .......... .......... .......... .......... .......... 95% 68.0M 0s
#6 5.587  10200K .......... .......... .......... .......... .......... 95% 58.9M 0s
#6 5.587  10250K .......... .......... .......... .......... .......... 96% 15.5M 0s
#6 5.590  10300K .......... .......... .......... .......... .......... 96% 52.7M 0s
#6 5.592  10350K .......... .......... .......... .......... .......... 97% 44.3M 0s
#6 5.593  10400K .......... .......... .......... .......... .......... 97% 76.8M 0s
#6 5.593  10450K .......... .......... .......... .......... .......... 97% 45.5M 0s
#6 5.594  10500K .......... .......... .......... .......... .......... 98% 63.3M 0s
#6 5.595  10550K .......... .......... .......... .......... .......... 98% 56.6M 0s
#6 5.596  10600K .......... .......... .......... .......... .......... 99% 63.9M 0s
#6 5.596  10650K .......... .......... .......... .......... .......... 99% 51.2M 0s
#6 5.597  10700K .......... ......                                     100% 59.7M=0.3s
#6 5.599
#6 5.599 2026-01-17 08:10:52 (40.7 MB/s) - 'nvim-linux-x86_64.tar.gz' saved [10973811/10973811]
#6 5.599
#6 5.605 nvim-linux-x86_64/share/
#6 5.605 nvim-linux-x86_64/share/icons/
#6 5.605 nvim-linux-x86_64/share/icons/hicolor/
#6 5.605 nvim-linux-x86_64/share/icons/hicolor/128x128/
#6 5.605 nvim-linux-x86_64/share/icons/hicolor/128x128/apps/
#6 5.605 nvim-linux-x86_64/share/icons/hicolor/128x128/apps/nvim.png
#6 5.605 nvim-linux-x86_64/share/applications/
#6 5.605 nvim-linux-x86_64/share/applications/nvim.desktop
#6 5.605 nvim-linux-x86_64/share/man/
#6 5.605 nvim-linux-x86_64/share/man/man1/
#6 5.605 nvim-linux-x86_64/share/man/man1/nvim.1
#6 5.605 nvim-linux-x86_64/share/nvim/
#6 5.605 nvim-linux-x86_64/share/nvim/runtime/
#6 5.605 nvim-linux-x86_64/share/nvim/runtime/ftoff.vim
#6 5.605 nvim-linux-x86_64/share/nvim/runtime/indoff.vim
#6 5.605 nvim-linux-x86_64/share/nvim/runtime/filetype.lua
#6 5.605 nvim-linux-x86_64/share/nvim/runtime/syntax/
#6 5.605 nvim-linux-x86_64/share/nvim/runtime/syntax/asy.vim
#6 5.605 nvim-linux-x86_64/share/nvim/runtime/syntax/aidl.vim
#6 5.605 nvim-linux-x86_64/share/nvim/runtime/syntax/dot.vim
#6 5.605 nvim-linux-x86_64/share/nvim/runtime/syntax/cucumber.vim
#6 5.606 nvim-linux-x86_64/share/nvim/runtime/syntax/zir.vim
#6 5.607 nvim-linux-x86_64/share/nvim/runtime/syntax/omnimark.vim
#6 5.607 nvim-linux-x86_64/share/nvim/runtime/syntax/gp.vim
#6 5.607 nvim-linux-x86_64/share/nvim/runtime/syntax/cynpp.vim
#6 5.607 nvim-linux-x86_64/share/nvim/runtime/syntax/svg.vim
#6 5.607 nvim-linux-x86_64/share/nvim/runtime/syntax/xinetd.vim
#6 5.607 nvim-linux-x86_64/share/nvim/runtime/syntax/scss.vim
#6 5.607 nvim-linux-x86_64/share/nvim/runtime/syntax/mermaid.vim
#6 5.607 nvim-linux-x86_64/share/nvim/runtime/syntax/tags.vim
#6 5.607 nvim-linux-x86_64/share/nvim/runtime/syntax/dockerfile.vim
#6 5.607 nvim-linux-x86_64/share/nvim/runtime/syntax/pbtxt.vim
#6 5.607 nvim-linux-x86_64/share/nvim/runtime/syntax/sql.vim
#6 5.608 nvim-linux-x86_64/share/nvim/runtime/syntax/bash.vim
#6 5.608 nvim-linux-x86_64/share/nvim/runtime/syntax/procmail.vim
#6 5.608 nvim-linux-x86_64/share/nvim/runtime/syntax/skill.vim
#6 5.609 nvim-linux-x86_64/share/nvim/runtime/syntax/grads.vim
#6 5.609 nvim-linux-x86_64/share/nvim/runtime/syntax/msmessages.vim
#6 5.609 nvim-linux-x86_64/share/nvim/runtime/syntax/vmasm.vim
#6 5.609 nvim-linux-x86_64/share/nvim/runtime/syntax/bindzone.vim
#6 5.609 nvim-linux-x86_64/share/nvim/runtime/syntax/tilde.vim
#6 5.609 nvim-linux-x86_64/share/nvim/runtime/syntax/expect.vim
#6 5.609 nvim-linux-x86_64/share/nvim/runtime/syntax/docbk.vim
#6 5.609 nvim-linux-x86_64/share/nvim/runtime/syntax/ampl.vim
#6 5.610 nvim-linux-x86_64/share/nvim/runtime/syntax/foxpro.vim
#6 5.610 nvim-linux-x86_64/share/nvim/runtime/syntax/sbt.vim
#6 5.610 nvim-linux-x86_64/share/nvim/runtime/syntax/typescript.vim
#6 5.610 nvim-linux-x86_64/share/nvim/runtime/syntax/xhtml.vim
#6 5.610 nvim-linux-x86_64/share/nvim/runtime/syntax/n1ql.vim
#6 5.610 nvim-linux-x86_64/share/nvim/runtime/syntax/specman.vim
#6 5.610 nvim-linux-x86_64/share/nvim/runtime/syntax/tiasm.vim
#6 5.610 nvim-linux-x86_64/share/nvim/runtime/syntax/pf.vim
#6 5.612 nvim-linux-x86_64/share/nvim/runtime/syntax/vim/
#6 5.612 nvim-linux-x86_64/share/nvim/runtime/syntax/vim/generated.vim
#6 5.612 nvim-linux-x86_64/share/nvim/runtime/syntax/m3quake.vim
#6 5.612 nvim-linux-x86_64/share/nvim/runtime/syntax/virata.vim
#6 5.612 nvim-linux-x86_64/share/nvim/runtime/syntax/cabalconfig.vim
#6 5.612 nvim-linux-x86_64/share/nvim/runtime/syntax/udevperm.vim
#6 5.612 nvim-linux-x86_64/share/nvim/runtime/syntax/xpm2.vim
#6 5.612 nvim-linux-x86_64/share/nvim/runtime/syntax/docbksgml.vim
#6 5.612 nvim-linux-x86_64/share/nvim/runtime/syntax/euphoria3.vim
#6 5.613 nvim-linux-x86_64/share/nvim/runtime/syntax/markdown.vim
#6 5.613 nvim-linux-x86_64/share/nvim/runtime/syntax/loginaccess.vim
#6 5.613 nvim-linux-x86_64/share/nvim/runtime/syntax/plaintex.vim
#6 5.613 nvim-linux-x86_64/share/nvim/runtime/syntax/modula2.vim
#6 5.613 nvim-linux-x86_64/share/nvim/runtime/syntax/tt2.vim
#6 5.613 nvim-linux-x86_64/share/nvim/runtime/syntax/m17ndb.vim
#6 5.614 nvim-linux-x86_64/share/nvim/runtime/syntax/gitignore.vim
#6 5.614 nvim-linux-x86_64/share/nvim/runtime/syntax/idlang.vim
#6 5.614 nvim-linux-x86_64/share/nvim/runtime/syntax/lhaskell.vim
#6 5.614 nvim-linux-x86_64/share/nvim/runtime/syntax/xcompose.vim
#6 5.614 nvim-linux-x86_64/share/nvim/runtime/syntax/bdf.vim
#6 5.614 nvim-linux-x86_64/share/nvim/runtime/syntax/mojo.vim
#6 5.614 nvim-linux-x86_64/share/nvim/runtime/syntax/autoit.vim
#6 5.615 nvim-linux-x86_64/share/nvim/runtime/syntax/debcopyright.vim
#6 5.615 nvim-linux-x86_64/share/nvim/runtime/syntax/usw2kagtlog.vim
#6 5.615 nvim-linux-x86_64/share/nvim/runtime/syntax/eruby.vim
#6 5.615 nvim-linux-x86_64/share/nvim/runtime/syntax/chatito.vim
#6 5.615 nvim-linux-x86_64/share/nvim/runtime/syntax/cupl.vim
#6 5.615 nvim-linux-x86_64/share/nvim/runtime/syntax/model.vim
#6 5.615 nvim-linux-x86_64/share/nvim/runtime/syntax/latte.vim
#6 5.615 nvim-linux-x86_64/share/nvim/runtime/syntax/hyprlang.vim
#6 5.615 nvim-linux-x86_64/share/nvim/runtime/syntax/pccts.vim
#6 5.615 nvim-linux-x86_64/share/nvim/runtime/syntax/occam.vim
#6 5.615 nvim-linux-x86_64/share/nvim/runtime/syntax/gift.vim
#6 5.616 nvim-linux-x86_64/share/nvim/runtime/syntax/framescript.vim
#6 5.616 nvim-linux-x86_64/share/nvim/runtime/syntax/htmldjango.vim
#6 5.616 nvim-linux-x86_64/share/nvim/runtime/syntax/acedb.vim
#6 5.616 nvim-linux-x86_64/share/nvim/runtime/syntax/vhdl.vim
#6 5.616 nvim-linux-x86_64/share/nvim/runtime/syntax/web.vim
#6 5.616 nvim-linux-x86_64/share/nvim/runtime/syntax/sm.vim
#6 5.616 nvim-linux-x86_64/share/nvim/runtime/syntax/karel.vim
#6 5.616 nvim-linux-x86_64/share/nvim/runtime/syntax/dylan.vim
#6 5.617 nvim-linux-x86_64/share/nvim/runtime/syntax/sqlj.vim
#6 5.617 nvim-linux-x86_64/share/nvim/runtime/syntax/lsp_markdown.vim
#6 5.617 nvim-linux-x86_64/share/nvim/runtime/syntax/mupad.vim
#6 5.617 nvim-linux-x86_64/share/nvim/runtime/syntax/aspvbs.vim
#6 5.617 nvim-linux-x86_64/share/nvim/runtime/syntax/exports.vim
#6 5.617 nvim-linux-x86_64/share/nvim/runtime/syntax/lite.vim
#6 5.617 nvim-linux-x86_64/share/nvim/runtime/syntax/idris2.vim
#6 5.617 nvim-linux-x86_64/share/nvim/runtime/syntax/murphi.vim
#6 5.617 nvim-linux-x86_64/share/nvim/runtime/syntax/unison.vim
#6 5.617 nvim-linux-x86_64/share/nvim/runtime/syntax/mmix.vim
#6 5.617 nvim-linux-x86_64/share/nvim/runtime/syntax/ssa.vim
#6 5.618 nvim-linux-x86_64/share/nvim/runtime/syntax/8th.vim
#6 5.618 nvim-linux-x86_64/share/nvim/runtime/syntax/pamenv.vim
#6 5.618 nvim-linux-x86_64/share/nvim/runtime/syntax/obj.vim
#6 5.619 nvim-linux-x86_64/share/nvim/runtime/syntax/javacc.vim
#6 5.619 nvim-linux-x86_64/share/nvim/runtime/syntax/vb.vim
#6 5.619 nvim-linux-x86_64/share/nvim/runtime/syntax/psl.vim
#6 5.619 nvim-linux-x86_64/share/nvim/runtime/syntax/python2.vim
#6 5.619 nvim-linux-x86_64/share/nvim/runtime/syntax/antlr4.vim
#6 5.619 nvim-linux-x86_64/share/nvim/runtime/syntax/abnf.vim
#6 5.619 nvim-linux-x86_64/share/nvim/runtime/syntax/dtd.vim
#6 5.620 nvim-linux-x86_64/share/nvim/runtime/syntax/upstart.vim
#6 5.620 nvim-linux-x86_64/share/nvim/runtime/syntax/mason.vim
#6 5.620 nvim-linux-x86_64/share/nvim/runtime/syntax/takout.vim
#6 5.620 nvim-linux-x86_64/share/nvim/runtime/syntax/tcl.vim
#6 5.620 nvim-linux-x86_64/share/nvim/runtime/syntax/tutor.vim
#6 5.620 nvim-linux-x86_64/share/nvim/runtime/syntax/resolv.vim
#6 5.620 nvim-linux-x86_64/share/nvim/runtime/syntax/zathurarc.vim
#6 5.620 nvim-linux-x86_64/share/nvim/runtime/syntax/ctrlh.vim
#6 5.620 nvim-linux-x86_64/share/nvim/runtime/syntax/denyhosts.vim
#6 5.620 nvim-linux-x86_64/share/nvim/runtime/syntax/abap.vim
#6 5.620 nvim-linux-x86_64/share/nvim/runtime/syntax/vrml.vim
#6 5.620 nvim-linux-x86_64/share/nvim/runtime/syntax/b.vim
#6 5.620 nvim-linux-x86_64/share/nvim/runtime/syntax/ant.vim
#6 5.620 nvim-linux-x86_64/share/nvim/runtime/syntax/pascal.vim
#6 5.620 nvim-linux-x86_64/share/nvim/runtime/syntax/sensors.vim
#6 5.621 nvim-linux-x86_64/share/nvim/runtime/syntax/uc.vim
#6 5.621 nvim-linux-x86_64/share/nvim/runtime/syntax/squirrel.vim
#6 5.621 nvim-linux-x86_64/share/nvim/runtime/syntax/ist.vim
#6 5.621 nvim-linux-x86_64/share/nvim/runtime/syntax/basic.vim
#6 5.621 nvim-linux-x86_64/share/nvim/runtime/syntax/help_ru.vim
#6 5.621 nvim-linux-x86_64/share/nvim/runtime/syntax/litestep.vim
#6 5.622 nvim-linux-x86_64/share/nvim/runtime/syntax/neomuttrc.vim
#6 5.622 nvim-linux-x86_64/share/nvim/runtime/syntax/dep3patch.vim
#6 5.622 nvim-linux-x86_64/share/nvim/runtime/syntax/vimnormal.vim
#6 5.622 nvim-linux-x86_64/share/nvim/runtime/syntax/art.vim
#6 5.622 nvim-linux-x86_64/share/nvim/runtime/syntax/ocaml.vim
#6 5.622 nvim-linux-x86_64/share/nvim/runtime/syntax/j.vim
#6 5.622 nvim-linux-x86_64/share/nvim/runtime/syntax/smil.vim
#6 5.623 nvim-linux-x86_64/share/nvim/runtime/syntax/tt2js.vim
#6 5.623 nvim-linux-x86_64/share/nvim/runtime/syntax/bc.vim
#6 5.623 nvim-linux-x86_64/share/nvim/runtime/syntax/slice.vim
#6 5.623 nvim-linux-x86_64/share/nvim/runtime/syntax/upstreaminstalllog.vim
#6 5.623 nvim-linux-x86_64/share/nvim/runtime/syntax/dns.vim
#6 5.623 nvim-linux-x86_64/share/nvim/runtime/syntax/asm.vim
#6 5.623 nvim-linux-x86_64/share/nvim/runtime/syntax/awk.vim
#6 5.624 nvim-linux-x86_64/share/nvim/runtime/syntax/racc.vim
#6 5.624 nvim-linux-x86_64/share/nvim/runtime/syntax/hex.vim
#6 5.624 nvim-linux-x86_64/share/nvim/runtime/syntax/fstab.vim
#6 5.625 nvim-linux-x86_64/share/nvim/runtime/syntax/mgp.vim
#6 5.625 nvim-linux-x86_64/share/nvim/runtime/syntax/terraform.vim
#6 5.625 nvim-linux-x86_64/share/nvim/runtime/syntax/slang.vim
#6 5.625 nvim-linux-x86_64/share/nvim/runtime/syntax/elinks.vim
#6 5.626 nvim-linux-x86_64/share/nvim/runtime/syntax/maple.vim
#6 5.627 nvim-linux-x86_64/share/nvim/runtime/syntax/kdl.vim
#6 5.627 nvim-linux-x86_64/share/nvim/runtime/syntax/erlang.vim
#6 5.627 nvim-linux-x86_64/share/nvim/runtime/syntax/rapid.vim
#6 5.627 nvim-linux-x86_64/share/nvim/runtime/syntax/icon.vim
#6 5.627 nvim-linux-x86_64/share/nvim/runtime/syntax/mel.vim
#6 5.627 nvim-linux-x86_64/share/nvim/runtime/syntax/takcmp.vim
#6 5.627 nvim-linux-x86_64/share/nvim/runtime/syntax/srt.vim
#6 5.627 nvim-linux-x86_64/share/nvim/runtime/syntax/atlas.vim
#6 5.628 nvim-linux-x86_64/share/nvim/runtime/syntax/prql.vim
#6 5.628 nvim-linux-x86_64/share/nvim/runtime/syntax/btm.vim
#6 5.628 nvim-linux-x86_64/share/nvim/runtime/syntax/lss.vim
#6 5.628 nvim-linux-x86_64/share/nvim/runtime/syntax/vera.vim
#6 5.628 nvim-linux-x86_64/share/nvim/runtime/syntax/dylanlid.vim
#6 5.628 nvim-linux-x86_64/share/nvim/runtime/syntax/pacmanlog.vim
#6 5.628 nvim-linux-x86_64/share/nvim/runtime/syntax/lout.vim
#6 5.628 nvim-linux-x86_64/share/nvim/runtime/syntax/alsaconf.vim
#6 5.628 nvim-linux-x86_64/share/nvim/runtime/syntax/ppwiz.vim
#6 5.628 nvim-linux-x86_64/share/nvim/runtime/syntax/mgl.vim
#6 5.628 nvim-linux-x86_64/share/nvim/runtime/syntax/swift.vim
#6 5.628 nvim-linux-x86_64/share/nvim/runtime/syntax/dosbatch.vim
#6 5.629 nvim-linux-x86_64/share/nvim/runtime/syntax/vue.vim
#6 5.629 nvim-linux-x86_64/share/nvim/runtime/syntax/cl.vim
#6 5.629 nvim-linux-x86_64/share/nvim/runtime/syntax/cuplsim.vim
#6 5.629 nvim-linux-x86_64/share/nvim/runtime/syntax/aspperl.vim
#6 5.630 nvim-linux-x86_64/share/nvim/runtime/syntax/a65.vim
#6 5.630 nvim-linux-x86_64/share/nvim/runtime/syntax/abaqus.vim
#6 5.630 nvim-linux-x86_64/share/nvim/runtime/syntax/avra.vim
#6 5.630 nvim-linux-x86_64/share/nvim/runtime/syntax/smith.vim
#6 5.630 nvim-linux-x86_64/share/nvim/runtime/syntax/tli.vim
#6 5.630 nvim-linux-x86_64/share/nvim/runtime/syntax/fgl.vim
#6 5.631 nvim-linux-x86_64/share/nvim/runtime/syntax/swig.vim
#6 5.631 nvim-linux-x86_64/share/nvim/runtime/syntax/logindefs.vim
#6 5.631 nvim-linux-x86_64/share/nvim/runtime/syntax/csdl.vim
#6 5.631 nvim-linux-x86_64/share/nvim/runtime/syntax/gitattributes.vim
#6 5.631 nvim-linux-x86_64/share/nvim/runtime/syntax/fish.vim
#6 5.631 nvim-linux-x86_64/share/nvim/runtime/syntax/rc.vim
#6 5.631 nvim-linux-x86_64/share/nvim/runtime/syntax/antlr.vim
#6 5.631 nvim-linux-x86_64/share/nvim/runtime/syntax/less.vim
#6 5.631 nvim-linux-x86_64/share/nvim/runtime/syntax/pine.vim
#6 5.631 nvim-linux-x86_64/share/nvim/runtime/syntax/xf86conf.vim
#6 5.632 nvim-linux-x86_64/share/nvim/runtime/syntax/gsp.vim
#6 5.633 nvim-linux-x86_64/share/nvim/runtime/syntax/xxd.vim
#6 5.633 nvim-linux-x86_64/share/nvim/runtime/syntax/autodoc.vim
#6 5.633 nvim-linux-x86_64/share/nvim/runtime/syntax/lnk.vim
#6 5.633 nvim-linux-x86_64/share/nvim/runtime/syntax/lace.vim
#6 5.633 nvim-linux-x86_64/share/nvim/runtime/syntax/tsalt.vim
#6 5.633 nvim-linux-x86_64/share/nvim/runtime/syntax/swayconfig.vim
#6 5.633 nvim-linux-x86_64/share/nvim/runtime/syntax/sudoers.vim
#6 5.633 nvim-linux-x86_64/share/nvim/runtime/syntax/lynx.vim
#6 5.633 nvim-linux-x86_64/share/nvim/runtime/syntax/rib.vim
#6 5.633 nvim-linux-x86_64/share/nvim/runtime/syntax/pli.vim
#6 5.634 nvim-linux-x86_64/share/nvim/runtime/syntax/man.vim
#6 5.635 nvim-linux-x86_64/share/nvim/runtime/syntax/odin.vim
#6 5.635 nvim-linux-x86_64/share/nvim/runtime/syntax/trasys.vim
#6 5.635 nvim-linux-x86_64/share/nvim/runtime/syntax/xdefaults.vim
#6 5.635 nvim-linux-x86_64/share/nvim/runtime/syntax/gprof.vim
#6 5.635 nvim-linux-x86_64/share/nvim/runtime/syntax/sysctl.vim
#6 5.635 nvim-linux-x86_64/share/nvim/runtime/syntax/ninja.vim
#6 5.635 nvim-linux-x86_64/share/nvim/runtime/syntax/form.vim
#6 5.635 nvim-linux-x86_64/share/nvim/runtime/syntax/i3config.vim
#6 5.635 nvim-linux-x86_64/share/nvim/runtime/syntax/stylus.vim
#6 5.635 nvim-linux-x86_64/share/nvim/runtime/syntax/mf.vim
#6 5.635 nvim-linux-x86_64/share/nvim/runtime/syntax/cfg.vim
#6 5.635 nvim-linux-x86_64/share/nvim/runtime/syntax/xsd.vim
#6 5.636 nvim-linux-x86_64/share/nvim/runtime/syntax/c.vim
#6 5.636 nvim-linux-x86_64/share/nvim/runtime/syntax/json5.vim
#6 5.636 nvim-linux-x86_64/share/nvim/runtime/syntax/squid.vim
#6 5.636 nvim-linux-x86_64/share/nvim/runtime/syntax/cdrtoc.vim
#6 5.636 nvim-linux-x86_64/share/nvim/runtime/syntax/m4.vim
#6 5.636 nvim-linux-x86_64/share/nvim/runtime/syntax/mailaliases.vim
#6 5.637 nvim-linux-x86_64/share/nvim/runtime/syntax/diva.vim
#6 5.637 nvim-linux-x86_64/share/nvim/runtime/syntax/query.lua
#6 5.637 nvim-linux-x86_64/share/nvim/runtime/syntax/bsdl.vim
#6 5.637 nvim-linux-x86_64/share/nvim/runtime/syntax/objc.vim
#6 5.637 nvim-linux-x86_64/share/nvim/runtime/syntax/tak.vim
#6 5.637 nvim-linux-x86_64/share/nvim/runtime/syntax/hastepreproc.vim
#6 5.637 nvim-linux-x86_64/share/nvim/runtime/syntax/rst.vim
#6 5.638 nvim-linux-x86_64/share/nvim/runtime/syntax/setserial.vim
#6 5.638 nvim-linux-x86_64/share/nvim/runtime/syntax/gpg.vim
#6 5.638 nvim-linux-x86_64/share/nvim/runtime/syntax/spup.vim
#6 5.638 nvim-linux-x86_64/share/nvim/runtime/syntax/typst.vim
#6 5.638 nvim-linux-x86_64/share/nvim/runtime/syntax/doxygen.vim
#6 5.638 nvim-linux-x86_64/share/nvim/runtime/syntax/hitest.vim
#6 5.638 nvim-linux-x86_64/share/nvim/runtime/syntax/diff.vim
#6 5.638 nvim-linux-x86_64/share/nvim/runtime/syntax/vroom.vim
#6 5.638 nvim-linux-x86_64/share/nvim/runtime/syntax/crontab.vim
#6 5.639 nvim-linux-x86_64/share/nvim/runtime/syntax/goaccess.vim
#6 5.639 nvim-linux-x86_64/share/nvim/runtime/syntax/sshdconfig.vim
#6 5.639 nvim-linux-x86_64/share/nvim/runtime/syntax/slpconf.vim
#6 5.639 nvim-linux-x86_64/share/nvim/runtime/syntax/simula.vim
#6 5.639 nvim-linux-x86_64/share/nvim/runtime/syntax/nix.vim
#6 5.639 nvim-linux-x86_64/share/nvim/runtime/syntax/rebol.vim
#6 5.639 nvim-linux-x86_64/share/nvim/runtime/syntax/lotos.vim
#6 5.639 nvim-linux-x86_64/share/nvim/runtime/syntax/gitconfig.vim
#6 5.639 nvim-linux-x86_64/share/nvim/runtime/syntax/sindacmp.vim
#6 5.639 nvim-linux-x86_64/share/nvim/runtime/syntax/gvpr.vim
#6 5.639 nvim-linux-x86_64/share/nvim/runtime/syntax/libao.vim
#6 5.639 nvim-linux-x86_64/share/nvim/runtime/syntax/dircolors.vim
#6 5.639 nvim-linux-x86_64/share/nvim/runtime/syntax/wget2.vim
#6 5.641 nvim-linux-x86_64/share/nvim/runtime/syntax/dtrace.vim
#6 5.641 nvim-linux-x86_64/share/nvim/runtime/syntax/help_it.vim
#6 5.641 nvim-linux-x86_64/share/nvim/runtime/syntax/slrnrc.vim
#6 5.641 nvim-linux-x86_64/share/nvim/runtime/syntax/asmh8300.vim
#6 5.641 nvim-linux-x86_64/share/nvim/runtime/syntax/wdl.vim
#6 5.641 nvim-linux-x86_64/share/nvim/runtime/syntax/upstreamlog.vim
#6 5.641 nvim-linux-x86_64/share/nvim/runtime/syntax/purifylog.vim
#6 5.641 nvim-linux-x86_64/share/nvim/runtime/syntax/pyrex.vim
#6 5.641 nvim-linux-x86_64/share/nvim/runtime/syntax/just.vim
#6 5.641 nvim-linux-x86_64/share/nvim/runtime/syntax/upstreamdat.vim
#6 5.641 nvim-linux-x86_64/share/nvim/runtime/syntax/mib.vim
#6 5.641 nvim-linux-x86_64/share/nvim/runtime/syntax/coco.vim
#6 5.641 nvim-linux-x86_64/share/nvim/runtime/syntax/mush.vim
#6 5.641 nvim-linux-x86_64/share/nvim/runtime/syntax/postscr.vim
#6 5.642 nvim-linux-x86_64/share/nvim/runtime/syntax/rrst.vim
#6 5.642 nvim-linux-x86_64/share/nvim/runtime/syntax/ratpoison.vim
#6 5.642 nvim-linux-x86_64/share/nvim/runtime/syntax/jal.vim
#6 5.642 nvim-linux-x86_64/share/nvim/runtime/syntax/poke.vim
#6 5.642 nvim-linux-x86_64/share/nvim/runtime/syntax/sqr.vim
#6 5.642 nvim-linux-x86_64/share/nvim/runtime/syntax/xslt.vim
#6 5.642 nvim-linux-x86_64/share/nvim/runtime/syntax/jsp.vim
#6 5.642 nvim-linux-x86_64/share/nvim/runtime/syntax/sl.vim
#6 5.642 nvim-linux-x86_64/share/nvim/runtime/syntax/dts.vim
#6 5.642 nvim-linux-x86_64/share/nvim/runtime/syntax/fortran.vim
#6 5.643 nvim-linux-x86_64/share/nvim/runtime/syntax/def.vim
#6 5.643 nvim-linux-x86_64/share/nvim/runtime/syntax/colortest.vim
#6 5.643 nvim-linux-x86_64/share/nvim/runtime/syntax/liquid.vim
#6 5.643 nvim-linux-x86_64/share/nvim/runtime/syntax/wml.vim
#6 5.643 nvim-linux-x86_64/share/nvim/runtime/syntax/confini.vim
#6 5.643 nvim-linux-x86_64/share/nvim/runtime/syntax/syntax.vim
#6 5.643 nvim-linux-x86_64/share/nvim/runtime/syntax/valgrind.vim
#6 5.643 nvim-linux-x86_64/share/nvim/runtime/syntax/mrxvtrc.vim
#6 5.643 nvim-linux-x86_64/share/nvim/runtime/syntax/csv.vim
#6 5.644 nvim-linux-x86_64/share/nvim/runtime/syntax/glsl.vim
#6 5.644 nvim-linux-x86_64/share/nvim/runtime/syntax/lidris2.vim
#6 5.644 nvim-linux-x86_64/share/nvim/runtime/syntax/spajson.vim
#6 5.644 nvim-linux-x86_64/share/nvim/runtime/syntax/cgdbrc.vim
#6 5.644 nvim-linux-x86_64/share/nvim/runtime/syntax/lscript.vim
#6 5.644 nvim-linux-x86_64/share/nvim/runtime/syntax/ldif.vim
#6 5.644 nvim-linux-x86_64/share/nvim/runtime/syntax/poefilter.vim
#6 5.644 nvim-linux-x86_64/share/nvim/runtime/syntax/htmlangular.vim
#6 5.644 nvim-linux-x86_64/share/nvim/runtime/syntax/clojure.vim
#6 5.645 nvim-linux-x86_64/share/nvim/runtime/syntax/modula2/
#6 5.645 nvim-linux-x86_64/share/nvim/runtime/syntax/modula2/opt/
#6 5.645 nvim-linux-x86_64/share/nvim/runtime/syntax/modula2/opt/iso.vim
#6 5.645 nvim-linux-x86_64/share/nvim/runtime/syntax/modula2/opt/pim.vim
#6 5.645 nvim-linux-x86_64/share/nvim/runtime/syntax/modula2/opt/r10.vim
#6 5.646 nvim-linux-x86_64/share/nvim/runtime/syntax/scdoc.vim
#6 5.646 nvim-linux-x86_64/share/nvim/runtime/syntax/cabalproject.vim
#6 5.646 nvim-linux-x86_64/share/nvim/runtime/syntax/html.vim
#6 5.646 nvim-linux-x86_64/share/nvim/runtime/syntax/astro.vim
#6 5.647 nvim-linux-x86_64/share/nvim/runtime/syntax/r.vim
#6 5.647 nvim-linux-x86_64/share/nvim/runtime/syntax/gitsendemail.vim
#6 5.647 nvim-linux-x86_64/share/nvim/runtime/syntax/hostsaccess.vim
#6 5.647 nvim-linux-x86_64/share/nvim/runtime/syntax/srec.vim
#6 5.647 nvim-linux-x86_64/share/nvim/runtime/syntax/uil.vim
#6 5.647 nvim-linux-x86_64/share/nvim/runtime/syntax/openscad.vim
#6 5.647 nvim-linux-x86_64/share/nvim/runtime/syntax/shaderslang.vim
#6 5.647 nvim-linux-x86_64/share/nvim/runtime/syntax/z8a.vim
#6 5.647 nvim-linux-x86_64/share/nvim/runtime/syntax/ncf.vim
#6 5.647 nvim-linux-x86_64/share/nvim/runtime/syntax/scheme.vim
#6 5.648 nvim-linux-x86_64/share/nvim/runtime/syntax/vim.vim
#6 5.648 nvim-linux-x86_64/share/nvim/runtime/syntax/tssgm.vim
#6 5.648 nvim-linux-x86_64/share/nvim/runtime/syntax/qb64.vim
#6 5.650 nvim-linux-x86_64/share/nvim/runtime/syntax/ondir.vim
#6 5.650 nvim-linux-x86_64/share/nvim/runtime/syntax/ldapconf.vim
#6 5.650 nvim-linux-x86_64/share/nvim/runtime/syntax/git.vim
#6 5.650 nvim-linux-x86_64/share/nvim/runtime/syntax/updatedb.vim
#6 5.650 nvim-linux-x86_64/share/nvim/runtime/syntax/requirements.vim
#6 5.650 nvim-linux-x86_64/share/nvim/runtime/syntax/hamster.vim
#6 5.650 nvim-linux-x86_64/share/nvim/runtime/syntax/slrnsc.vim
#6 5.650 nvim-linux-x86_64/share/nvim/runtime/syntax/ipkg.vim
#6 5.650 nvim-linux-x86_64/share/nvim/runtime/syntax/chordpro.vim
#6 5.650 nvim-linux-x86_64/share/nvim/runtime/syntax/ecd.vim
#6 5.650 nvim-linux-x86_64/share/nvim/runtime/syntax/tcsh.vim
#6 5.650 nvim-linux-x86_64/share/nvim/runtime/syntax/rpcgen.vim
#6 5.650 nvim-linux-x86_64/share/nvim/runtime/syntax/netrc.vim
#6 5.650 nvim-linux-x86_64/share/nvim/runtime/syntax/hgcommit.vim
#6 5.650 nvim-linux-x86_64/share/nvim/runtime/syntax/dnsmasq.vim
#6 5.650 nvim-linux-x86_64/share/nvim/runtime/syntax/sexplib.vim
#6 5.650 nvim-linux-x86_64/share/nvim/runtime/syntax/plp.vim
#6 5.650 nvim-linux-x86_64/share/nvim/runtime/syntax/xmodmap.vim
#6 5.650 nvim-linux-x86_64/share/nvim/runtime/syntax/sdc.vim
#6 5.650 nvim-linux-x86_64/share/nvim/runtime/syntax/gdresource.vim
#6 5.650 nvim-linux-x86_64/share/nvim/runtime/syntax/dylanintr.vim
#6 5.651 nvim-linux-x86_64/share/nvim/runtime/syntax/rtf.vim
#6 5.651 nvim-linux-x86_64/share/nvim/runtime/syntax/splint.vim
#6 5.651 nvim-linux-x86_64/share/nvim/runtime/syntax/webmacro.vim
#6 5.651 nvim-linux-x86_64/share/nvim/runtime/syntax/sass.vim
#6 5.651 nvim-linux-x86_64/share/nvim/runtime/syntax/objcpp.vim
#6 5.652 nvim-linux-x86_64/share/nvim/runtime/syntax/wvdial.vim
#6 5.652 nvim-linux-x86_64/share/nvim/runtime/syntax/falcon.vim
#6 5.652 nvim-linux-x86_64/share/nvim/runtime/syntax/natural.vim
#6 5.652 nvim-linux-x86_64/share/nvim/runtime/syntax/make.vim
#6 5.652 nvim-linux-x86_64/share/nvim/runtime/syntax/aml.vim
#6 5.652 nvim-linux-x86_64/share/nvim/runtime/syntax/livebook.vim
#6 5.652 nvim-linux-x86_64/share/nvim/runtime/syntax/lnkmap.vim
#6 5.653 nvim-linux-x86_64/share/nvim/runtime/syntax/gdscript.vim
#6 5.653 nvim-linux-x86_64/share/nvim/runtime/syntax/catalog.vim
#6 5.653 nvim-linux-x86_64/share/nvim/runtime/syntax/datascript.vim
#6 5.653 nvim-linux-x86_64/share/nvim/runtime/syntax/yacc.vim
#6 5.653 nvim-linux-x86_64/share/nvim/runtime/syntax/tsv.vim
#6 5.654 nvim-linux-x86_64/share/nvim/runtime/syntax/cynlib.vim
#6 5.654 nvim-linux-x86_64/share/nvim/runtime/syntax/lua.vim
#6 5.654 nvim-linux-x86_64/share/nvim/runtime/syntax/wsml.vim
#6 5.654 nvim-linux-x86_64/share/nvim/runtime/syntax/blank.vim
#6 5.654 nvim-linux-x86_64/share/nvim/runtime/syntax/mp.vim
#6 5.655 nvim-linux-x86_64/share/nvim/runtime/syntax/uci.vim
#6 5.656 nvim-linux-x86_64/share/nvim/runtime/syntax/dracula.vim
#6 5.656 nvim-linux-x86_64/share/nvim/runtime/syntax/haste.vim
#6 5.656 nvim-linux-x86_64/share/nvim/runtime/syntax/eterm.vim
#6 5.656 nvim-linux-x86_64/share/nvim/runtime/syntax/idl.vim
#6 5.656 nvim-linux-x86_64/share/nvim/runtime/syntax/tf.vim
#6 5.656 nvim-linux-x86_64/share/nvim/runtime/syntax/mix.vim
#6 5.656 nvim-linux-x86_64/share/nvim/runtime/syntax/verilogams.vim
#6 5.657 nvim-linux-x86_64/share/nvim/runtime/syntax/zserio.vim
#6 5.658 nvim-linux-x86_64/share/nvim/runtime/syntax/sshconfig.vim
#6 5.658 nvim-linux-x86_64/share/nvim/runtime/syntax/sinda.vim
#6 5.658 nvim-linux-x86_64/share/nvim/runtime/syntax/rasi.vim
#6 5.658 nvim-linux-x86_64/share/nvim/runtime/syntax/dart.vim
#6 5.658 nvim-linux-x86_64/share/nvim/runtime/syntax/mma.vim
#6 5.659 nvim-linux-x86_64/share/nvim/runtime/syntax/cheetah.vim
#6 5.660 nvim-linux-x86_64/share/nvim/runtime/syntax/fvwm2m4.vim
#6 5.660 nvim-linux-x86_64/share/nvim/runtime/syntax/hercules.vim
#6 5.660 nvim-linux-x86_64/share/nvim/runtime/syntax/cmacro.vim
#6 5.660 nvim-linux-x86_64/share/nvim/runtime/syntax/tutor.lua
#6 5.660 nvim-linux-x86_64/share/nvim/runtime/syntax/sas.vim
#6 5.660 nvim-linux-x86_64/share/nvim/runtime/syntax/nsis.vim
#6 5.661 nvim-linux-x86_64/share/nvim/runtime/syntax/eviews.vim
#6 5.661 nvim-linux-x86_64/share/nvim/runtime/syntax/mss.vim
#6 5.661 nvim-linux-x86_64/share/nvim/runtime/syntax/README.txt
#6 5.661 nvim-linux-x86_64/share/nvim/runtime/syntax/template.vim
#6 5.662 nvim-linux-x86_64/share/nvim/runtime/syntax/a2ps.vim
#6 5.662 nvim-linux-x86_64/share/nvim/runtime/syntax/tera.vim
#6 5.663 nvim-linux-x86_64/share/nvim/runtime/syntax/yaml.vim
#6 5.663 nvim-linux-x86_64/share/nvim/runtime/syntax/lilo.vim
#6 5.664 nvim-linux-x86_64/share/nvim/runtime/syntax/dune.vim
#6 5.664 nvim-linux-x86_64/share/nvim/runtime/syntax/texmf.vim
#6 5.664 nvim-linux-x86_64/share/nvim/runtime/syntax/esterel.vim
#6 5.665 nvim-linux-x86_64/share/nvim/runtime/syntax/fan.vim
#6 5.665 nvim-linux-x86_64/share/nvim/runtime/syntax/salt.vim
#6 5.665 nvim-linux-x86_64/share/nvim/runtime/syntax/graphql.vim
#6 5.666 nvim-linux-x86_64/share/nvim/runtime/syntax/tasm.vim
#6 5.666 nvim-linux-x86_64/share/nvim/runtime/syntax/automake.vim
#6 5.666 nvim-linux-x86_64/share/nvim/runtime/syntax/radiance.vim
#6 5.667 nvim-linux-x86_64/share/nvim/runtime/syntax/elf.vim
#6 5.667 nvim-linux-x86_64/share/nvim/runtime/syntax/json.vim
#6 5.667 nvim-linux-x86_64/share/nvim/runtime/syntax/kix.vim
#6 5.667 nvim-linux-x86_64/share/nvim/runtime/syntax/opencl.vim
#6 5.667 nvim-linux-x86_64/share/nvim/runtime/syntax/luau.vim
#6 5.668 nvim-linux-x86_64/share/nvim/runtime/syntax/ruby.vim
#6 5.668 nvim-linux-x86_64/share/nvim/runtime/syntax/inittab.vim
#6 5.668 nvim-linux-x86_64/share/nvim/runtime/syntax/cterm.vim
#6 5.668 nvim-linux-x86_64/share/nvim/runtime/syntax/wsh.vim
#6 5.668 nvim-linux-x86_64/share/nvim/runtime/syntax/quake.vim
#6 5.669 nvim-linux-x86_64/share/nvim/runtime/syntax/ppd.vim
#6 5.669 nvim-linux-x86_64/share/nvim/runtime/syntax/plsql.vim
#6 5.669 nvim-linux-x86_64/share/nvim/runtime/syntax/go.vim
#6 5.669 nvim-linux-x86_64/share/nvim/runtime/syntax/krl.vim
#6 5.670 nvim-linux-x86_64/share/nvim/runtime/syntax/pfmain.vim
#6 5.671 nvim-linux-x86_64/share/nvim/runtime/syntax/cmod.vim
#6 5.671 nvim-linux-x86_64/share/nvim/runtime/syntax/sqlforms.vim
#6 5.671 nvim-linux-x86_64/share/nvim/runtime/syntax/usserverlog.vim
#6 5.671 nvim-linux-x86_64/share/nvim/runtime/syntax/sed.vim
#6 5.671 nvim-linux-x86_64/share/nvim/runtime/syntax/ptx.vim
#6 5.671 nvim-linux-x86_64/share/nvim/runtime/syntax/dcd.vim
#6 5.671 nvim-linux-x86_64/share/nvim/runtime/syntax/qf.vim
#6 5.672 nvim-linux-x86_64/share/nvim/runtime/syntax/muttrc.vim
#6 5.672 nvim-linux-x86_64/share/nvim/runtime/syntax/nroff.vim
#6 5.673 nvim-linux-x86_64/share/nvim/runtime/syntax/lyrics.vim
#6 5.673 nvim-linux-x86_64/share/nvim/runtime/syntax/wat.vim
#6 5.673 nvim-linux-x86_64/share/nvim/runtime/syntax/psf.vim
#6 5.673 nvim-linux-x86_64/share/nvim/runtime/syntax/sqlanywhere.vim
#6 5.673 nvim-linux-x86_64/share/nvim/runtime/syntax/sindaout.vim
#6 5.673 nvim-linux-x86_64/share/nvim/runtime/syntax/cuda.vim
#6 5.673 nvim-linux-x86_64/share/nvim/runtime/syntax/chaiscript.vim
#6 5.673 nvim-linux-x86_64/share/nvim/runtime/syntax/gedcom.vim
#6 5.674 nvim-linux-x86_64/share/nvim/runtime/syntax/hollywood.vim
#6 5.674 nvim-linux-x86_64/share/nvim/runtime/syntax/prolog.vim
#6 5.674 nvim-linux-x86_64/share/nvim/runtime/syntax/perl.vim
#6 5.675 nvim-linux-x86_64/share/nvim/runtime/syntax/asciidoc.vim
#6 5.679 nvim-linux-x86_64/share/nvim/runtime/syntax/texinfo.vim
#6 5.679 nvim-linux-x86_64/share/nvim/runtime/syntax/st.vim
#6 5.679 nvim-linux-x86_64/share/nvim/runtime/syntax/pymanifest.vim
#6 5.679 nvim-linux-x86_64/share/nvim/runtime/syntax/cabal.vim
#6 5.679 nvim-linux-x86_64/share/nvim/runtime/syntax/apkbuild.vim
#6 5.679 nvim-linux-x86_64/share/nvim/runtime/syntax/pic.vim
#6 5.679 nvim-linux-x86_64/share/nvim/runtime/syntax/treetop.vim
#6 5.679 nvim-linux-x86_64/share/nvim/runtime/syntax/cmakecache.vim
#6 5.679 nvim-linux-x86_64/share/nvim/runtime/syntax/structurizr.vim
#6 5.679 nvim-linux-x86_64/share/nvim/runtime/syntax/ld.vim
#6 5.679 nvim-linux-x86_64/share/nvim/runtime/syntax/debcontrol.vim
#6 5.679 nvim-linux-x86_64/share/nvim/runtime/syntax/logtalk.vim
#6 5.679 nvim-linux-x86_64/share/nvim/runtime/syntax/toml.vim
#6 5.679 nvim-linux-x86_64/share/nvim/runtime/syntax/gtkrc.vim
#6 5.679 nvim-linux-x86_64/share/nvim/runtime/syntax/opl.vim
#6 5.679 nvim-linux-x86_64/share/nvim/runtime/syntax/cvsrc.vim
#6 5.679 nvim-linux-x86_64/share/nvim/runtime/syntax/samba.vim
#6 5.679 nvim-linux-x86_64/share/nvim/runtime/syntax/ibasic.vim
#6 5.679 nvim-linux-x86_64/share/nvim/runtime/syntax/ps1.vim
#6 5.679 nvim-linux-x86_64/share/nvim/runtime/syntax/xmath.vim
#6 5.679 nvim-linux-x86_64/share/nvim/runtime/syntax/prescribe.vim
#6 5.679 nvim-linux-x86_64/share/nvim/runtime/syntax/xml.vim
#6 5.679 nvim-linux-x86_64/share/nvim/runtime/syntax/conf.vim
#6 5.679 nvim-linux-x86_64/share/nvim/runtime/syntax/hlsplaylist.vim
#6 5.679 nvim-linux-x86_64/share/nvim/runtime/syntax/meson.vim
#6 5.679 nvim-linux-x86_64/share/nvim/runtime/syntax/flexwiki.vim
#6 5.679 nvim-linux-x86_64/share/nvim/runtime/syntax/rego.vim
#6 5.679 nvim-linux-x86_64/share/nvim/runtime/syntax/ipfilter.vim
#6 5.679 nvim-linux-x86_64/share/nvim/runtime/syntax/apachestyle.vim
#6 5.679 nvim-linux-x86_64/share/nvim/runtime/syntax/gkrellmrc.vim
#6 5.679 nvim-linux-x86_64/share/nvim/runtime/syntax/ishd.vim
#6 5.679 nvim-linux-x86_64/share/nvim/runtime/syntax/haml.vim
#6 5.679 nvim-linux-x86_64/share/nvim/runtime/syntax/python.vim
#6 5.680 nvim-linux-x86_64/share/nvim/runtime/syntax/bib.vim
#6 5.680 nvim-linux-x86_64/share/nvim/runtime/syntax/gitcommit.vim
#6 5.680 nvim-linux-x86_64/share/nvim/runtime/syntax/vdf.vim
#6 5.680 nvim-linux-x86_64/share/nvim/runtime/syntax/rhelp.vim
#6 5.680 nvim-linux-x86_64/share/nvim/runtime/syntax/pov.vim
#6 5.681 nvim-linux-x86_64/share/nvim/runtime/syntax/godoc.vim
#6 5.681 nvim-linux-x86_64/share/nvim/runtime/syntax/racket.vim
#6 5.681 nvim-linux-x86_64/share/nvim/runtime/syntax/sgmldecl.vim
#6 5.681 nvim-linux-x86_64/share/nvim/runtime/syntax/remind.vim
#6 5.681 nvim-linux-x86_64/share/nvim/runtime/syntax/initng.vim
#6 5.681 nvim-linux-x86_64/share/nvim/runtime/syntax/esmtprc.vim
#6 5.681 nvim-linux-x86_64/share/nvim/runtime/syntax/haskell.vim
#6 5.681 nvim-linux-x86_64/share/nvim/runtime/syntax/dictdconf.vim
#6 5.681 nvim-linux-x86_64/share/nvim/runtime/syntax/shada.vim
#6 5.681 nvim-linux-x86_64/share/nvim/runtime/syntax/gnuplot.vim
#6 5.681 nvim-linux-x86_64/share/nvim/runtime/syntax/tidy.vim
#6 5.681 nvim-linux-x86_64/share/nvim/runtime/syntax/jjdescription.vim
#6 5.681 nvim-linux-x86_64/share/nvim/runtime/syntax/fvwm.vim
#6 5.681 nvim-linux-x86_64/share/nvim/runtime/syntax/rnc.vim
#6 5.681 nvim-linux-x86_64/share/nvim/runtime/syntax/obse.vim
#6 5.683 nvim-linux-x86_64/share/nvim/runtime/syntax/css.vim
#6 5.685 nvim-linux-x86_64/share/nvim/runtime/syntax/abel.vim
#6 5.687 nvim-linux-x86_64/share/nvim/runtime/syntax/amiga.vim
#6 5.687 nvim-linux-x86_64/share/nvim/runtime/syntax/tt2html.vim
#6 5.687 nvim-linux-x86_64/share/nvim/runtime/syntax/progress.vim
#6 5.687 nvim-linux-x86_64/share/nvim/runtime/syntax/wget.vim
#6 5.687 nvim-linux-x86_64/share/nvim/runtime/syntax/quarto.vim
#6 5.687 nvim-linux-x86_64/share/nvim/runtime/syntax/master.vim
#6 5.687 nvim-linux-x86_64/share/nvim/runtime/syntax/ada.vim
#6 5.687 nvim-linux-x86_64/share/nvim/runtime/syntax/sml.vim
#6 5.687 nvim-linux-x86_64/share/nvim/runtime/syntax/debsources.vim
#6 5.687 nvim-linux-x86_64/share/nvim/runtime/syntax/zig.vim
#6 5.687 nvim-linux-x86_64/share/nvim/runtime/syntax/cmake.vim
#6 5.689 nvim-linux-x86_64/share/nvim/runtime/syntax/org.vim
#6 5.689 nvim-linux-x86_64/share/nvim/runtime/syntax/calendar.vim
#6 5.690 nvim-linux-x86_64/share/nvim/runtime/syntax/jess.vim
#6 5.690 nvim-linux-x86_64/share/nvim/runtime/syntax/msql.vim
#6 5.690 nvim-linux-x86_64/share/nvim/runtime/syntax/tssop.vim
#6 5.690 nvim-linux-x86_64/share/nvim/runtime/syntax/viminfo.vim
#6 5.690 nvim-linux-x86_64/share/nvim/runtime/syntax/hcl.vim
#6 5.690 nvim-linux-x86_64/share/nvim/runtime/syntax/aflex.vim
#6 5.690 nvim-linux-x86_64/share/nvim/runtime/syntax/asteriskvm.vim
#6 5.690 nvim-linux-x86_64/share/nvim/runtime/syntax/aap.vim
#6 5.690 nvim-linux-x86_64/share/nvim/runtime/syntax/django.vim
#6 5.690 nvim-linux-x86_64/share/nvim/runtime/syntax/nanorc.vim
#6 5.690 nvim-linux-x86_64/share/nvim/runtime/syntax/crm.vim
#6 5.690 nvim-linux-x86_64/share/nvim/runtime/syntax/zimbu.vim
#6 5.690 nvim-linux-x86_64/share/nvim/runtime/syntax/limits.vim
#6 5.691 nvim-linux-x86_64/share/nvim/runtime/syntax/ptcap.vim
#6 5.691 nvim-linux-x86_64/share/nvim/runtime/syntax/rng.vim
#6 5.691 nvim-linux-x86_64/share/nvim/runtime/syntax/apache.vim
#6 5.691 nvim-linux-x86_64/share/nvim/runtime/syntax/xs.vim
#6 5.694 nvim-linux-x86_64/share/nvim/runtime/syntax/hog.vim
#6 5.694 nvim-linux-x86_64/share/nvim/runtime/syntax/sendpr.vim
#6 5.695 nvim-linux-x86_64/share/nvim/runtime/syntax/javascriptreact.vim
#6 5.695 nvim-linux-x86_64/share/nvim/runtime/syntax/jproperties.vim
#6 5.696 nvim-linux-x86_64/share/nvim/runtime/syntax/spec.vim
#6 5.696 nvim-linux-x86_64/share/nvim/runtime/syntax/snnsres.vim
#6 5.696 nvim-linux-x86_64/share/nvim/runtime/syntax/smcl.vim
#6 5.696 nvim-linux-x86_64/share/nvim/runtime/syntax/kivy.vim
#6 5.696 nvim-linux-x86_64/share/nvim/runtime/syntax/desktop.vim
#6 5.696 nvim-linux-x86_64/share/nvim/runtime/syntax/wdiff.vim
#6 5.696 nvim-linux-x86_64/share/nvim/runtime/syntax/conaryrecipe.vim
#6 5.696 nvim-linux-x86_64/share/nvim/runtime/syntax/qml.vim
#6 5.696 nvim-linux-x86_64/share/nvim/runtime/syntax/modconf.vim
#6 5.697 nvim-linux-x86_64/share/nvim/runtime/syntax/typescriptreact.vim
#6 5.697 nvim-linux-x86_64/share/nvim/runtime/syntax/jgraph.vim
#6 5.697 nvim-linux-x86_64/share/nvim/runtime/syntax/whitespace.vim
#6 5.697 nvim-linux-x86_64/share/nvim/runtime/syntax/forth.vim
#6 5.697 nvim-linux-x86_64/share/nvim/runtime/syntax/jinja.vim
#6 5.698 nvim-linux-x86_64/share/nvim/runtime/syntax/context.vim
#6 5.698 nvim-linux-x86_64/share/nvim/runtime/syntax/lc.vim
#6 5.698 nvim-linux-x86_64/share/nvim/runtime/syntax/moo.vim
#6 5.698 nvim-linux-x86_64/share/nvim/runtime/syntax/masm.vim
#6 5.698 nvim-linux-x86_64/share/nvim/runtime/syntax/opam.vim
#6 5.699 nvim-linux-x86_64/share/nvim/runtime/syntax/rcs.vim
#6 5.699 nvim-linux-x86_64/share/nvim/runtime/syntax/aptconf.vim
#6 5.699 nvim-linux-x86_64/share/nvim/runtime/syntax/lf.vim
#6 5.699 nvim-linux-x86_64/share/nvim/runtime/syntax/raml.vim
#6 5.700 nvim-linux-x86_64/share/nvim/runtime/syntax/mediawiki.vim
#6 5.700 nvim-linux-x86_64/share/nvim/runtime/syntax/chuck.vim
#6 5.701 nvim-linux-x86_64/share/nvim/runtime/syntax/sgmllnx.vim
#6 5.701 nvim-linux-x86_64/share/nvim/runtime/syntax/iss.vim
#6 5.701 nvim-linux-x86_64/share/nvim/runtime/syntax/ayacc.vim
#6 5.701 nvim-linux-x86_64/share/nvim/runtime/syntax/spice.vim
#6 5.701 nvim-linux-x86_64/share/nvim/runtime/syntax/kconfig.vim
#6 5.701 nvim-linux-x86_64/share/nvim/runtime/syntax/svn.vim
#6 5.701 nvim-linux-x86_64/share/nvim/runtime/syntax/xkb.vim
#6 5.702 nvim-linux-x86_64/share/nvim/runtime/syntax/asm68k.vim
#6 5.703 nvim-linux-x86_64/share/nvim/runtime/syntax/dictconf.vim
#6 5.703 nvim-linux-x86_64/share/nvim/runtime/syntax/arduino.vim
#6 5.703 nvim-linux-x86_64/share/nvim/runtime/syntax/manconf.vim
#6 5.704 nvim-linux-x86_64/share/nvim/runtime/syntax/bst.vim
#6 5.704 nvim-linux-x86_64/share/nvim/runtime/syntax/plm.vim
#6 5.704 nvim-linux-x86_64/share/nvim/runtime/syntax/xbl.vim
#6 5.704 nvim-linux-x86_64/share/nvim/runtime/syntax/gdb.vim
#6 5.705 nvim-linux-x86_64/share/nvim/runtime/syntax/pilrc.vim
#6 5.705 nvim-linux-x86_64/share/nvim/runtime/syntax/hb.vim
#6 5.705 nvim-linux-x86_64/share/nvim/runtime/syntax/named.vim
#6 5.705 nvim-linux-x86_64/share/nvim/runtime/syntax/cdl.vim
#6 5.706 nvim-linux-x86_64/share/nvim/runtime/syntax/manual.vim
#6 5.706 nvim-linux-x86_64/share/nvim/runtime/syntax/sicad.vim
#6 5.707 nvim-linux-x86_64/share/nvim/runtime/syntax/slpreg.vim
#6 5.707 nvim-linux-x86_64/share/nvim/runtime/syntax/dosini.vim
#6 5.707 nvim-linux-x86_64/share/nvim/runtime/syntax/snnspat.vim
#6 5.707 nvim-linux-x86_64/share/nvim/runtime/syntax/voscm.vim
#6 5.707 nvim-linux-x86_64/share/nvim/runtime/syntax/pandoc.vim
#6 5.708 nvim-linux-x86_64/share/nvim/runtime/syntax/chicken.vim
#6 5.708 nvim-linux-x86_64/share/nvim/runtime/syntax/fasm.vim
#6 5.709 nvim-linux-x86_64/share/nvim/runtime/syntax/phtml.vim
#6 5.709 nvim-linux-x86_64/share/nvim/runtime/syntax/verilog.vim
#6 5.709 nvim-linux-x86_64/share/nvim/runtime/syntax/htmlm4.vim
#6 5.709 nvim-linux-x86_64/share/nvim/runtime/syntax/ia64.vim
#6 5.709 nvim-linux-x86_64/share/nvim/runtime/syntax/sieve.vim
#6 5.709 nvim-linux-x86_64/share/nvim/runtime/syntax/udevconf.vim
#6 5.709 nvim-linux-x86_64/share/nvim/runtime/syntax/mplayerconf.vim
#6 5.710 nvim-linux-x86_64/share/nvim/runtime/syntax/terminfo.vim
#6 5.710 nvim-linux-x86_64/share/nvim/runtime/syntax/lex.vim
#6 5.710 nvim-linux-x86_64/share/nvim/runtime/syntax/modsim3.vim
#6 5.711 nvim-linux-x86_64/share/nvim/runtime/syntax/bzl.vim
#6 5.711 nvim-linux-x86_64/share/nvim/runtime/syntax/gyp.vim
#6 5.711 nvim-linux-x86_64/share/nvim/runtime/syntax/gemtext.vim
#6 5.711 nvim-linux-x86_64/share/nvim/runtime/syntax/cobol.vim
#6 5.711 nvim-linux-x86_64/share/nvim/runtime/syntax/vsejcl.vim
#6 5.711 nvim-linux-x86_64/share/nvim/runtime/syntax/inform.vim
#6 5.712 nvim-linux-x86_64/share/nvim/runtime/syntax/solidity.vim
#6 5.712 nvim-linux-x86_64/share/nvim/runtime/syntax/ave.vim
#6 5.713 nvim-linux-x86_64/share/nvim/runtime/syntax/clean.vim
#6 5.713 nvim-linux-x86_64/share/nvim/runtime/syntax/pcap.vim
#6 5.713 nvim-linux-x86_64/share/nvim/runtime/syntax/proto.vim
#6 5.713 nvim-linux-x86_64/share/nvim/runtime/syntax/kwt.vim
#6 5.713 nvim-linux-x86_64/share/nvim/runtime/syntax/elmfilt.vim
#6 5.713 nvim-linux-x86_64/share/nvim/runtime/syntax/services.vim
#6 5.713 nvim-linux-x86_64/share/nvim/runtime/syntax/rnoweb.vim
#6 5.713 nvim-linux-x86_64/share/nvim/runtime/syntax/julia.vim
#6 5.714 nvim-linux-x86_64/share/nvim/runtime/syntax/jovial.vim
#6 5.714 nvim-linux-x86_64/share/nvim/runtime/syntax/scala.vim
#6 5.715 nvim-linux-x86_64/share/nvim/runtime/syntax/esqlc.vim
#6 5.715 nvim-linux-x86_64/share/nvim/runtime/syntax/screen.vim
#6 5.716 nvim-linux-x86_64/share/nvim/runtime/syntax/monk.vim
#6 5.716 nvim-linux-x86_64/share/nvim/runtime/syntax/edif.vim
#6 5.716 nvim-linux-x86_64/share/nvim/runtime/syntax/fdcc.vim
#6 5.716 nvim-linux-x86_64/share/nvim/runtime/syntax/cs.vim
#6 5.716 nvim-linux-x86_64/share/nvim/runtime/syntax/icemenu.vim
#6 5.717 nvim-linux-x86_64/share/nvim/runtime/syntax/csp.vim
#6 5.717 nvim-linux-x86_64/share/nvim/runtime/syntax/msidl.vim
#6 5.717 nvim-linux-x86_64/share/nvim/runtime/syntax/bzr.vim
#6 5.718 nvim-linux-x86_64/share/nvim/runtime/syntax/smarty.vim
#6 5.718 nvim-linux-x86_64/share/nvim/runtime/syntax/sh.vim
#6 5.719 nvim-linux-x86_64/share/nvim/runtime/syntax/swiftgyb.vim
#6 5.719 nvim-linux-x86_64/share/nvim/runtime/syntax/urlshortcut.vim
#6 5.719 nvim-linux-x86_64/share/nvim/runtime/syntax/sqlinformix.vim
#6 5.720 nvim-linux-x86_64/share/nvim/runtime/syntax/upstreamrpt.vim
#6 5.721 nvim-linux-x86_64/share/nvim/runtime/syntax/gnash.vim
#6 5.721 nvim-linux-x86_64/share/nvim/runtime/syntax/gitrebase.vim
#6 5.721 nvim-linux-x86_64/share/nvim/runtime/syntax/raku.vim
#6 5.721 nvim-linux-x86_64/share/nvim/runtime/syntax/trustees.vim
#6 5.721 nvim-linux-x86_64/share/nvim/runtime/syntax/sather.vim
#6 5.721 nvim-linux-x86_64/share/nvim/runtime/syntax/java.vim
#6 5.722 nvim-linux-x86_64/share/nvim/runtime/syntax/mmp.vim
#6 5.722 nvim-linux-x86_64/share/nvim/runtime/syntax/csc.vim
#6 5.722 nvim-linux-x86_64/share/nvim/runtime/syntax/sgml.vim
#6 5.722 nvim-linux-x86_64/share/nvim/runtime/syntax/initex.vim
#6 5.723 nvim-linux-x86_64/share/nvim/runtime/syntax/hare.vim
#6 5.723 nvim-linux-x86_64/share/nvim/runtime/syntax/clipper.vim
#6 5.724 nvim-linux-x86_64/share/nvim/runtime/syntax/privoxy.vim
#6 5.724 nvim-linux-x86_64/share/nvim/runtime/syntax/thrift.vim
#6 5.724 nvim-linux-x86_64/share/nvim/runtime/syntax/openroad.vim
#6 5.724 nvim-linux-x86_64/share/nvim/runtime/syntax/d.vim
#6 5.725 nvim-linux-x86_64/share/nvim/runtime/syntax/pamconf.vim
#6 5.725 nvim-linux-x86_64/share/nvim/runtime/syntax/sqlhana.vim
#6 5.725 nvim-linux-x86_64/share/nvim/runtime/syntax/lsl.vim
#6 5.726 nvim-linux-x86_64/share/nvim/runtime/syntax/lprolog.vim
#6 5.726 nvim-linux-x86_64/share/nvim/runtime/syntax/taskdata.vim
#6 5.726 nvim-linux-x86_64/share/nvim/runtime/syntax/jargon.vim
#6 5.726 nvim-linux-x86_64/share/nvim/runtime/syntax/changelog.vim
#6 5.727 nvim-linux-x86_64/share/nvim/runtime/syntax/spyce.vim
#6 5.727 nvim-linux-x86_64/share/nvim/runtime/syntax/tsscl.vim
#6 5.727 nvim-linux-x86_64/share/nvim/runtime/syntax/chill.vim
#6 5.728 nvim-linux-x86_64/share/nvim/runtime/syntax/nosyntax.vim
#6 5.728 nvim-linux-x86_64/share/nvim/runtime/syntax/sdl.vim
#6 5.729 nvim-linux-x86_64/share/nvim/runtime/syntax/groff.vim
#6 5.729 nvim-linux-x86_64/share/nvim/runtime/syntax/asterisk.vim
#6 5.729 nvim-linux-x86_64/share/nvim/runtime/syntax/messages.vim
#6 5.731 nvim-linux-x86_64/share/nvim/runtime/syntax/rmd.vim
#6 5.731 nvim-linux-x86_64/share/nvim/runtime/syntax/nasm.vim
#6 5.731 nvim-linux-x86_64/share/nvim/runtime/syntax/config.vim
#6 5.731 nvim-linux-x86_64/share/nvim/runtime/syntax/rcslog.vim
#6 5.731 nvim-linux-x86_64/share/nvim/runtime/syntax/euphoria4.vim
#6 5.731 nvim-linux-x86_64/share/nvim/runtime/syntax/nastran.vim
#6 5.731 nvim-linux-x86_64/share/nvim/runtime/syntax/promela.vim
#6 5.731 nvim-linux-x86_64/share/nvim/runtime/syntax/focexec.vim
#6 5.733 nvim-linux-x86_64/share/nvim/runtime/syntax/gdshader.vim
#6 5.733 nvim-linux-x86_64/share/nvim/runtime/syntax/tar.vim
#6 5.733 nvim-linux-x86_64/share/nvim/runtime/syntax/deb822sources.vim
#6 5.733 nvim-linux-x86_64/share/nvim/runtime/syntax/javascript.vim
#6 5.733 nvim-linux-x86_64/share/nvim/runtime/syntax/lisp.vim
#6 5.733 nvim-linux-x86_64/share/nvim/runtime/syntax/fpcmake.vim
#6 5.733 nvim-linux-x86_64/share/nvim/runtime/syntax/tex.vim
#6 5.734 nvim-linux-x86_64/share/nvim/runtime/syntax/stp.vim
#6 5.734 nvim-linux-x86_64/share/nvim/runtime/syntax/registry.vim
#6 5.734 nvim-linux-x86_64/share/nvim/runtime/syntax/m3build.vim
#6 5.734 nvim-linux-x86_64/share/nvim/runtime/syntax/haredoc.vim
#6 5.734 nvim-linux-x86_64/share/nvim/runtime/syntax/checkhealth.vim
#6 5.734 nvim-linux-x86_64/share/nvim/runtime/syntax/jq.vim
#6 5.734 nvim-linux-x86_64/share/nvim/runtime/syntax/passwd.vim
#6 5.734 nvim-linux-x86_64/share/nvim/runtime/syntax/teraterm.vim
#6 5.735 nvim-linux-x86_64/share/nvim/runtime/syntax/ps1xml.vim
#6 5.735 nvim-linux-x86_64/share/nvim/runtime/syntax/sisu.vim
#6 5.735 nvim-linux-x86_64/share/nvim/runtime/syntax/maxima.vim
#6 5.736 nvim-linux-x86_64/share/nvim/runtime/syntax/cmusrc.vim
#6 5.736 nvim-linux-x86_64/share/nvim/runtime/syntax/dcl.vim
#6 5.737 nvim-linux-x86_64/share/nvim/runtime/syntax/shared/
#6 5.737 nvim-linux-x86_64/share/nvim/runtime/syntax/shared/debversions.vim
#6 5.737 nvim-linux-x86_64/share/nvim/runtime/syntax/shared/typescriptcommon.vim
#6 5.739 nvim-linux-x86_64/share/nvim/runtime/syntax/shared/README.txt
#6 5.739 nvim-linux-x86_64/share/nvim/runtime/syntax/shared/hgcommitDiff.vim
#6 5.739 nvim-linux-x86_64/share/nvim/runtime/syntax/freebasic.vim
#6 5.740 nvim-linux-x86_64/share/nvim/runtime/syntax/systemverilog.vim
#6 5.740 nvim-linux-x86_64/share/nvim/runtime/syntax/routeros.vim
#6 5.741 nvim-linux-x86_64/share/nvim/runtime/syntax/dirpager.vim
#6 5.741 nvim-linux-x86_64/share/nvim/runtime/syntax/sil.vim
#6 5.741 nvim-linux-x86_64/share/nvim/runtime/syntax/systemd.vim
#6 5.741 nvim-linux-x86_64/share/nvim/runtime/syntax/stata.vim
#6 5.741 nvim-linux-x86_64/share/nvim/runtime/syntax/chaskell.vim
#6 5.741 nvim-linux-x86_64/share/nvim/runtime/syntax/bitbake.vim
#6 5.742 nvim-linux-x86_64/share/nvim/runtime/syntax/kotlin.vim
#6 5.742 nvim-linux-x86_64/share/nvim/runtime/syntax/nqc.vim
#6 5.743 nvim-linux-x86_64/share/nvim/runtime/syntax/help.vim
#6 5.743 nvim-linux-x86_64/share/nvim/runtime/syntax/pdf.vim
#6 5.743 nvim-linux-x86_64/share/nvim/runtime/syntax/ch.vim
#6 5.743 nvim-linux-x86_64/share/nvim/runtime/syntax/rpl.vim
#6 5.743 nvim-linux-x86_64/share/nvim/runtime/syntax/gretl.vim
#6 5.744 nvim-linux-x86_64/share/nvim/runtime/syntax/winbatch.vim
#6 5.744 nvim-linux-x86_64/share/nvim/runtime/syntax/mailcap.vim
#6 5.744 nvim-linux-x86_64/share/nvim/runtime/syntax/hostconf.vim
#6 5.744 nvim-linux-x86_64/share/nvim/runtime/syntax/group.vim
#6 5.744 nvim-linux-x86_64/share/nvim/runtime/syntax/po.vim
#6 5.745 nvim-linux-x86_64/share/nvim/runtime/syntax/slpspi.vim
#6 5.745 nvim-linux-x86_64/share/nvim/runtime/syntax/matlab.vim
#6 5.746 nvim-linux-x86_64/share/nvim/runtime/syntax/neomuttlog.vim
#6 5.746 nvim-linux-x86_64/share/nvim/runtime/syntax/fetchmail.vim
#6 5.746 nvim-linux-x86_64/share/nvim/runtime/syntax/strace.vim
#6 5.746 nvim-linux-x86_64/share/nvim/runtime/syntax/snnsnet.vim
#6 5.746 nvim-linux-x86_64/share/nvim/runtime/syntax/abc.vim
#6 5.746 nvim-linux-x86_64/share/nvim/runtime/syntax/dtml.vim
#6 5.746 nvim-linux-x86_64/share/nvim/runtime/syntax/tads.vim
#6 5.747 nvim-linux-x86_64/share/nvim/runtime/syntax/ahdl.vim
#6 5.747 nvim-linux-x86_64/share/nvim/runtime/syntax/xpm.vim
#6 5.747 nvim-linux-x86_64/share/nvim/runtime/syntax/htmlos.vim
#6 5.747 nvim-linux-x86_64/share/nvim/runtime/syntax/cpp.vim
#6 5.747 nvim-linux-x86_64/share/nvim/runtime/syntax/readline.vim
#6 5.748 nvim-linux-x86_64/share/nvim/runtime/syntax/reva.vim
#6 5.748 nvim-linux-x86_64/share/nvim/runtime/syntax/pod.vim
#6 5.749 nvim-linux-x86_64/share/nvim/runtime/syntax/arch.vim
#6 5.749 nvim-linux-x86_64/share/nvim/runtime/syntax/mallard.vim
#6 5.749 nvim-linux-x86_64/share/nvim/runtime/syntax/jsonc.vim
#6 5.749 nvim-linux-x86_64/share/nvim/runtime/syntax/sqloracle.vim
#6 5.749 nvim-linux-x86_64/share/nvim/runtime/syntax/zsh.vim
#6 5.749 nvim-linux-x86_64/share/nvim/runtime/syntax/cf.vim
#6 5.750 nvim-linux-x86_64/share/nvim/runtime/syntax/openvpn.vim
#6 5.750 nvim-linux-x86_64/share/nvim/runtime/syntax/tpp.vim
#6 5.750 nvim-linux-x86_64/share/nvim/runtime/syntax/pinfo.vim
#6 5.750 nvim-linux-x86_64/share/nvim/runtime/syntax/udevrules.vim
#6 5.751 nvim-linux-x86_64/share/nvim/runtime/syntax/indent.vim
#6 5.751 nvim-linux-x86_64/share/nvim/runtime/syntax/exim.vim
#6 5.751 nvim-linux-x86_64/share/nvim/runtime/syntax/rust.vim
#6 5.752 nvim-linux-x86_64/share/nvim/runtime/syntax/csh.vim
#6 5.752 nvim-linux-x86_64/share/nvim/runtime/syntax/php.vim
#6 5.753 nvim-linux-x86_64/share/nvim/runtime/syntax/cvs.vim
#6 5.753 nvim-linux-x86_64/share/nvim/runtime/syntax/grub.vim
#6 5.753 nvim-linux-x86_64/share/nvim/runtime/syntax/snobol4.vim
#6 5.753 nvim-linux-x86_64/share/nvim/runtime/syntax/tap.vim
#6 5.754 nvim-linux-x86_64/share/nvim/runtime/syntax/cweb.vim
#6 5.754 nvim-linux-x86_64/share/nvim/runtime/syntax/nginx.vim
#6 5.756 nvim-linux-x86_64/share/nvim/runtime/syntax/elm.vim
#6 5.757 nvim-linux-x86_64/share/nvim/runtime/syntax/change.vim
#6 5.757 nvim-linux-x86_64/share/nvim/runtime/syntax/sd.vim
#6 5.757 nvim-linux-x86_64/share/nvim/runtime/syntax/baan.vim
#6 5.758 nvim-linux-x86_64/share/nvim/runtime/syntax/scilab.vim
#6 5.758 nvim-linux-x86_64/share/nvim/runtime/syntax/pike.vim
#6 5.759 nvim-linux-x86_64/share/nvim/runtime/syntax/povini.vim
#6 5.759 nvim-linux-x86_64/share/nvim/runtime/syntax/dsl.vim
#6 5.759 nvim-linux-x86_64/share/nvim/runtime/syntax/redif.vim
#6 5.760 nvim-linux-x86_64/share/nvim/runtime/syntax/eiffel.vim
#6 5.761 nvim-linux-x86_64/share/nvim/runtime/syntax/ora.vim
#6 5.761 nvim-linux-x86_64/share/nvim/runtime/syntax/xquery.vim
#6 5.761 nvim-linux-x86_64/share/nvim/runtime/syntax/papp.vim
#6 5.762 nvim-linux-x86_64/share/nvim/runtime/syntax/protocols.vim
#6 5.762 nvim-linux-x86_64/share/nvim/runtime/syntax/tmux.vim
#6 5.762 nvim-linux-x86_64/share/nvim/runtime/syntax/mysql.vim
#6 5.762 nvim-linux-x86_64/share/nvim/runtime/syntax/mail.vim
#6 5.762 nvim-linux-x86_64/share/nvim/runtime/syntax/gdmo.vim
#6 5.763 nvim-linux-x86_64/share/nvim/runtime/syntax/editorconfig.vim
#6 5.763 nvim-linux-x86_64/share/nvim/runtime/syntax/gel.vim
#6 5.763 nvim-linux-x86_64/share/nvim/runtime/syntax/kscript.vim
#6 5.763 nvim-linux-x86_64/share/nvim/runtime/syntax/taskedit.vim
#6 5.763 nvim-linux-x86_64/share/nvim/runtime/syntax/synload.vim
#6 5.763 nvim-linux-x86_64/share/nvim/runtime/syntax/lpc.vim
#6 5.764 nvim-linux-x86_64/share/nvim/runtime/syntax/cdrdaoconf.vim
#6 5.764 nvim-linux-x86_64/share/nvim/runtime/syntax/asn.vim
#6 5.764 nvim-linux-x86_64/share/nvim/runtime/syntax/rexx.vim
#6 5.764 nvim-linux-x86_64/share/nvim/runtime/syntax/vgrindefs.vim
#6 5.765 nvim-linux-x86_64/share/nvim/runtime/syntax/desc.vim
#6 5.765 nvim-linux-x86_64/share/nvim/runtime/syntax/lifelines.vim
#6 5.765 nvim-linux-x86_64/share/nvim/runtime/syntax/robots.vim
#6 5.765 nvim-linux-x86_64/share/nvim/runtime/syntax/docbkxml.vim
#6 5.765 nvim-linux-x86_64/share/nvim/runtime/syntax/lftp.vim
#6 5.766 nvim-linux-x86_64/share/nvim/runtime/syntax/groovy.vim
#6 5.766 nvim-linux-x86_64/share/nvim/runtime/syntax/htmlcheetah.vim
#6 5.766 nvim-linux-x86_64/share/nvim/runtime/syntax/debchangelog.vim
#6 5.766 nvim-linux-x86_64/share/nvim/runtime/syntax/modula3.vim
#6 5.766 nvim-linux-x86_64/share/nvim/runtime/syntax/autohotkey.vim
#6 5.767 nvim-linux-x86_64/share/nvim/runtime/syntax/gitolite.vim
#6 5.767 nvim-linux-x86_64/share/nvim/runtime/syntax/jam.vim
#6 5.768 nvim-linux-x86_64/share/nvim/runtime/makemenu.vim
#6 5.768 nvim-linux-x86_64/share/nvim/runtime/compiler/
#6 5.768 nvim-linux-x86_64/share/nvim/runtime/compiler/dot.vim
#6 5.768 nvim-linux-x86_64/share/nvim/runtime/compiler/cucumber.vim
#6 5.768 nvim-linux-x86_64/share/nvim/runtime/compiler/gawk.vim
#6 5.768 nvim-linux-x86_64/share/nvim/runtime/compiler/ifort.vim
#6 5.769 nvim-linux-x86_64/share/nvim/runtime/compiler/bash.vim
#6 5.769 nvim-linux-x86_64/share/nvim/runtime/compiler/dartanalyser.vim
#6 5.769 nvim-linux-x86_64/share/nvim/runtime/compiler/dotnet.vim
#6 5.769 nvim-linux-x86_64/share/nvim/runtime/compiler/standard.vim
#6 5.769 nvim-linux-x86_64/share/nvim/runtime/compiler/dartdevc.vim
#6 5.769 nvim-linux-x86_64/share/nvim/runtime/compiler/bdf.vim
#6 5.769 nvim-linux-x86_64/share/nvim/runtime/compiler/eruby.vim
#6 5.769 nvim-linux-x86_64/share/nvim/runtime/compiler/pytest.vim
#6 5.770 nvim-linux-x86_64/share/nvim/runtime/compiler/rime_deployer.vim
#6 5.770 nvim-linux-x86_64/share/nvim/runtime/compiler/gfortran.vim
#6 5.770 nvim-linux-x86_64/share/nvim/runtime/compiler/fortran_lf95.vim
#6 5.770 nvim-linux-x86_64/share/nvim/runtime/compiler/tcl.vim
#6 5.770 nvim-linux-x86_64/share/nvim/runtime/compiler/mips_c.vim
#6 5.770 nvim-linux-x86_64/share/nvim/runtime/compiler/podchecker.vim
#6 5.770 nvim-linux-x86_64/share/nvim/runtime/compiler/xbuild.vim
#6 5.771 nvim-linux-x86_64/share/nvim/runtime/compiler/spotbugs.vim
#6 5.771 nvim-linux-x86_64/share/nvim/runtime/compiler/ant.vim
#6 5.773 nvim-linux-x86_64/share/nvim/runtime/compiler/ocaml.vim
#6 5.773 nvim-linux-x86_64/share/nvim/runtime/compiler/erlang.vim
#6 5.773 nvim-linux-x86_64/share/nvim/runtime/compiler/perlcritic.vim
#6 5.773 nvim-linux-x86_64/share/nvim/runtime/compiler/icon.vim
#6 5.774 nvim-linux-x86_64/share/nvim/runtime/compiler/gnat.vim
#6 5.774 nvim-linux-x86_64/share/nvim/runtime/compiler/fortran_g77.vim
#6 5.774 nvim-linux-x86_64/share/nvim/runtime/compiler/msvc.vim
#6 5.774 nvim-linux-x86_64/share/nvim/runtime/compiler/jjs.vim
#6 5.774 nvim-linux-x86_64/share/nvim/runtime/compiler/stack.vim
#6 5.775 nvim-linux-x86_64/share/nvim/runtime/compiler/mcs.vim
#6 5.775 nvim-linux-x86_64/share/nvim/runtime/compiler/rspec.vim
#6 5.775 nvim-linux-x86_64/share/nvim/runtime/compiler/dart2native.vim
#6 5.775 nvim-linux-x86_64/share/nvim/runtime/compiler/rst.vim
#6 5.775 nvim-linux-x86_64/share/nvim/runtime/compiler/typst.vim
#6 5.775 nvim-linux-x86_64/share/nvim/runtime/compiler/racotest.vim
#6 5.775 nvim-linux-x86_64/share/nvim/runtime/compiler/irix5_cpp.vim
#6 5.775 nvim-linux-x86_64/share/nvim/runtime/compiler/spectral.vim
#6 5.776 nvim-linux-x86_64/share/nvim/runtime/compiler/decada.vim
#6 5.776 nvim-linux-x86_64/share/nvim/runtime/compiler/scdoc.vim
#6 5.776 nvim-linux-x86_64/share/nvim/runtime/compiler/fpc.vim
#6 5.776 nvim-linux-x86_64/share/nvim/runtime/compiler/tsc.vim
#6 5.776 nvim-linux-x86_64/share/nvim/runtime/compiler/csslint.vim
#6 5.777 nvim-linux-x86_64/share/nvim/runtime/compiler/irix5_c.vim
#6 5.777 nvim-linux-x86_64/share/nvim/runtime/compiler/vimdoc.vim
#6 5.777 nvim-linux-x86_64/share/nvim/runtime/compiler/neato.vim
#6 5.777 nvim-linux-x86_64/share/nvim/runtime/compiler/splint.vim
#6 5.777 nvim-linux-x86_64/share/nvim/runtime/compiler/sass.vim
#6 5.777 nvim-linux-x86_64/share/nvim/runtime/compiler/make.vim
#6 5.777 nvim-linux-x86_64/share/nvim/runtime/compiler/fortran_F.vim
#6 5.777 nvim-linux-x86_64/share/nvim/runtime/compiler/typedoc.vim
#6 5.777 nvim-linux-x86_64/share/nvim/runtime/compiler/gcc.vim
#6 5.777 nvim-linux-x86_64/share/nvim/runtime/compiler/ts-node.vim
#6 5.778 nvim-linux-x86_64/share/nvim/runtime/compiler/dart.vim
#6 5.778 nvim-linux-x86_64/share/nvim/runtime/compiler/icc.vim
#6 5.778 nvim-linux-x86_64/share/nvim/runtime/compiler/README.txt
#6 5.778 nvim-linux-x86_64/share/nvim/runtime/compiler/mypy.vim
#6 5.779 nvim-linux-x86_64/share/nvim/runtime/compiler/racosetup.vim
#6 5.779 nvim-linux-x86_64/share/nvim/runtime/compiler/ruby.vim
#6 5.779 nvim-linux-x86_64/share/nvim/runtime/compiler/cargo.vim
#6 5.779 nvim-linux-x86_64/share/nvim/runtime/compiler/go.vim
#6 5.779 nvim-linux-x86_64/share/nvim/runtime/compiler/javac.vim
#6 5.779 nvim-linux-x86_64/share/nvim/runtime/compiler/gm2.vim
#6 5.780 nvim-linux-x86_64/share/nvim/runtime/compiler/pyunit.vim
#6 5.780 nvim-linux-x86_64/share/nvim/runtime/compiler/perl.vim
#6 5.780 nvim-linux-x86_64/share/nvim/runtime/compiler/jest.vim
#6 5.780 nvim-linux-x86_64/share/nvim/runtime/compiler/haml.vim
#6 5.780 nvim-linux-x86_64/share/nvim/runtime/compiler/rubyunit.vim
#6 5.781 nvim-linux-x86_64/share/nvim/runtime/compiler/tidy.vim
#6 5.781 nvim-linux-x86_64/share/nvim/runtime/compiler/mipspro_c89.vim
#6 5.781 nvim-linux-x86_64/share/nvim/runtime/compiler/rubocop.vim
#6 5.781 nvim-linux-x86_64/share/nvim/runtime/compiler/jsonlint.vim
#6 5.781 nvim-linux-x86_64/share/nvim/runtime/compiler/raco.vim
#6 5.781 nvim-linux-x86_64/share/nvim/runtime/compiler/sml.vim
#6 5.781 nvim-linux-x86_64/share/nvim/runtime/compiler/zig.vim
#6 5.781 nvim-linux-x86_64/share/nvim/runtime/compiler/dartfmt.vim
#6 5.782 nvim-linux-x86_64/share/nvim/runtime/compiler/zig_build_exe.vim
#6 5.782 nvim-linux-x86_64/share/nvim/runtime/compiler/fortran_cv.vim
#6 5.782 nvim-linux-x86_64/share/nvim/runtime/compiler/context.vim
#6 5.782 nvim-linux-x86_64/share/nvim/runtime/compiler/jikes.vim
#6 5.782 nvim-linux-x86_64/share/nvim/runtime/compiler/modelsim_vcom.vim
#6 5.782 nvim-linux-x86_64/share/nvim/runtime/compiler/pylint.vim
#6 5.782 nvim-linux-x86_64/share/nvim/runtime/compiler/fbc.vim
#6 5.782 nvim-linux-x86_64/share/nvim/runtime/compiler/pandoc.vim
#6 5.783 nvim-linux-x86_64/share/nvim/runtime/compiler/xo.vim
#6 5.783 nvim-linux-x86_64/share/nvim/runtime/compiler/hp_acc.vim
#6 5.783 nvim-linux-x86_64/share/nvim/runtime/compiler/fortran_elf90.vim
#6 5.783 nvim-linux-x86_64/share/nvim/runtime/compiler/g95.vim
#6 5.783 nvim-linux-x86_64/share/nvim/runtime/compiler/bcc.vim
#6 5.783 nvim-linux-x86_64/share/nvim/runtime/compiler/xmlwf.vim
#6 5.783 nvim-linux-x86_64/share/nvim/runtime/compiler/intel.vim
#6 5.783 nvim-linux-x86_64/share/nvim/runtime/compiler/rake.vim
#6 5.783 nvim-linux-x86_64/share/nvim/runtime/compiler/shellcheck.vim
#6 5.783 nvim-linux-x86_64/share/nvim/runtime/compiler/cs.vim
#6 5.784 nvim-linux-x86_64/share/nvim/runtime/compiler/gjs.vim
#6 5.784 nvim-linux-x86_64/share/nvim/runtime/compiler/rhino.vim
#6 5.784 nvim-linux-x86_64/share/nvim/runtime/compiler/dartdoc.vim
#6 5.784 nvim-linux-x86_64/share/nvim/runtime/compiler/hare.vim
#6 5.784 nvim-linux-x86_64/share/nvim/runtime/compiler/se.vim
#6 5.784 nvim-linux-x86_64/share/nvim/runtime/compiler/zig_test.vim
#6 5.784 nvim-linux-x86_64/share/nvim/runtime/compiler/stylelint.vim
#6 5.784 nvim-linux-x86_64/share/nvim/runtime/compiler/powershell.vim
#6 5.785 nvim-linux-x86_64/share/nvim/runtime/compiler/groff.vim
#6 5.785 nvim-linux-x86_64/share/nvim/runtime/compiler/svelte-check.vim
#6 5.785 nvim-linux-x86_64/share/nvim/runtime/compiler/onsgmls.vim
#6 5.785 nvim-linux-x86_64/share/nvim/runtime/compiler/checkstyle.vim
#6 5.785 nvim-linux-x86_64/share/nvim/runtime/compiler/tex.vim
#6 5.785 nvim-linux-x86_64/share/nvim/runtime/compiler/jq.vim
#6 5.785 nvim-linux-x86_64/share/nvim/runtime/compiler/dart2js.vim
#6 5.785 nvim-linux-x86_64/share/nvim/runtime/compiler/jshint.vim
#6 5.786 nvim-linux-x86_64/share/nvim/runtime/compiler/pip_compile.vim
#6 5.786 nvim-linux-x86_64/share/nvim/runtime/compiler/zig_build.vim
#6 5.786 nvim-linux-x86_64/share/nvim/runtime/compiler/racomake.vim
#6 5.786 nvim-linux-x86_64/share/nvim/runtime/compiler/msbuild.vim
#6 5.786 nvim-linux-x86_64/share/nvim/runtime/compiler/ruff.vim
#6 5.786 nvim-linux-x86_64/share/nvim/runtime/compiler/xmllint.vim
#6 5.786 nvim-linux-x86_64/share/nvim/runtime/compiler/zsh.vim
#6 5.786 nvim-linux-x86_64/share/nvim/runtime/compiler/php.vim
#6 5.786 nvim-linux-x86_64/share/nvim/runtime/compiler/pbx.vim
#6 5.786 nvim-linux-x86_64/share/nvim/runtime/compiler/cm3.vim
#6 5.786 nvim-linux-x86_64/share/nvim/runtime/compiler/maven.vim
#6 5.787 nvim-linux-x86_64/share/nvim/runtime/compiler/ghc.vim
#6 5.787 nvim-linux-x86_64/share/nvim/runtime/compiler/mipspro_cpp.vim
#6 5.787 nvim-linux-x86_64/share/nvim/runtime/compiler/cppcheck.vim
#6 5.787 nvim-linux-x86_64/share/nvim/runtime/compiler/rustc.vim
#6 5.787 nvim-linux-x86_64/share/nvim/runtime/compiler/yamllint.vim
#6 5.787 nvim-linux-x86_64/share/nvim/runtime/compiler/eslint.vim
#6 5.787 nvim-linux-x86_64/share/nvim/runtime/spell/
#6 5.787 nvim-linux-x86_64/share/nvim/runtime/spell/cleanadd.vim
#6 5.787 nvim-linux-x86_64/share/nvim/runtime/spell/en.utf-8.spl
#6 5.797 nvim-linux-x86_64/share/nvim/runtime/tutor/
#6 5.797 nvim-linux-x86_64/share/nvim/runtime/tutor/tutor.tutor
#6 5.797 nvim-linux-x86_64/share/nvim/runtime/tutor/ja/
#6 5.798 nvim-linux-x86_64/share/nvim/runtime/tutor/ja/vim-01-beginner.tutor.json
#6 5.798 nvim-linux-x86_64/share/nvim/runtime/tutor/ja/vim-01-beginner.tutor
#6 5.798 nvim-linux-x86_64/share/nvim/runtime/tutor/en/
#6 5.798 nvim-linux-x86_64/share/nvim/runtime/tutor/en/vim-01-beginner.tutor.json
#6 5.798 nvim-linux-x86_64/share/nvim/runtime/tutor/en/vim-02-beginner.tutor
#6 5.798 nvim-linux-x86_64/share/nvim/runtime/tutor/en/vim-01-beginner.tutor
#6 5.798 nvim-linux-x86_64/share/nvim/runtime/tutor/en/vim-02-beginner.tutor.json
#6 5.798 nvim-linux-x86_64/share/nvim/runtime/tutor/zh/
#6 5.798 nvim-linux-x86_64/share/nvim/runtime/tutor/zh/vim-01-beginner.tutor.json
#6 5.798 nvim-linux-x86_64/share/nvim/runtime/tutor/zh/vim-02-beginner.tutor
#6 5.799 nvim-linux-x86_64/share/nvim/runtime/tutor/zh/vim-01-beginner.tutor
#6 5.800 nvim-linux-x86_64/share/nvim/runtime/tutor/zh/vim-02-beginner.tutor.json
#6 5.800 nvim-linux-x86_64/share/nvim/runtime/tutor/tutor.tutor.json
#6 5.800 nvim-linux-x86_64/share/nvim/runtime/indent/
#6 5.801 nvim-linux-x86_64/share/nvim/runtime/indent/cucumber.vim
#6 5.801 nvim-linux-x86_64/share/nvim/runtime/indent/xinetd.vim
#6 5.801 nvim-linux-x86_64/share/nvim/runtime/indent/scss.vim
#6 5.801 nvim-linux-x86_64/share/nvim/runtime/indent/sql.vim
#6 5.801 nvim-linux-x86_64/share/nvim/runtime/indent/bash.vim
#6 5.801 nvim-linux-x86_64/share/nvim/runtime/indent/tilde.vim
#6 5.801 nvim-linux-x86_64/share/nvim/runtime/indent/expect.vim
#6 5.801 nvim-linux-x86_64/share/nvim/runtime/indent/docbk.vim
#6 5.801 nvim-linux-x86_64/share/nvim/runtime/indent/typescript.vim
#6 5.801 nvim-linux-x86_64/share/nvim/runtime/indent/xhtml.vim
#6 5.801 nvim-linux-x86_64/share/nvim/runtime/indent/m17ndb.vim
#6 5.801 nvim-linux-x86_64/share/nvim/runtime/indent/idlang.vim
#6 5.802 nvim-linux-x86_64/share/nvim/runtime/indent/mojo.vim
#6 5.802 nvim-linux-x86_64/share/nvim/runtime/indent/eruby.vim
#6 5.802 nvim-linux-x86_64/share/nvim/runtime/indent/chatito.vim
#6 5.802 nvim-linux-x86_64/share/nvim/runtime/indent/occam.vim
#6 5.802 nvim-linux-x86_64/share/nvim/runtime/indent/framescript.vim
#6 5.802 nvim-linux-x86_64/share/nvim/runtime/indent/htmldjango.vim
#6 5.802 nvim-linux-x86_64/share/nvim/runtime/indent/vhdl.vim
#6 5.802 nvim-linux-x86_64/share/nvim/runtime/indent/dylan.vim
#6 5.804 nvim-linux-x86_64/share/nvim/runtime/indent/idris2.vim
#6 5.804 nvim-linux-x86_64/share/nvim/runtime/indent/vb.vim
#6 5.805 nvim-linux-x86_64/share/nvim/runtime/indent/dtd.vim
#6 5.805 nvim-linux-x86_64/share/nvim/runtime/indent/tcl.vim
#6 5.805 nvim-linux-x86_64/share/nvim/runtime/indent/ant.vim
#6 5.805 nvim-linux-x86_64/share/nvim/runtime/indent/pascal.vim
#6 5.806 nvim-linux-x86_64/share/nvim/runtime/indent/basic.vim
#6 5.806 nvim-linux-x86_64/share/nvim/runtime/indent/ocaml.vim
#6 5.806 nvim-linux-x86_64/share/nvim/runtime/indent/j.vim
#6 5.806 nvim-linux-x86_64/share/nvim/runtime/indent/awk.vim
#6 5.806 nvim-linux-x86_64/share/nvim/runtime/indent/terraform.vim
#6 5.806 nvim-linux-x86_64/share/nvim/runtime/indent/kdl.vim
#6 5.807 nvim-linux-x86_64/share/nvim/runtime/indent/erlang.vim
#6 5.809 nvim-linux-x86_64/share/nvim/runtime/indent/rapid.vim
#6 5.809 nvim-linux-x86_64/share/nvim/runtime/indent/dosbatch.vim
#6 5.809 nvim-linux-x86_64/share/nvim/runtime/indent/vue.vim
#6 5.809 nvim-linux-x86_64/share/nvim/runtime/indent/fish.vim
#6 5.809 nvim-linux-x86_64/share/nvim/runtime/indent/less.vim
#6 5.809 nvim-linux-x86_64/share/nvim/runtime/indent/xf86conf.vim
#6 5.809 nvim-linux-x86_64/share/nvim/runtime/indent/odin.vim
#6 5.810 nvim-linux-x86_64/share/nvim/runtime/indent/stylus.vim
#6 5.810 nvim-linux-x86_64/share/nvim/runtime/indent/mf.vim
#6 5.810 nvim-linux-x86_64/share/nvim/runtime/indent/xsd.vim
#6 5.810 nvim-linux-x86_64/share/nvim/runtime/indent/c.vim
#6 5.810 nvim-linux-x86_64/share/nvim/runtime/indent/json5.vim
#6 5.810 nvim-linux-x86_64/share/nvim/runtime/indent/Makefile
#6 5.810 nvim-linux-x86_64/share/nvim/runtime/indent/query.lua
#6 5.810 nvim-linux-x86_64/share/nvim/runtime/indent/objc.vim
#6 5.810 nvim-linux-x86_64/share/nvim/runtime/indent/rst.vim
#6 5.810 nvim-linux-x86_64/share/nvim/runtime/indent/typst.vim
#6 5.810 nvim-linux-x86_64/share/nvim/runtime/indent/vroom.vim
#6 5.810 nvim-linux-x86_64/share/nvim/runtime/indent/gitconfig.vim
#6 5.812 nvim-linux-x86_64/share/nvim/runtime/indent/dtrace.vim
#6 5.813 nvim-linux-x86_64/share/nvim/runtime/indent/pyrex.vim
#6 5.813 nvim-linux-x86_64/share/nvim/runtime/indent/just.vim
#6 5.813 nvim-linux-x86_64/share/nvim/runtime/indent/postscr.vim
#6 5.813 nvim-linux-x86_64/share/nvim/runtime/indent/rrst.vim
#6 5.813 nvim-linux-x86_64/share/nvim/runtime/indent/xslt.vim
#6 5.813 nvim-linux-x86_64/share/nvim/runtime/indent/jsp.vim
#6 5.813 nvim-linux-x86_64/share/nvim/runtime/indent/dts.vim
#6 5.813 nvim-linux-x86_64/share/nvim/runtime/indent/fortran.vim
#6 5.813 nvim-linux-x86_64/share/nvim/runtime/indent/liquid.vim
#6 5.813 nvim-linux-x86_64/share/nvim/runtime/indent/glsl.vim
#6 5.813 nvim-linux-x86_64/share/nvim/runtime/indent/spajson.vim
#6 5.813 nvim-linux-x86_64/share/nvim/runtime/indent/clojure.vim
#6 5.813 nvim-linux-x86_64/share/nvim/runtime/indent/html.vim
#6 5.814 nvim-linux-x86_64/share/nvim/runtime/indent/astro.vim
#6 5.814 nvim-linux-x86_64/share/nvim/runtime/indent/r.vim
#6 5.814 nvim-linux-x86_64/share/nvim/runtime/indent/scheme.vim
#6 5.814 nvim-linux-x86_64/share/nvim/runtime/indent/vim.vim
#6 5.814 nvim-linux-x86_64/share/nvim/runtime/indent/qb64.vim
#6 5.814 nvim-linux-x86_64/share/nvim/runtime/indent/hamster.vim
#6 5.814 nvim-linux-x86_64/share/nvim/runtime/indent/tcsh.vim
#6 5.814 nvim-linux-x86_64/share/nvim/runtime/indent/sass.vim
#6 5.814 nvim-linux-x86_64/share/nvim/runtime/indent/falcon.vim
#6 5.816 nvim-linux-x86_64/share/nvim/runtime/indent/make.vim
#6 5.816 nvim-linux-x86_64/share/nvim/runtime/indent/livebook.vim
#6 5.816 nvim-linux-x86_64/share/nvim/runtime/indent/gdscript.vim
#6 5.816 nvim-linux-x86_64/share/nvim/runtime/indent/yacc.vim
#6 5.816 nvim-linux-x86_64/share/nvim/runtime/indent/lua.vim
#6 5.816 nvim-linux-x86_64/share/nvim/runtime/indent/mp.vim
#6 5.816 nvim-linux-x86_64/share/nvim/runtime/indent/eterm.vim
#6 5.816 nvim-linux-x86_64/share/nvim/runtime/indent/tf.vim
#6 5.816 nvim-linux-x86_64/share/nvim/runtime/indent/sshconfig.vim
#6 5.816 nvim-linux-x86_64/share/nvim/runtime/indent/mma.vim
#6 5.816 nvim-linux-x86_64/share/nvim/runtime/indent/sas.vim
#6 5.816 nvim-linux-x86_64/share/nvim/runtime/indent/nsis.vim
#6 5.816 nvim-linux-x86_64/share/nvim/runtime/indent/README.txt
#6 5.816 nvim-linux-x86_64/share/nvim/runtime/indent/yaml.vim
#6 5.816 nvim-linux-x86_64/share/nvim/runtime/indent/dune.vim
#6 5.817 nvim-linux-x86_64/share/nvim/runtime/indent/graphql.vim
#6 5.817 nvim-linux-x86_64/share/nvim/runtime/indent/automake.vim
#6 5.817 nvim-linux-x86_64/share/nvim/runtime/indent/json.vim
#6 5.817 nvim-linux-x86_64/share/nvim/runtime/indent/luau.vim
#6 5.817 nvim-linux-x86_64/share/nvim/runtime/indent/ruby.vim
#6 5.817 nvim-linux-x86_64/share/nvim/runtime/indent/go.vim
#6 5.818 nvim-linux-x86_64/share/nvim/runtime/indent/krl.vim
#6 5.818 nvim-linux-x86_64/share/nvim/runtime/indent/wat.vim
#6 5.818 nvim-linux-x86_64/share/nvim/runtime/indent/sqlanywhere.vim
#6 5.818 nvim-linux-x86_64/share/nvim/runtime/indent/cuda.vim
#6 5.818 nvim-linux-x86_64/share/nvim/runtime/indent/chaiscript.vim
#6 5.818 nvim-linux-x86_64/share/nvim/runtime/indent/prolog.vim
#6 5.818 nvim-linux-x86_64/share/nvim/runtime/indent/perl.vim
#6 5.818 nvim-linux-x86_64/share/nvim/runtime/indent/treetop.vim
#6 5.818 nvim-linux-x86_64/share/nvim/runtime/indent/ld.vim
#6 5.818 nvim-linux-x86_64/share/nvim/runtime/indent/logtalk.vim
#6 5.818 nvim-linux-x86_64/share/nvim/runtime/indent/ps1.vim
#6 5.818 nvim-linux-x86_64/share/nvim/runtime/indent/xml.vim
#6 5.819 nvim-linux-x86_64/share/nvim/runtime/indent/meson.vim
#6 5.819 nvim-linux-x86_64/share/nvim/runtime/indent/ishd.vim
#6 5.819 nvim-linux-x86_64/share/nvim/runtime/indent/haml.vim
#6 5.819 nvim-linux-x86_64/share/nvim/runtime/indent/python.vim
#6 5.819 nvim-linux-x86_64/share/nvim/runtime/indent/bib.vim
#6 5.820 nvim-linux-x86_64/share/nvim/runtime/indent/rhelp.vim
#6 5.820 nvim-linux-x86_64/share/nvim/runtime/indent/pov.vim
#6 5.820 nvim-linux-x86_64/share/nvim/runtime/indent/racket.vim
#6 5.820 nvim-linux-x86_64/share/nvim/runtime/indent/dictdconf.vim
#6 5.820 nvim-linux-x86_64/share/nvim/runtime/indent/obse.vim
#6 5.821 nvim-linux-x86_64/share/nvim/runtime/indent/css.vim
#6 5.821 nvim-linux-x86_64/share/nvim/runtime/indent/quarto.vim
#6 5.821 nvim-linux-x86_64/share/nvim/runtime/indent/ada.vim
#6 5.821 nvim-linux-x86_64/share/nvim/runtime/indent/sml.vim
#6 5.821 nvim-linux-x86_64/share/nvim/runtime/indent/zig.vim
#6 5.821 nvim-linux-x86_64/share/nvim/runtime/indent/cmake.vim
#6 5.821 nvim-linux-x86_64/share/nvim/runtime/indent/hcl.vim
#6 5.821 nvim-linux-x86_64/share/nvim/runtime/indent/aap.vim
#6 5.821 nvim-linux-x86_64/share/nvim/runtime/indent/zimbu.vim
#6 5.821 nvim-linux-x86_64/share/nvim/runtime/indent/hog.vim
#6 5.821 nvim-linux-x86_64/share/nvim/runtime/indent/javascriptreact.vim
#6 5.821 nvim-linux-x86_64/share/nvim/runtime/indent/qml.vim
#6 5.821 nvim-linux-x86_64/share/nvim/runtime/indent/typescriptreact.vim
#6 5.821 nvim-linux-x86_64/share/nvim/runtime/indent/context.vim
#6 5.821 nvim-linux-x86_64/share/nvim/runtime/indent/raml.vim
#6 5.821 nvim-linux-x86_64/share/nvim/runtime/indent/dictconf.vim
#6 5.821 nvim-linux-x86_64/share/nvim/runtime/indent/arduino.vim
#6 5.821 nvim-linux-x86_64/share/nvim/runtime/indent/bst.vim
#6 5.822 nvim-linux-x86_64/share/nvim/runtime/indent/cdl.vim
#6 5.822 nvim-linux-x86_64/share/nvim/runtime/indent/verilog.vim
#6 5.822 nvim-linux-x86_64/share/nvim/runtime/indent/testdir/
#6 5.823 nvim-linux-x86_64/share/nvim/runtime/indent/testdir/matlab.ok
#6 5.823 nvim-linux-x86_64/share/nvim/runtime/indent/testdir/python.ok
#6 5.823 nvim-linux-x86_64/share/nvim/runtime/indent/testdir/sshconfig.ok
#6 5.823 nvim-linux-x86_64/share/nvim/runtime/indent/testdir/tcl.ok
#6 5.823 nvim-linux-x86_64/share/nvim/runtime/indent/testdir/rapid.in
#6 5.823 nvim-linux-x86_64/share/nvim/runtime/indent/testdir/vb.in
#6 5.823 nvim-linux-x86_64/share/nvim/runtime/indent/testdir/rapid.ok
#6 5.823 nvim-linux-x86_64/share/nvim/runtime/indent/testdir/lua.in
#6 5.824 nvim-linux-x86_64/share/nvim/runtime/indent/testdir/dts.in
#6 5.827 nvim-linux-x86_64/share/nvim/runtime/indent/testdir/bitbake.in
#6 5.827 nvim-linux-x86_64/share/nvim/runtime/indent/testdir/xml.ok
#6 5.827 nvim-linux-x86_64/share/nvim/runtime/indent/testdir/sshconfig.in
#6 5.827 nvim-linux-x86_64/share/nvim/runtime/indent/testdir/yaml.ok
#6 5.827 nvim-linux-x86_64/share/nvim/runtime/indent/testdir/lua.ok
#6 5.827 nvim-linux-x86_64/share/nvim/runtime/indent/testdir/matlab.in
#6 5.827 nvim-linux-x86_64/share/nvim/runtime/indent/testdir/python.in
#6 5.827 nvim-linux-x86_64/share/nvim/runtime/indent/testdir/thrift.in
#6 5.827 nvim-linux-x86_64/share/nvim/runtime/indent/testdir/README.txt
#6 5.827 nvim-linux-x86_64/share/nvim/runtime/indent/testdir/runtest.vim
#6 5.827 nvim-linux-x86_64/share/nvim/runtime/indent/testdir/dts.ok
#6 5.827 nvim-linux-x86_64/share/nvim/runtime/indent/testdir/krl.ok
#6 5.827 nvim-linux-x86_64/share/nvim/runtime/indent/testdir/vim.in
#6 5.827 nvim-linux-x86_64/share/nvim/runtime/indent/testdir/xml.in
#6 5.827 nvim-linux-x86_64/share/nvim/runtime/indent/testdir/yaml.in
#6 5.827 nvim-linux-x86_64/share/nvim/runtime/indent/testdir/bitbake.ok
#6 5.827 nvim-linux-x86_64/share/nvim/runtime/indent/testdir/vim.ok
#6 5.827 nvim-linux-x86_64/share/nvim/runtime/indent/testdir/html.ok
#6 5.827 nvim-linux-x86_64/share/nvim/runtime/indent/testdir/html.in
#6 5.827 nvim-linux-x86_64/share/nvim/runtime/indent/testdir/bash.in
#6 5.827 nvim-linux-x86_64/share/nvim/runtime/indent/testdir/tcl.in
#6 5.827 nvim-linux-x86_64/share/nvim/runtime/indent/testdir/krl.in
#6 5.827 nvim-linux-x86_64/share/nvim/runtime/indent/testdir/bash.ok
#6 5.827 nvim-linux-x86_64/share/nvim/runtime/indent/testdir/thrift.ok
#6 5.827 nvim-linux-x86_64/share/nvim/runtime/indent/testdir/vb.ok
#6 5.827 nvim-linux-x86_64/share/nvim/runtime/indent/bzl.vim
#6 5.827 nvim-linux-x86_64/share/nvim/runtime/indent/gyp.vim
#6 5.827 nvim-linux-x86_64/share/nvim/runtime/indent/cobol.vim
#6 5.827 nvim-linux-x86_64/share/nvim/runtime/indent/solidity.vim
#6 5.828 nvim-linux-x86_64/share/nvim/runtime/indent/proto.vim
#6 5.828 nvim-linux-x86_64/share/nvim/runtime/indent/rnoweb.vim
#6 5.828 nvim-linux-x86_64/share/nvim/runtime/indent/julia.vim
#6 5.828 nvim-linux-x86_64/share/nvim/runtime/indent/scala.vim
#6 5.828 nvim-linux-x86_64/share/nvim/runtime/indent/cs.vim
#6 5.829 nvim-linux-x86_64/share/nvim/runtime/indent/sh.vim
#6 5.829 nvim-linux-x86_64/share/nvim/runtime/indent/raku.vim
#6 5.829 nvim-linux-x86_64/share/nvim/runtime/indent/java.vim
#6 5.829 nvim-linux-x86_64/share/nvim/runtime/indent/hare.vim
#6 5.829 nvim-linux-x86_64/share/nvim/runtime/indent/thrift.vim
#6 5.829 nvim-linux-x86_64/share/nvim/runtime/indent/d.vim
#6 5.829 nvim-linux-x86_64/share/nvim/runtime/indent/changelog.vim
#6 5.829 nvim-linux-x86_64/share/nvim/runtime/indent/sdl.vim
#6 5.829 nvim-linux-x86_64/share/nvim/runtime/indent/rmd.vim
#6 5.830 nvim-linux-x86_64/share/nvim/runtime/indent/config.vim
#6 5.830 nvim-linux-x86_64/share/nvim/runtime/indent/javascript.vim
#6 5.830 nvim-linux-x86_64/share/nvim/runtime/indent/lisp.vim
#6 5.831 nvim-linux-x86_64/share/nvim/runtime/indent/tex.vim
#6 5.832 nvim-linux-x86_64/share/nvim/runtime/indent/teraterm.vim
#6 5.832 nvim-linux-x86_64/share/nvim/runtime/indent/freebasic.vim
#6 5.833 nvim-linux-x86_64/share/nvim/runtime/indent/systemverilog.vim
#6 5.833 nvim-linux-x86_64/share/nvim/runtime/indent/bitbake.vim
#6 5.833 nvim-linux-x86_64/share/nvim/runtime/indent/kotlin.vim
#6 5.833 nvim-linux-x86_64/share/nvim/runtime/indent/ch.vim
#6 5.833 nvim-linux-x86_64/share/nvim/runtime/indent/rpl.vim
#6 5.834 nvim-linux-x86_64/share/nvim/runtime/indent/matlab.vim
#6 5.834 nvim-linux-x86_64/share/nvim/runtime/indent/cpp.vim
#6 5.834 nvim-linux-x86_64/share/nvim/runtime/indent/readline.vim
#6 5.835 nvim-linux-x86_64/share/nvim/runtime/indent/jsonc.vim
#6 5.835 nvim-linux-x86_64/share/nvim/runtime/indent/zsh.vim
#6 5.835 nvim-linux-x86_64/share/nvim/runtime/indent/rust.vim
#6 5.835 nvim-linux-x86_64/share/nvim/runtime/indent/php.vim
#6 5.836 nvim-linux-x86_64/share/nvim/runtime/indent/nginx.vim
#6 5.836 nvim-linux-x86_64/share/nvim/runtime/indent/elm.vim
#6 5.836 nvim-linux-x86_64/share/nvim/runtime/indent/eiffel.vim
#6 5.837 nvim-linux-x86_64/share/nvim/runtime/indent/mail.vim
#6 5.838 nvim-linux-x86_64/share/nvim/runtime/indent/fennel.vim
#6 5.838 nvim-linux-x86_64/share/nvim/runtime/indent/lifelines.vim
#6 5.838 nvim-linux-x86_64/share/nvim/runtime/indent/gitolite.vim
#6 5.838 nvim-linux-x86_64/share/nvim/runtime/menu.vim
#6 5.838 nvim-linux-x86_64/share/nvim/runtime/plugin/
#6 5.838 nvim-linux-x86_64/share/nvim/runtime/plugin/tarPlugin.vim
#6 5.839 nvim-linux-x86_64/share/nvim/runtime/plugin/matchit.vim
#6 5.839 nvim-linux-x86_64/share/nvim/runtime/plugin/tutor.vim
#6 5.839 nvim-linux-x86_64/share/nvim/runtime/plugin/zipPlugin.vim
#6 5.840 nvim-linux-x86_64/share/nvim/runtime/plugin/rplugin.vim
#6 5.840 nvim-linux-x86_64/share/nvim/runtime/plugin/editorconfig.lua
#6 5.840 nvim-linux-x86_64/share/nvim/runtime/plugin/tohtml.lua
#6 5.840 nvim-linux-x86_64/share/nvim/runtime/plugin/matchparen.vim
#6 5.840 nvim-linux-x86_64/share/nvim/runtime/plugin/shada.vim
#6 5.840 nvim-linux-x86_64/share/nvim/runtime/plugin/man.lua
#6 5.841 nvim-linux-x86_64/share/nvim/runtime/plugin/osc52.lua
#6 5.841 nvim-linux-x86_64/share/nvim/runtime/plugin/netrwPlugin.vim
#6 5.841 nvim-linux-x86_64/share/nvim/runtime/plugin/gzip.vim
#6 5.841 nvim-linux-x86_64/share/nvim/runtime/plugin/spellfile.vim
#6 5.841 nvim-linux-x86_64/share/nvim/runtime/scripts/
#6 5.842 nvim-linux-x86_64/share/nvim/runtime/scripts/less.vim
#6 5.842 nvim-linux-x86_64/share/nvim/runtime/scripts/less.bat
#6 5.843 nvim-linux-x86_64/share/nvim/runtime/scripts/less.sh
#6 5.843 nvim-linux-x86_64/share/nvim/runtime/scripts/emoji_list.lua
#6 5.843 nvim-linux-x86_64/share/nvim/runtime/scripts/mswin.vim
#6 5.843 nvim-linux-x86_64/share/nvim/runtime/colors/
#6 5.843 nvim-linux-x86_64/share/nvim/runtime/colors/darkblue.vim
#6 5.844 nvim-linux-x86_64/share/nvim/runtime/colors/peachpuff.vim
#6 5.844 nvim-linux-x86_64/share/nvim/runtime/colors/desert.vim
#6 5.845 nvim-linux-x86_64/share/nvim/runtime/colors/ron.vim
#6 5.845 nvim-linux-x86_64/share/nvim/runtime/colors/wildcharm.vim
#6 5.846 nvim-linux-x86_64/share/nvim/runtime/colors/torte.vim
#6 5.847 nvim-linux-x86_64/share/nvim/runtime/colors/morning.vim
#6 5.848 nvim-linux-x86_64/share/nvim/runtime/colors/industry.vim
#6 5.848 nvim-linux-x86_64/share/nvim/runtime/colors/retrobox.vim
#6 5.849 nvim-linux-x86_64/share/nvim/runtime/colors/zellner.vim
#6 5.850 nvim-linux-x86_64/share/nvim/runtime/colors/unokai.vim
#6 5.851 nvim-linux-x86_64/share/nvim/runtime/colors/default.vim
#6 5.852 nvim-linux-x86_64/share/nvim/runtime/colors/README.txt
#6 5.852 nvim-linux-x86_64/share/nvim/runtime/colors/blue.vim
#6 5.852 nvim-linux-x86_64/share/nvim/runtime/colors/koehler.vim
#6 5.852 nvim-linux-x86_64/share/nvim/runtime/colors/habamax.vim
#6 5.852 nvim-linux-x86_64/share/nvim/runtime/colors/quiet.vim
#6 5.854 nvim-linux-x86_64/share/nvim/runtime/colors/vim.lua
#6 5.854 nvim-linux-x86_64/share/nvim/runtime/colors/slate.vim
#6 5.854 nvim-linux-x86_64/share/nvim/runtime/colors/murphy.vim
#6 5.855 nvim-linux-x86_64/share/nvim/runtime/colors/pablo.vim
#6 5.856 nvim-linux-x86_64/share/nvim/runtime/colors/evening.vim
#6 5.856 nvim-linux-x86_64/share/nvim/runtime/colors/zaibatsu.vim
#6 5.857 nvim-linux-x86_64/share/nvim/runtime/colors/shine.vim
#6 5.857 nvim-linux-x86_64/share/nvim/runtime/colors/sorbet.vim
#6 5.857 nvim-linux-x86_64/share/nvim/runtime/colors/elflord.vim
#6 5.857 nvim-linux-x86_64/share/nvim/runtime/colors/delek.vim
#6 5.858 nvim-linux-x86_64/share/nvim/runtime/colors/lunaperche.vim
#6 5.859 nvim-linux-x86_64/share/nvim/runtime/ftplugof.vim
#6 5.859 nvim-linux-x86_64/share/nvim/runtime/example_init.lua
#6 5.859 nvim-linux-x86_64/share/nvim/runtime/ftplugin.vim
#6 5.859 nvim-linux-x86_64/share/nvim/runtime/optwin.vim
#6 5.860 nvim-linux-x86_64/share/nvim/runtime/pack/
#6 5.860 nvim-linux-x86_64/share/nvim/runtime/pack/dist/
#6 5.860 nvim-linux-x86_64/share/nvim/runtime/pack/dist/opt/
#6 5.860 nvim-linux-x86_64/share/nvim/runtime/pack/dist/opt/termdebug/
#6 5.860 nvim-linux-x86_64/share/nvim/runtime/pack/dist/opt/termdebug/plugin/
#6 5.860 nvim-linux-x86_64/share/nvim/runtime/pack/dist/opt/termdebug/plugin/termdebug.vim
#6 5.861 nvim-linux-x86_64/share/nvim/runtime/pack/dist/opt/matchit/
#6 5.861 nvim-linux-x86_64/share/nvim/runtime/pack/dist/opt/matchit/plugin/
#6 5.861 nvim-linux-x86_64/share/nvim/runtime/pack/dist/opt/matchit/plugin/matchit.vim
#6 5.862 nvim-linux-x86_64/share/nvim/runtime/pack/dist/opt/matchit/autoload/
#6 5.862 nvim-linux-x86_64/share/nvim/runtime/pack/dist/opt/matchit/autoload/matchit.vim
#6 5.862 nvim-linux-x86_64/share/nvim/runtime/pack/dist/opt/matchit/doc/
#6 5.862 nvim-linux-x86_64/share/nvim/runtime/pack/dist/opt/matchit/doc/matchit.txt
#6 5.863 nvim-linux-x86_64/share/nvim/runtime/pack/dist/opt/matchit/doc/tags
#6 5.863 nvim-linux-x86_64/share/nvim/runtime/pack/dist/opt/swapmouse/
#6 5.863 nvim-linux-x86_64/share/nvim/runtime/pack/dist/opt/swapmouse/plugin/
#6 5.864 nvim-linux-x86_64/share/nvim/runtime/pack/dist/opt/swapmouse/plugin/swapmouse.vim
#6 5.864 nvim-linux-x86_64/share/nvim/runtime/pack/dist/opt/shellmenu/
#6 5.864 nvim-linux-x86_64/share/nvim/runtime/pack/dist/opt/shellmenu/plugin/
#6 5.864 nvim-linux-x86_64/share/nvim/runtime/pack/dist/opt/shellmenu/plugin/shellmenu.vim
#6 5.864 nvim-linux-x86_64/share/nvim/runtime/pack/dist/opt/cfilter/
#6 5.866 nvim-linux-x86_64/share/nvim/runtime/pack/dist/opt/cfilter/plugin/
#6 5.866 nvim-linux-x86_64/share/nvim/runtime/pack/dist/opt/cfilter/plugin/cfilter.lua
#6 5.866 nvim-linux-x86_64/share/nvim/runtime/pack/dist/opt/nohlsearch/
#6 5.866 nvim-linux-x86_64/share/nvim/runtime/pack/dist/opt/nohlsearch/plugin/
#6 5.866 nvim-linux-x86_64/share/nvim/runtime/pack/dist/opt/nohlsearch/plugin/nohlsearch.vim
#6 5.866 nvim-linux-x86_64/share/nvim/runtime/pack/dist/opt/netrw/
#6 5.866 nvim-linux-x86_64/share/nvim/runtime/pack/dist/opt/netrw/syntax/
#6 5.866 nvim-linux-x86_64/share/nvim/runtime/pack/dist/opt/netrw/syntax/netrw.vim
#6 5.866 nvim-linux-x86_64/share/nvim/runtime/pack/dist/opt/netrw/LICENSE.txt
#6 5.866 nvim-linux-x86_64/share/nvim/runtime/pack/dist/opt/netrw/plugin/
#6 5.866 nvim-linux-x86_64/share/nvim/runtime/pack/dist/opt/netrw/plugin/netrwPlugin.vim
#6 5.867 nvim-linux-x86_64/share/nvim/runtime/pack/dist/opt/netrw/autoload/
#6 5.867 nvim-linux-x86_64/share/nvim/runtime/pack/dist/opt/netrw/autoload/netrwSettings.vim
#6 5.868 nvim-linux-x86_64/share/nvim/runtime/pack/dist/opt/netrw/autoload/netrw_gitignore.vim
#6 5.871 nvim-linux-x86_64/share/nvim/runtime/pack/dist/opt/netrw/autoload/netrw.vim
#6 5.876 nvim-linux-x86_64/share/nvim/runtime/pack/dist/opt/netrw/doc/
#6 5.876 nvim-linux-x86_64/share/nvim/runtime/pack/dist/opt/netrw/doc/tags
#6 5.876 nvim-linux-x86_64/share/nvim/runtime/pack/dist/opt/netrw/doc/netrw.txt
#6 5.881 nvim-linux-x86_64/share/nvim/runtime/pack/dist/opt/netrw/README.md
#6 5.883 nvim-linux-x86_64/share/nvim/runtime/pack/dist/opt/justify/
#6 5.883 nvim-linux-x86_64/share/nvim/runtime/pack/dist/opt/justify/plugin/
#6 5.883 nvim-linux-x86_64/share/nvim/runtime/pack/dist/opt/justify/plugin/justify.vim
#6 5.883 nvim-linux-x86_64/share/nvim/runtime/delmenu.vim
#6 5.883 nvim-linux-x86_64/share/nvim/runtime/autoload/
#6 5.883 nvim-linux-x86_64/share/nvim/runtime/autoload/modula2.vim
#6 5.883 nvim-linux-x86_64/share/nvim/runtime/autoload/adacomplete.vim
#6 5.883 nvim-linux-x86_64/share/nvim/runtime/autoload/msgpack.vim
#6 5.884 nvim-linux-x86_64/share/nvim/runtime/autoload/tutor.vim
#6 5.886 nvim-linux-x86_64/share/nvim/runtime/autoload/ccomplete.vim
#6 5.886 nvim-linux-x86_64/share/nvim/runtime/autoload/spotbugs.vim
#6 5.886 nvim-linux-x86_64/share/nvim/runtime/autoload/phpcomplete.vim
#6 5.891 nvim-linux-x86_64/share/nvim/runtime/autoload/xmlformat.vim
#6 5.891 nvim-linux-x86_64/share/nvim/runtime/autoload/paste.vim
#6 5.891 nvim-linux-x86_64/share/nvim/runtime/autoload/gnat.vim
#6 5.892 nvim-linux-x86_64/share/nvim/runtime/autoload/python3complete.vim
#6 5.892 nvim-linux-x86_64/share/nvim/runtime/autoload/xml/
#6 5.893 nvim-linux-x86_64/share/nvim/runtime/autoload/xml/html40f.vim
#6 5.894 nvim-linux-x86_64/share/nvim/runtime/autoload/xml/html401f.vim
#6 5.895 nvim-linux-x86_64/share/nvim/runtime/autoload/xml/xsd.vim
#6 5.895 nvim-linux-x86_64/share/nvim/runtime/autoload/xml/xhtml11.vim
#6 5.896 nvim-linux-x86_64/share/nvim/runtime/autoload/xml/html40s.vim
#6 5.896 nvim-linux-x86_64/share/nvim/runtime/autoload/xml/xhtml10s.vim
#6 5.897 nvim-linux-x86_64/share/nvim/runtime/autoload/xml/xhtml10f.vim
#6 5.898 nvim-linux-x86_64/share/nvim/runtime/autoload/xml/html401t.vim
#6 5.899 nvim-linux-x86_64/share/nvim/runtime/autoload/xml/html401s.vim
#6 5.899 nvim-linux-x86_64/share/nvim/runtime/autoload/xml/xhtml10t.vim
#6 5.900 nvim-linux-x86_64/share/nvim/runtime/autoload/xml/xsl.vim
#6 5.900 nvim-linux-x86_64/share/nvim/runtime/autoload/xml/html40t.vim
#6 5.901 nvim-linux-x86_64/share/nvim/runtime/autoload/xml/html32.vim
#6 5.902 nvim-linux-x86_64/share/nvim/runtime/autoload/sqlcomplete.vim
#6 5.904 nvim-linux-x86_64/share/nvim/runtime/autoload/htmlcomplete.vim
#6 5.904 nvim-linux-x86_64/share/nvim/runtime/autoload/provider.vim
#6 5.904 nvim-linux-x86_64/share/nvim/runtime/autoload/typst.vim
#6 5.904 nvim-linux-x86_64/share/nvim/runtime/autoload/syntaxcomplete.vim
#6 5.904 nvim-linux-x86_64/share/nvim/runtime/autoload/remote/
#6 5.904 nvim-linux-x86_64/share/nvim/runtime/autoload/remote/define.vim
#6 5.905 nvim-linux-x86_64/share/nvim/runtime/autoload/remote/host.vim
#6 5.906 nvim-linux-x86_64/share/nvim/runtime/autoload/rustfmt.vim
#6 5.906 nvim-linux-x86_64/share/nvim/runtime/autoload/decada.vim
#6 5.906 nvim-linux-x86_64/share/nvim/runtime/autoload/README.txt
#6 5.906 nvim-linux-x86_64/share/nvim/runtime/autoload/javaformat.vim
#6 5.906 nvim-linux-x86_64/share/nvim/runtime/autoload/rubycomplete.vim
#6 5.908 nvim-linux-x86_64/share/nvim/runtime/autoload/cargo.vim
#6 5.908 nvim-linux-x86_64/share/nvim/runtime/autoload/cargo/
#6 5.908 nvim-linux-x86_64/share/nvim/runtime/autoload/cargo/quickfix.vim
#6 5.908 nvim-linux-x86_64/share/nvim/runtime/autoload/contextcomplete.vim
#6 5.908 nvim-linux-x86_64/share/nvim/runtime/autoload/clojurecomplete.vim
#6 5.908 nvim-linux-x86_64/share/nvim/runtime/autoload/python.vim
#6 5.908 nvim-linux-x86_64/share/nvim/runtime/autoload/shada.vim
#6 5.909 nvim-linux-x86_64/share/nvim/runtime/autoload/ada.vim
#6 5.910 nvim-linux-x86_64/share/nvim/runtime/autoload/hcl.vim
#6 5.910 nvim-linux-x86_64/share/nvim/runtime/autoload/vimexpect.vim
#6 5.910 nvim-linux-x86_64/share/nvim/runtime/autoload/context.vim
#6 5.910 nvim-linux-x86_64/share/nvim/runtime/autoload/pythoncomplete.vim
#6 5.911 nvim-linux-x86_64/share/nvim/runtime/autoload/xmlcomplete.vim
#6 5.912 nvim-linux-x86_64/share/nvim/runtime/autoload/rust/
#6 5.912 nvim-linux-x86_64/share/nvim/runtime/autoload/rust/debugging.vim
#6 5.912 nvim-linux-x86_64/share/nvim/runtime/autoload/haskellcomplete.vim
#6 5.914 nvim-linux-x86_64/share/nvim/runtime/autoload/provider/
#6 5.914 nvim-linux-x86_64/share/nvim/runtime/autoload/provider/script_host.rb
#6 5.914 nvim-linux-x86_64/share/nvim/runtime/autoload/provider/node.vim
#6 5.914 nvim-linux-x86_64/share/nvim/runtime/autoload/provider/ruby.vim
#6 5.915 nvim-linux-x86_64/share/nvim/runtime/autoload/provider/perl.vim
#6 5.915 nvim-linux-x86_64/share/nvim/runtime/autoload/provider/python3.vim
#6 5.915 nvim-linux-x86_64/share/nvim/runtime/autoload/provider/clipboard.vim
#6 5.915 nvim-linux-x86_64/share/nvim/runtime/autoload/ccomplete.lua
#6 5.917 nvim-linux-x86_64/share/nvim/runtime/autoload/hare.vim
#6 5.917 nvim-linux-x86_64/share/nvim/runtime/autoload/zip.vim
#6 5.917 nvim-linux-x86_64/share/nvim/runtime/autoload/javascriptcomplete.vim
#6 5.917 nvim-linux-x86_64/share/nvim/runtime/autoload/tar.vim
#6 5.917 nvim-linux-x86_64/share/nvim/runtime/autoload/RstFold.vim
#6 5.917 nvim-linux-x86_64/share/nvim/runtime/autoload/freebasic.vim
#6 5.917 nvim-linux-x86_64/share/nvim/runtime/autoload/gzip.vim
#6 5.918 nvim-linux-x86_64/share/nvim/runtime/autoload/bitbake.vim
#6 5.918 nvim-linux-x86_64/share/nvim/runtime/autoload/rust.vim
#6 5.918 nvim-linux-x86_64/share/nvim/runtime/autoload/dist/
#6 5.919 nvim-linux-x86_64/share/nvim/runtime/autoload/dist/vim.vim
#6 5.919 nvim-linux-x86_64/share/nvim/runtime/autoload/csscomplete.vim
#6 5.919 nvim-linux-x86_64/share/nvim/runtime/autoload/spellfile.vim
#6 5.920 nvim-linux-x86_64/share/nvim/runtime/keymap/
#6 5.920 nvim-linux-x86_64/share/nvim/runtime/keymap/oldturkic-yenisei_utf-8.vim
#6 5.920 nvim-linux-x86_64/share/nvim/runtime/keymap/vietnamese-viqr_utf-8.vim
#6 5.920 nvim-linux-x86_64/share/nvim/runtime/keymap/georgian-qwerty.vim
#6 5.921 nvim-linux-x86_64/share/nvim/runtime/keymap/vietnamese-telex_utf-8.vim
#6 5.921 nvim-linux-x86_64/share/nvim/runtime/keymap/greek_cp737.vim
#6 5.921 nvim-linux-x86_64/share/nvim/runtime/keymap/serbian-latin.vim
#6 5.921 nvim-linux-x86_64/share/nvim/runtime/keymap/armenian-western_utf-8.vim
#6 5.921 nvim-linux-x86_64/share/nvim/runtime/keymap/persian.vim
#6 5.922 nvim-linux-x86_64/share/nvim/runtime/keymap/slovak_cp1250.vim
#6 5.922 nvim-linux-x86_64/share/nvim/runtime/keymap/thaana-phonetic_utf-8.vim
#6 5.922 nvim-linux-x86_64/share/nvim/runtime/keymap/belarusian-jcuken.vim
#6 5.922 nvim-linux-x86_64/share/nvim/runtime/keymap/slovak_iso-8859-2.vim
#6 5.922 nvim-linux-x86_64/share/nvim/runtime/keymap/vietnamese-vni_utf-8.vim
#6 5.922 nvim-linux-x86_64/share/nvim/runtime/keymap/serbian_utf-8.vim
#6 5.922 nvim-linux-x86_64/share/nvim/runtime/keymap/hebrewp.vim
#6 5.923 nvim-linux-x86_64/share/nvim/runtime/keymap/korean-dubeolsik_utf-8.vim
#6 5.925 nvim-linux-x86_64/share/nvim/runtime/keymap/hebrew_iso-8859-8.vim
#6 5.925 nvim-linux-x86_64/share/nvim/runtime/keymap/greek_iso-8859-7.vim
#6 5.925 nvim-linux-x86_64/share/nvim/runtime/keymap/turkish-q.vim
#6 5.925 nvim-linux-x86_64/share/nvim/runtime/keymap/hebrewp_utf-8.vim
#6 5.925 nvim-linux-x86_64/share/nvim/runtime/keymap/korean.vim
#6 5.925 nvim-linux-x86_64/share/nvim/runtime/keymap/hebrewp_iso-8859-8.vim
#6 5.925 nvim-linux-x86_64/share/nvim/runtime/keymap/serbian_iso-8859-5.vim
#6 5.925 nvim-linux-x86_64/share/nvim/runtime/keymap/bulgarian-bds.vim
#6 5.926 nvim-linux-x86_64/share/nvim/runtime/keymap/serbian_cp1251.vim
#6 5.926 nvim-linux-x86_64/share/nvim/runtime/keymap/czech.vim
#6 5.926 nvim-linux-x86_64/share/nvim/runtime/keymap/sinhala-phonetic_utf-8.vim
#6 5.926 nvim-linux-x86_64/share/nvim/runtime/keymap/polish-slash_cp852.vim
#6 5.927 nvim-linux-x86_64/share/nvim/runtime/keymap/slovak.vim
#6 5.927 nvim-linux-x86_64/share/nvim/runtime/keymap/esperanto.vim
#6 5.927 nvim-linux-x86_64/share/nvim/runtime/keymap/lithuanian-baltic.vim
#6 5.928 nvim-linux-x86_64/share/nvim/runtime/keymap/hebrew_utf-8.vim
#6 5.928 nvim-linux-x86_64/share/nvim/runtime/keymap/serbian_iso-8859-2.vim
#6 5.928 nvim-linux-x86_64/share/nvim/runtime/keymap/turkish-f.vim
#6 5.928 nvim-linux-x86_64/share/nvim/runtime/keymap/armenian-eastern_utf-8.vim
#6 5.928 nvim-linux-x86_64/share/nvim/runtime/keymap/slovak_utf-8.vim
#6 5.929 nvim-linux-x86_64/share/nvim/runtime/keymap/greek.vim
#6 5.929 nvim-linux-x86_64/share/nvim/runtime/keymap/sinhala.vim
#6 5.929 nvim-linux-x86_64/share/nvim/runtime/keymap/esperanto_utf-8.vim
#6 5.929 nvim-linux-x86_64/share/nvim/runtime/keymap/hebrew_cp1255.vim
#6 5.929 nvim-linux-x86_64/share/nvim/runtime/keymap/polish-slash_utf-8.vim
#6 5.930 nvim-linux-x86_64/share/nvim/runtime/keymap/russian-typograph.vim
#6 5.930 nvim-linux-x86_64/share/nvim/runtime/keymap/README.txt
#6 5.930 nvim-linux-x86_64/share/nvim/runtime/keymap/serbian.vim
#6 5.930 nvim-linux-x86_64/share/nvim/runtime/keymap/ukrainian-jcuken.vim
#6 5.931 nvim-linux-x86_64/share/nvim/runtime/keymap/croatian.vim
#6 5.931 nvim-linux-x86_64/share/nvim/runtime/keymap/arabic_utf-8.vim
#6 5.931 nvim-linux-x86_64/share/nvim/runtime/keymap/persian-iranian_utf-8.vim
#6 5.931 nvim-linux-x86_64/share/nvim/runtime/keymap/russian-jcukenmac.vim
#6 5.931 nvim-linux-x86_64/share/nvim/runtime/keymap/tamil_tscii.vim
#6 5.932 nvim-linux-x86_64/share/nvim/runtime/keymap/german-qwertz.vim
#6 5.932 nvim-linux-x86_64/share/nvim/runtime/keymap/french-azerty.vim
#6 5.932 nvim-linux-x86_64/share/nvim/runtime/keymap/kana.vim
#6 5.932 nvim-linux-x86_64/share/nvim/runtime/keymap/greek_cp1253.vim
#6 5.933 nvim-linux-x86_64/share/nvim/runtime/keymap/accents.vim
#6 5.934 nvim-linux-x86_64/share/nvim/runtime/keymap/russian-jcukenwin.vim
#6 5.934 nvim-linux-x86_64/share/nvim/runtime/keymap/serbian-latin_utf-8.vim
#6 5.934 nvim-linux-x86_64/share/nvim/runtime/keymap/croatian_iso-8859-2.vim
#6 5.934 nvim-linux-x86_64/share/nvim/runtime/keymap/kazakh-jcuken.vim
#6 5.934 nvim-linux-x86_64/share/nvim/runtime/keymap/mongolian_utf-8.vim
#6 5.934 nvim-linux-x86_64/share/nvim/runtime/keymap/bulgarian-phonetic.vim
#6 5.934 nvim-linux-x86_64/share/nvim/runtime/keymap/ukrainian-dvorak.vim
#6 5.934 nvim-linux-x86_64/share/nvim/runtime/keymap/thaana.vim
#6 5.934 nvim-linux-x86_64/share/nvim/runtime/keymap/polish-slash_iso-8859-2.vim
#6 5.935 nvim-linux-x86_64/share/nvim/runtime/keymap/hebrew.vim
#6 5.935 nvim-linux-x86_64/share/nvim/runtime/keymap/ukrainian-enhanced.vim
#6 5.936 nvim-linux-x86_64/share/nvim/runtime/keymap/croatian_cp1250.vim
#6 5.936 nvim-linux-x86_64/share/nvim/runtime/keymap/croatian_utf-8.vim
#6 5.937 nvim-linux-x86_64/share/nvim/runtime/keymap/arabic.vim
#6 5.937 nvim-linux-x86_64/share/nvim/runtime/keymap/greek_utf-8.vim
#6 5.939 nvim-linux-x86_64/share/nvim/runtime/keymap/hebrewp_cp1255.vim
#6 5.939 nvim-linux-x86_64/share/nvim/runtime/keymap/russian-dvorak.vim
#6 5.939 nvim-linux-x86_64/share/nvim/runtime/keymap/polish-slash_cp1250.vim
#6 5.939 nvim-linux-x86_64/share/nvim/runtime/keymap/russian-jcukenwintype.vim
#6 5.939 nvim-linux-x86_64/share/nvim/runtime/keymap/magyar_utf-8.vim
#6 5.939 nvim-linux-x86_64/share/nvim/runtime/keymap/oldturkic-orkhon_utf-8.vim
#6 5.939 nvim-linux-x86_64/share/nvim/runtime/keymap/canfr-win.vim
#6 5.940 nvim-linux-x86_64/share/nvim/runtime/keymap/russian-jcuken.vim
#6 5.940 nvim-linux-x86_64/share/nvim/runtime/keymap/dvorak.vim
#6 5.940 nvim-linux-x86_64/share/nvim/runtime/keymap/russian-yawerty.vim
#6 5.940 nvim-linux-x86_64/share/nvim/runtime/keymap/serbian_cp1250.vim
#6 5.941 nvim-linux-x86_64/share/nvim/runtime/keymap/pinyin.vim
#6 5.941 nvim-linux-x86_64/share/nvim/runtime/keymap/polish-slash.vim
#6 5.941 nvim-linux-x86_64/share/nvim/runtime/keymap/czech_utf-8.vim
#6 5.941 nvim-linux-x86_64/share/nvim/runtime/lua/
#6 5.941 nvim-linux-x86_64/share/nvim/runtime/lua/vim/
#6 5.942 nvim-linux-x86_64/share/nvim/runtime/lua/vim/_options.lua
#6 5.942 nvim-linux-x86_64/share/nvim/runtime/lua/vim/filetype.lua
#6 5.944 nvim-linux-x86_64/share/nvim/runtime/lua/vim/loader.lua
#6 5.944 nvim-linux-x86_64/share/nvim/runtime/lua/vim/deprecated/
#6 5.944 nvim-linux-x86_64/share/nvim/runtime/lua/vim/deprecated/health.lua
#6 5.945 nvim-linux-x86_64/share/nvim/runtime/lua/vim/func/
#6 5.945 nvim-linux-x86_64/share/nvim/runtime/lua/vim/func/_memoize.lua
#6 5.946 nvim-linux-x86_64/share/nvim/runtime/lua/vim/_defaults.lua
#6 5.946 nvim-linux-x86_64/share/nvim/runtime/lua/vim/provider.lua
#6 5.947 nvim-linux-x86_64/share/nvim/runtime/lua/vim/lsp.lua
#6 5.948 nvim-linux-x86_64/share/nvim/runtime/lua/vim/_buf.lua
#6 5.948 nvim-linux-x86_64/share/nvim/runtime/lua/vim/uri.lua
#6 5.948 nvim-linux-x86_64/share/nvim/runtime/lua/vim/_inspector.lua
#6 5.949 nvim-linux-x86_64/share/nvim/runtime/lua/vim/_init_packages.lua
#6 5.949 nvim-linux-x86_64/share/nvim/runtime/lua/vim/health/
#6 5.949 nvim-linux-x86_64/share/nvim/runtime/lua/vim/health/health.lua
#6 5.950 nvim-linux-x86_64/share/nvim/runtime/lua/vim/_editor.lua
#6 5.951 nvim-linux-x86_64/share/nvim/runtime/lua/vim/shared.lua
#6 5.951 nvim-linux-x86_64/share/nvim/runtime/lua/vim/iter.lua
#6 5.952 nvim-linux-x86_64/share/nvim/runtime/lua/vim/_meta.lua
#6 5.952 nvim-linux-x86_64/share/nvim/runtime/lua/vim/lsp/
#6 5.952 nvim-linux-x86_64/share/nvim/runtime/lua/vim/lsp/rpc.lua
#6 5.953 nvim-linux-x86_64/share/nvim/runtime/lua/vim/lsp/_watchfiles.lua
#6 5.954 nvim-linux-x86_64/share/nvim/runtime/lua/vim/lsp/sync.lua
#6 5.954 nvim-linux-x86_64/share/nvim/runtime/lua/vim/lsp/_changetracking.lua
#6 5.954 nvim-linux-x86_64/share/nvim/runtime/lua/vim/lsp/protocol.lua
#6 5.954 nvim-linux-x86_64/share/nvim/runtime/lua/vim/lsp/_meta.lua
#6 5.955 nvim-linux-x86_64/share/nvim/runtime/lua/vim/lsp/semantic_tokens.lua
#6 5.956 nvim-linux-x86_64/share/nvim/runtime/lua/vim/lsp/_tagfunc.lua
#6 5.956 nvim-linux-x86_64/share/nvim/runtime/lua/vim/lsp/log.lua
#6 5.957 nvim-linux-x86_64/share/nvim/runtime/lua/vim/lsp/handlers.lua
#6 5.957 nvim-linux-x86_64/share/nvim/runtime/lua/vim/lsp/diagnostic.lua
#6 5.958 nvim-linux-x86_64/share/nvim/runtime/lua/vim/lsp/inlay_hint.lua
#6 5.959 nvim-linux-x86_64/share/nvim/runtime/lua/vim/lsp/health.lua
#6 5.960 nvim-linux-x86_64/share/nvim/runtime/lua/vim/lsp/_meta/
#6 5.960 nvim-linux-x86_64/share/nvim/runtime/lua/vim/lsp/_meta/protocol.lua
#6 5.964 nvim-linux-x86_64/share/nvim/runtime/lua/vim/lsp/_snippet_grammar.lua
#6 5.964 nvim-linux-x86_64/share/nvim/runtime/lua/vim/lsp/_transport.lua
#6 5.964 nvim-linux-x86_64/share/nvim/runtime/lua/vim/lsp/completion.lua
#6 5.965 nvim-linux-x86_64/share/nvim/runtime/lua/vim/lsp/util.lua
#6 5.966 nvim-linux-x86_64/share/nvim/runtime/lua/vim/lsp/client.lua
#6 5.966 nvim-linux-x86_64/share/nvim/runtime/lua/vim/lsp/codelens.lua
#6 5.967 nvim-linux-x86_64/share/nvim/runtime/lua/vim/lsp/_folding_range.lua
#6 5.967 nvim-linux-x86_64/share/nvim/runtime/lua/vim/lsp/buf.lua
#6 5.968 nvim-linux-x86_64/share/nvim/runtime/lua/vim/re.lua
#6 5.968 nvim-linux-x86_64/share/nvim/runtime/lua/vim/func.lua
#6 5.968 nvim-linux-x86_64/share/nvim/runtime/lua/vim/treesitter.lua
#6 5.969 nvim-linux-x86_64/share/nvim/runtime/lua/vim/_watch.lua
#6 5.969 nvim-linux-x86_64/share/nvim/runtime/lua/vim/diagnostic.lua
#6 5.970 nvim-linux-x86_64/share/nvim/runtime/lua/vim/fs.lua
#6 5.971 nvim-linux-x86_64/share/nvim/runtime/lua/vim/health.lua
#6 5.971 nvim-linux-x86_64/share/nvim/runtime/lua/vim/_meta/
#6 5.971 nvim-linux-x86_64/share/nvim/runtime/lua/vim/_meta/api.lua
#6 5.973 nvim-linux-x86_64/share/nvim/runtime/lua/vim/_meta/diff.lua
#6 5.973 nvim-linux-x86_64/share/nvim/runtime/lua/vim/_meta/options.lua
#6 5.978 nvim-linux-x86_64/share/nvim/runtime/lua/vim/_meta/builtin.lua
#6 5.979 nvim-linux-x86_64/share/nvim/runtime/lua/vim/_meta/vimfn.lua
#6 5.985 nvim-linux-x86_64/share/nvim/runtime/lua/vim/_meta/re.lua
#6 5.986 nvim-linux-x86_64/share/nvim/runtime/lua/vim/_meta/regex.lua
#6 5.986 nvim-linux-x86_64/share/nvim/runtime/lua/vim/_meta/base64.lua
#6 5.986 nvim-linux-x86_64/share/nvim/runtime/lua/vim/_meta/spell.lua
#6 5.986 nvim-linux-x86_64/share/nvim/runtime/lua/vim/_meta/json.lua
#6 5.986 nvim-linux-x86_64/share/nvim/runtime/lua/vim/_meta/builtin_types.lua
#6 5.987 nvim-linux-x86_64/share/nvim/runtime/lua/vim/_meta/api_keysets.lua
#6 5.988 nvim-linux-x86_64/share/nvim/runtime/lua/vim/_meta/vvars.lua
#6 5.989 nvim-linux-x86_64/share/nvim/runtime/lua/vim/_meta/vvars_extra.lua
#6 5.989 nvim-linux-x86_64/share/nvim/runtime/lua/vim/_meta/lpeg.lua
#6 5.990 nvim-linux-x86_64/share/nvim/runtime/lua/vim/_meta/misc.lua
#6 5.990 nvim-linux-x86_64/share/nvim/runtime/lua/vim/_meta/api_keysets_extra.lua
#6 5.990 nvim-linux-x86_64/share/nvim/runtime/lua/vim/_meta/mpack.lua
#6 5.990 nvim-linux-x86_64/share/nvim/runtime/lua/vim/F.lua
#6 5.990 nvim-linux-x86_64/share/nvim/runtime/lua/vim/filetype/
#6 5.990 nvim-linux-x86_64/share/nvim/runtime/lua/vim/filetype/options.lua
#6 5.991 nvim-linux-x86_64/share/nvim/runtime/lua/vim/filetype/detect.lua
#6 5.992 nvim-linux-x86_64/share/nvim/runtime/lua/vim/version.lua
#6 5.992 nvim-linux-x86_64/share/nvim/runtime/lua/vim/keymap.lua
#6 5.992 nvim-linux-x86_64/share/nvim/runtime/lua/vim/treesitter/
#6 5.992 nvim-linux-x86_64/share/nvim/runtime/lua/vim/treesitter/query.lua
#6 5.994 nvim-linux-x86_64/share/nvim/runtime/lua/vim/treesitter/language.lua
#6 5.994 nvim-linux-x86_64/share/nvim/runtime/lua/vim/treesitter/_range.lua
#6 5.994 nvim-linux-x86_64/share/nvim/runtime/lua/vim/treesitter/health.lua
#6 5.994 nvim-linux-x86_64/share/nvim/runtime/lua/vim/treesitter/_meta/
#6 5.994 nvim-linux-x86_64/share/nvim/runtime/lua/vim/treesitter/_meta/tsnode.lua
#6 5.995 nvim-linux-x86_64/share/nvim/runtime/lua/vim/treesitter/_meta/tsquery.lua
#6 5.995 nvim-linux-x86_64/share/nvim/runtime/lua/vim/treesitter/_meta/misc.lua
#6 5.995 nvim-linux-x86_64/share/nvim/runtime/lua/vim/treesitter/_meta/tstree.lua
#6 5.995 nvim-linux-x86_64/share/nvim/runtime/lua/vim/treesitter/highlighter.lua
#6 5.996 nvim-linux-x86_64/share/nvim/runtime/lua/vim/treesitter/_headings.lua
#6 5.996 nvim-linux-x86_64/share/nvim/runtime/lua/vim/treesitter/_fold.lua
#6 5.996 nvim-linux-x86_64/share/nvim/runtime/lua/vim/treesitter/_query_linter.lua
#6 5.997 nvim-linux-x86_64/share/nvim/runtime/lua/vim/treesitter/dev.lua
#6 5.997 nvim-linux-x86_64/share/nvim/runtime/lua/vim/treesitter/languagetree.lua
#6 5.997 nvim-linux-x86_64/share/nvim/runtime/lua/vim/_ftplugin/
#6 5.998 nvim-linux-x86_64/share/nvim/runtime/lua/vim/_ftplugin/lua.lua
#6 5.998 nvim-linux-x86_64/share/nvim/runtime/lua/vim/_system.lua
#6 5.998 nvim-linux-x86_64/share/nvim/runtime/lua/vim/termcap.lua
#6 5.998 nvim-linux-x86_64/share/nvim/runtime/lua/vim/secure.lua
#6 5.998 nvim-linux-x86_64/share/nvim/runtime/lua/vim/glob.lua
#6 5.998 nvim-linux-x86_64/share/nvim/runtime/lua/vim/ui/
#6 5.998 nvim-linux-x86_64/share/nvim/runtime/lua/vim/ui/clipboard/
#6 5.999 nvim-linux-x86_64/share/nvim/runtime/lua/vim/ui/clipboard/osc52.lua
#6 5.999 nvim-linux-x86_64/share/nvim/runtime/lua/vim/text.lua
#6 5.999 nvim-linux-x86_64/share/nvim/runtime/lua/vim/_comment.lua
#6 5.999 nvim-linux-x86_64/share/nvim/runtime/lua/vim/provider/
#6 6.000 nvim-linux-x86_64/share/nvim/runtime/lua/vim/provider/perl.lua
#6 6.000 nvim-linux-x86_64/share/nvim/runtime/lua/vim/provider/ruby.lua
#6 6.000 nvim-linux-x86_64/share/nvim/runtime/lua/vim/provider/health.lua
#6 6.000 nvim-linux-x86_64/share/nvim/runtime/lua/vim/provider/python.lua
#6 6.001 nvim-linux-x86_64/share/nvim/runtime/lua/vim/snippet.lua
#6 6.001 nvim-linux-x86_64/share/nvim/runtime/lua/vim/hl.lua
#6 6.001 nvim-linux-x86_64/share/nvim/runtime/lua/vim/inspect.lua
#6 6.002 nvim-linux-x86_64/share/nvim/runtime/lua/vim/ui.lua
#6 6.002 nvim-linux-x86_64/share/nvim/runtime/lua/nvim/
#6 6.002 nvim-linux-x86_64/share/nvim/runtime/lua/nvim/tutor.lua
#6 6.003 nvim-linux-x86_64/share/nvim/runtime/lua/coxpcall.lua
#6 6.003 nvim-linux-x86_64/share/nvim/runtime/lua/_vim9script.lua
#6 6.003 nvim-linux-x86_64/share/nvim/runtime/lua/editorconfig.lua
#6 6.004 nvim-linux-x86_64/share/nvim/runtime/lua/tohtml.lua
#6 6.004 nvim-linux-x86_64/share/nvim/runtime/lua/jit/
#6 6.005 nvim-linux-x86_64/share/nvim/runtime/lua/jit/dis_mips64r6.lua
#6 6.005 nvim-linux-x86_64/share/nvim/runtime/lua/jit/dis_x86.lua
#6 6.005 nvim-linux-x86_64/share/nvim/runtime/lua/jit/dis_mips64el.lua
#6 6.005 nvim-linux-x86_64/share/nvim/runtime/lua/jit/dump.lua
#6 6.006 nvim-linux-x86_64/share/nvim/runtime/lua/jit/dis_mipsel.lua
#6 6.006 nvim-linux-x86_64/share/nvim/runtime/lua/jit/dis_arm64be.lua
#6 6.006 nvim-linux-x86_64/share/nvim/runtime/lua/jit/dis_ppc.lua
#6 6.006 nvim-linux-x86_64/share/nvim/runtime/lua/jit/dis_x64.lua
#6 6.007 nvim-linux-x86_64/share/nvim/runtime/lua/jit/dis_mips.lua
#6 6.008 nvim-linux-x86_64/share/nvim/runtime/lua/jit/bcsave.lua
#6 6.008 nvim-linux-x86_64/share/nvim/runtime/lua/jit/dis_mips64.lua
#6 6.008 nvim-linux-x86_64/share/nvim/runtime/lua/jit/v.lua
#6 6.008 nvim-linux-x86_64/share/nvim/runtime/lua/jit/bc.lua
#6 6.008 nvim-linux-x86_64/share/nvim/runtime/lua/jit/dis_arm64.lua
#6 6.008 nvim-linux-x86_64/share/nvim/runtime/lua/jit/dis_arm.lua
#6 6.009 nvim-linux-x86_64/share/nvim/runtime/lua/jit/p.lua
#6 6.009 nvim-linux-x86_64/share/nvim/runtime/lua/jit/vmdef.lua
#6 6.009 nvim-linux-x86_64/share/nvim/runtime/lua/jit/zone.lua
#6 6.009 nvim-linux-x86_64/share/nvim/runtime/lua/jit/dis_mips64r6el.lua
#6 6.010 nvim-linux-x86_64/share/nvim/runtime/lua/man.lua
#6 6.010 nvim-linux-x86_64/share/nvim/runtime/synmenu.vim
#6 6.011 nvim-linux-x86_64/share/nvim/runtime/doc/
#6 6.011 nvim-linux-x86_64/share/nvim/runtime/doc/vvars.txt
#6 6.012 nvim-linux-x86_64/share/nvim/runtime/doc/usr_43.txt
#6 6.012 nvim-linux-x86_64/share/nvim/runtime/doc/dev_tools.txt
#6 6.012 nvim-linux-x86_64/share/nvim/runtime/doc/arabic.txt
#6 6.013 nvim-linux-x86_64/share/nvim/runtime/doc/usr_12.txt
#6 6.013 nvim-linux-x86_64/share/nvim/runtime/doc/usr_41.txt
#6 6.015 nvim-linux-x86_64/share/nvim/runtime/doc/scroll.txt
#6 6.015 nvim-linux-x86_64/share/nvim/runtime/doc/pattern.txt
#6 6.016 nvim-linux-x86_64/share/nvim/runtime/doc/motion.txt
#6 6.017 nvim-linux-x86_64/share/nvim/runtime/doc/tabpage.txt
#6 6.017 nvim-linux-x86_64/share/nvim/runtime/doc/api.txt
#6 6.019 nvim-linux-x86_64/share/nvim/runtime/doc/gui.txt
#6 6.020 nvim-linux-x86_64/share/nvim/runtime/doc/usr_04.txt
#6 6.021 nvim-linux-x86_64/share/nvim/runtime/doc/filetype.txt
#6 6.021 nvim-linux-x86_64/share/nvim/runtime/doc/if_ruby.txt
#6 6.021 nvim-linux-x86_64/share/nvim/runtime/doc/treesitter.txt
#6 6.023 nvim-linux-x86_64/share/nvim/runtime/doc/usr_26.txt
#6 6.023 nvim-linux-x86_64/share/nvim/runtime/doc/usr_06.txt
#6 6.024 nvim-linux-x86_64/share/nvim/runtime/doc/mbyte.txt
#6 6.024 nvim-linux-x86_64/share/nvim/runtime/doc/recover.txt
#6 6.024 nvim-linux-x86_64/share/nvim/runtime/doc/dev_theme.txt
#6 6.025 nvim-linux-x86_64/share/nvim/runtime/doc/visual.txt
#6 6.025 nvim-linux-x86_64/share/nvim/runtime/doc/news-0.9.txt
#6 6.025 nvim-linux-x86_64/share/nvim/runtime/doc/syntax.txt
#6 6.028 nvim-linux-x86_64/share/nvim/runtime/doc/starting.txt
#6 6.030 nvim-linux-x86_64/share/nvim/runtime/doc/usr_40.txt
#6 6.030 nvim-linux-x86_64/share/nvim/runtime/doc/usr_01.txt
#6 6.030 nvim-linux-x86_64/share/nvim/runtime/doc/hebrew.txt
#6 6.031 nvim-linux-x86_64/share/nvim/runtime/doc/message.txt
#6 6.031 nvim-linux-x86_64/share/nvim/runtime/doc/sign.txt
#6 6.032 nvim-linux-x86_64/share/nvim/runtime/doc/vietnamese.txt
#6 6.032 nvim-linux-x86_64/share/nvim/runtime/doc/credits.txt
#6 6.032 nvim-linux-x86_64/share/nvim/runtime/doc/pi_gzip.txt
#6 6.032 nvim-linux-x86_64/share/nvim/runtime/doc/faq.txt
#6 6.033 nvim-linux-x86_64/share/nvim/runtime/doc/usr_31.txt
#6 6.033 nvim-linux-x86_64/share/nvim/runtime/doc/usr_21.txt
#6 6.034 nvim-linux-x86_64/share/nvim/runtime/doc/intro.txt
#6 6.034 nvim-linux-x86_64/share/nvim/runtime/doc/usr_27.txt
#6 6.035 nvim-linux-x86_64/share/nvim/runtime/doc/indent.txt
#6 6.035 nvim-linux-x86_64/share/nvim/runtime/doc/nvim.txt
#6 6.035 nvim-linux-x86_64/share/nvim/runtime/doc/support.txt
#6 6.035 nvim-linux-x86_64/share/nvim/runtime/doc/dev_arch.txt
#6 6.035 nvim-linux-x86_64/share/nvim/runtime/doc/luaref.txt
#6 6.038 nvim-linux-x86_64/share/nvim/runtime/doc/change.txt
#6 6.039 nvim-linux-x86_64/share/nvim/runtime/doc/if_perl.txt
#6 6.040 nvim-linux-x86_64/share/nvim/runtime/doc/usr_45.txt
#6 6.040 nvim-linux-x86_64/share/nvim/runtime/doc/editorconfig.txt
#6 6.040 nvim-linux-x86_64/share/nvim/runtime/doc/ft_rust.txt
#6 6.040 nvim-linux-x86_64/share/nvim/runtime/doc/tagsrch.txt
#6 6.041 nvim-linux-x86_64/share/nvim/runtime/doc/tags
#6 6.046 nvim-linux-x86_64/share/nvim/runtime/doc/russian.txt
#6 6.046 nvim-linux-x86_64/share/nvim/runtime/doc/diagnostic.txt
#6 6.047 nvim-linux-x86_64/share/nvim/runtime/doc/usr_02.txt
#6 6.047 nvim-linux-x86_64/share/nvim/runtime/doc/if_pyth.txt
#6 6.048 nvim-linux-x86_64/share/nvim/runtime/doc/windows.txt
#6 6.049 nvim-linux-x86_64/share/nvim/runtime/doc/cmdline.txt
#6 6.050 nvim-linux-x86_64/share/nvim/runtime/doc/spell.txt
#6 6.051 nvim-linux-x86_64/share/nvim/runtime/doc/pi_tar.txt
#6 6.051 nvim-linux-x86_64/share/nvim/runtime/doc/quickref.txt
#6 6.052 nvim-linux-x86_64/share/nvim/runtime/doc/lua-plugin.txt
#6 6.053 nvim-linux-x86_64/share/nvim/runtime/doc/mlang.txt
#6 6.053 nvim-linux-x86_64/share/nvim/runtime/doc/usr_32.txt
#6 6.053 nvim-linux-x86_64/share/nvim/runtime/doc/vimfn.txt
#6 6.060 nvim-linux-x86_64/share/nvim/runtime/doc/usr_29.txt
#6 6.060 nvim-linux-x86_64/share/nvim/runtime/doc/pi_paren.txt
#6 6.060 nvim-linux-x86_64/share/nvim/runtime/doc/pi_spec.txt
#6 6.060 nvim-linux-x86_64/share/nvim/runtime/doc/usr_20.txt
#6 6.061 nvim-linux-x86_64/share/nvim/runtime/doc/tips.txt
#6 6.061 nvim-linux-x86_64/share/nvim/runtime/doc/news.txt
#6 6.063 nvim-linux-x86_64/share/nvim/runtime/doc/fold.txt
#6 6.064 nvim-linux-x86_64/share/nvim/runtime/doc/ft_ps1.txt
#6 6.064 nvim-linux-x86_64/share/nvim/runtime/doc/usr_44.txt
#6 6.065 nvim-linux-x86_64/share/nvim/runtime/doc/pi_tutor.txt
#6 6.065 nvim-linux-x86_64/share/nvim/runtime/doc/debug.txt
#6 6.065 nvim-linux-x86_64/share/nvim/runtime/doc/map.txt
#6 6.066 nvim-linux-x86_64/share/nvim/runtime/doc/news-0.10.txt
#6 6.067 nvim-linux-x86_64/share/nvim/runtime/doc/usr_08.txt
#6 6.067 nvim-linux-x86_64/share/nvim/runtime/doc/pi_zip.txt
#6 6.067 nvim-linux-x86_64/share/nvim/runtime/doc/terminal.txt
#6 6.068 nvim-linux-x86_64/share/nvim/runtime/doc/editing.txt
#6 6.069 nvim-linux-x86_64/share/nvim/runtime/doc/tui.txt
#6 6.069 nvim-linux-x86_64/share/nvim/runtime/doc/provider.txt
#6 6.069 nvim-linux-x86_64/share/nvim/runtime/doc/usr_22.txt
#6 6.070 nvim-linux-x86_64/share/nvim/runtime/doc/digraph.txt
#6 6.071 nvim-linux-x86_64/share/nvim/runtime/doc/luvref.txt
#6 6.073 nvim-linux-x86_64/share/nvim/runtime/doc/usr_24.txt
#6 6.074 nvim-linux-x86_64/share/nvim/runtime/doc/dev_vimpatch.txt
#6 6.074 nvim-linux-x86_64/share/nvim/runtime/doc/vi_diff.txt
#6 6.074 nvim-linux-x86_64/share/nvim/runtime/doc/vim_diff.txt
#6 6.074 nvim-linux-x86_64/share/nvim/runtime/doc/insert.txt
#6 6.075 nvim-linux-x86_64/share/nvim/runtime/doc/testing.txt
#6 6.075 nvim-linux-x86_64/share/nvim/runtime/doc/usr_25.txt
#6 6.076 nvim-linux-x86_64/share/nvim/runtime/doc/deprecated.txt
#6 6.076 nvim-linux-x86_64/share/nvim/runtime/doc/help.txt
#6 6.076 nvim-linux-x86_64/share/nvim/runtime/doc/ft_raku.txt
#6 6.077 nvim-linux-x86_64/share/nvim/runtime/doc/dev_style.txt
#6 6.078 nvim-linux-x86_64/share/nvim/runtime/doc/develop.txt
#6 6.078 nvim-linux-x86_64/share/nvim/runtime/doc/job_control.txt
#6 6.078 nvim-linux-x86_64/share/nvim/runtime/doc/various.txt
#6 6.078 nvim-linux-x86_64/share/nvim/runtime/doc/usr_28.txt
#6 6.079 nvim-linux-x86_64/share/nvim/runtime/doc/helphelp.txt
#6 6.079 nvim-linux-x86_64/share/nvim/runtime/doc/autocmd.txt
#6 6.080 nvim-linux-x86_64/share/nvim/runtime/doc/lua.txt
#6 6.082 nvim-linux-x86_64/share/nvim/runtime/doc/usr_30.txt
#6 6.083 nvim-linux-x86_64/share/nvim/runtime/doc/ui.txt
#6 6.084 nvim-linux-x86_64/share/nvim/runtime/doc/usr_03.txt
#6 6.084 nvim-linux-x86_64/share/nvim/runtime/doc/undo.txt
#6 6.084 nvim-linux-x86_64/share/nvim/runtime/doc/lsp.txt
#6 6.086 nvim-linux-x86_64/share/nvim/runtime/doc/quickfix.txt
#6 6.087 nvim-linux-x86_64/share/nvim/runtime/doc/options.txt
#6 6.091 nvim-linux-x86_64/share/nvim/runtime/doc/vimeval.txt
#6 6.093 nvim-linux-x86_64/share/nvim/runtime/doc/userfunc.txt
#6 6.093 nvim-linux-x86_64/share/nvim/runtime/doc/rileft.txt
#6 6.094 nvim-linux-x86_64/share/nvim/runtime/doc/repeat.txt
#6 6.094 nvim-linux-x86_64/share/nvim/runtime/doc/usr_09.txt
#6 6.094 nvim-linux-x86_64/share/nvim/runtime/doc/ft_sql.txt
#6 6.094 nvim-linux-x86_64/share/nvim/runtime/doc/ft_hare.txt
#6 6.094 nvim-linux-x86_64/share/nvim/runtime/doc/remote_plugin.txt
#6 6.095 nvim-linux-x86_64/share/nvim/runtime/doc/usr_toc.txt
#6 6.095 nvim-linux-x86_64/share/nvim/runtime/doc/usr_05.txt
#6 6.095 nvim-linux-x86_64/share/nvim/runtime/doc/usr_42.txt
#6 6.095 nvim-linux-x86_64/share/nvim/runtime/doc/usr_07.txt
#6 6.095 nvim-linux-x86_64/share/nvim/runtime/doc/uganda.txt
#6 6.095 nvim-linux-x86_64/share/nvim/runtime/doc/lua-guide.txt
#6 6.095 nvim-linux-x86_64/share/nvim/runtime/doc/usr_23.txt
#6 6.096 nvim-linux-x86_64/share/nvim/runtime/doc/lua-bit.txt
#6 6.096 nvim-linux-x86_64/share/nvim/runtime/doc/index.txt
#6 6.096 nvim-linux-x86_64/share/nvim/runtime/doc/pi_msgpack.txt
#6 6.097 nvim-linux-x86_64/share/nvim/runtime/doc/usr_10.txt
#6 6.097 nvim-linux-x86_64/share/nvim/runtime/doc/health.txt
#6 6.098 nvim-linux-x86_64/share/nvim/runtime/doc/usr_11.txt
#6 6.098 nvim-linux-x86_64/share/nvim/runtime/doc/channel.txt
#6 6.098 nvim-linux-x86_64/share/nvim/runtime/doc/ft_ada.txt
#6 6.098 nvim-linux-x86_64/share/nvim/runtime/doc/diff.txt
#6 6.098 nvim-linux-x86_64/share/nvim/runtime/doc/remote.txt
#6 6.098 nvim-linux-x86_64/share/nvim/runtime/queries/
#6 6.098 nvim-linux-x86_64/share/nvim/runtime/queries/vim/
#6 6.098 nvim-linux-x86_64/share/nvim/runtime/queries/vim/folds.scm
#6 6.098 nvim-linux-x86_64/share/nvim/runtime/queries/vim/highlights.scm
#6 6.098 nvim-linux-x86_64/share/nvim/runtime/queries/vim/injections.scm
#6 6.098 nvim-linux-x86_64/share/nvim/runtime/queries/vimdoc/
#6 6.098 nvim-linux-x86_64/share/nvim/runtime/queries/vimdoc/highlights.scm
#6 6.099 nvim-linux-x86_64/share/nvim/runtime/queries/vimdoc/injections.scm
#6 6.099 nvim-linux-x86_64/share/nvim/runtime/queries/query/
#6 6.099 nvim-linux-x86_64/share/nvim/runtime/queries/query/folds.scm
#6 6.099 nvim-linux-x86_64/share/nvim/runtime/queries/query/highlights.scm
#6 6.099 nvim-linux-x86_64/share/nvim/runtime/queries/c/
#6 6.099 nvim-linux-x86_64/share/nvim/runtime/queries/c/folds.scm
#6 6.099 nvim-linux-x86_64/share/nvim/runtime/queries/c/highlights.scm
#6 6.099 nvim-linux-x86_64/share/nvim/runtime/queries/c/injections.scm
#6 6.099 nvim-linux-x86_64/share/nvim/runtime/queries/lua/
#6 6.099 nvim-linux-x86_64/share/nvim/runtime/queries/lua/folds.scm
#6 6.099 nvim-linux-x86_64/share/nvim/runtime/queries/lua/highlights.scm
#6 6.100 nvim-linux-x86_64/share/nvim/runtime/queries/lua/injections.scm
#6 6.100 nvim-linux-x86_64/share/nvim/runtime/queries/markdown/
#6 6.100 nvim-linux-x86_64/share/nvim/runtime/queries/markdown/folds.scm
#6 6.100 nvim-linux-x86_64/share/nvim/runtime/queries/markdown/highlights.scm
#6 6.100 nvim-linux-x86_64/share/nvim/runtime/queries/markdown/injections.scm
#6 6.100 nvim-linux-x86_64/share/nvim/runtime/queries/markdown_inline/
#6 6.100 nvim-linux-x86_64/share/nvim/runtime/queries/markdown_inline/highlights.scm
#6 6.100 nvim-linux-x86_64/share/nvim/runtime/queries/markdown_inline/injections.scm
#6 6.100 nvim-linux-x86_64/share/nvim/runtime/indent.vim
#6 6.100 nvim-linux-x86_64/share/nvim/runtime/neovim.ico
#6 6.101 nvim-linux-x86_64/share/nvim/runtime/ftplugin/
#6 6.101 nvim-linux-x86_64/share/nvim/runtime/ftplugin/asy.vim
#6 6.101 nvim-linux-x86_64/share/nvim/runtime/ftplugin/cucumber.vim
#6 6.101 nvim-linux-x86_64/share/nvim/runtime/ftplugin/llvm.vim
#6 6.102 nvim-linux-x86_64/share/nvim/runtime/ftplugin/svg.vim
#6 6.102 nvim-linux-x86_64/share/nvim/runtime/ftplugin/xinetd.vim
#6 6.102 nvim-linux-x86_64/share/nvim/runtime/ftplugin/scss.vim
#6 6.102 nvim-linux-x86_64/share/nvim/runtime/ftplugin/mermaid.vim
#6 6.102 nvim-linux-x86_64/share/nvim/runtime/ftplugin/dockerfile.vim
#6 6.102 nvim-linux-x86_64/share/nvim/runtime/ftplugin/pbtxt.vim
#6 6.102 nvim-linux-x86_64/share/nvim/runtime/ftplugin/sql.vim
#6 6.102 nvim-linux-x86_64/share/nvim/runtime/ftplugin/bash.vim
#6 6.102 nvim-linux-x86_64/share/nvim/runtime/ftplugin/procmail.vim
#6 6.102 nvim-linux-x86_64/share/nvim/runtime/ftplugin/msmessages.vim
#6 6.102 nvim-linux-x86_64/share/nvim/runtime/ftplugin/bindzone.vim
#6 6.102 nvim-linux-x86_64/share/nvim/runtime/ftplugin/dot.lua
#6 6.103 nvim-linux-x86_64/share/nvim/runtime/ftplugin/expect.vim
#6 6.103 nvim-linux-x86_64/share/nvim/runtime/ftplugin/docbk.vim
#6 6.103 nvim-linux-x86_64/share/nvim/runtime/ftplugin/mlir.vim
#6 6.103 nvim-linux-x86_64/share/nvim/runtime/ftplugin/sbt.vim
#6 6.103 nvim-linux-x86_64/share/nvim/runtime/ftplugin/typescript.vim
#6 6.103 nvim-linux-x86_64/share/nvim/runtime/ftplugin/xhtml.vim
#6 6.103 nvim-linux-x86_64/share/nvim/runtime/ftplugin/tiasm.vim
#6 6.103 nvim-linux-x86_64/share/nvim/runtime/ftplugin/m3quake.vim
#6 6.103 nvim-linux-x86_64/share/nvim/runtime/ftplugin/jsonnet.vim
#6 6.103 nvim-linux-x86_64/share/nvim/runtime/ftplugin/udevperm.vim
#6 6.103 nvim-linux-x86_64/share/nvim/runtime/ftplugin/markdown.vim
#6 6.103 nvim-linux-x86_64/share/nvim/runtime/ftplugin/loginaccess.vim
#6 6.103 nvim-linux-x86_64/share/nvim/runtime/ftplugin/plaintex.vim
#6 6.103 nvim-linux-x86_64/share/nvim/runtime/ftplugin/modula2.vim
#6 6.103 nvim-linux-x86_64/share/nvim/runtime/ftplugin/m17ndb.vim
#6 6.103 nvim-linux-x86_64/share/nvim/runtime/ftplugin/gitignore.vim
#6 6.104 nvim-linux-x86_64/share/nvim/runtime/ftplugin/xcompose.vim
#6 6.104 nvim-linux-x86_64/share/nvim/runtime/ftplugin/bdf.vim
#6 6.104 nvim-linux-x86_64/share/nvim/runtime/ftplugin/mojo.vim
#6 6.104 nvim-linux-x86_64/share/nvim/runtime/ftplugin/eruby.vim
#6 6.104 nvim-linux-x86_64/share/nvim/runtime/ftplugin/chatito.vim
#6 6.104 nvim-linux-x86_64/share/nvim/runtime/ftplugin/hyprlang.vim
#6 6.104 nvim-linux-x86_64/share/nvim/runtime/ftplugin/occam.vim
#6 6.104 nvim-linux-x86_64/share/nvim/runtime/ftplugin/framescript.vim
#6 6.104 nvim-linux-x86_64/share/nvim/runtime/ftplugin/htmldjango.vim
#6 6.104 nvim-linux-x86_64/share/nvim/runtime/ftplugin/vhdl.vim
#6 6.105 nvim-linux-x86_64/share/nvim/runtime/ftplugin/karel.vim
#6 6.105 nvim-linux-x86_64/share/nvim/runtime/ftplugin/aspvbs.vim
#6 6.105 nvim-linux-x86_64/share/nvim/runtime/ftplugin/exports.vim
#6 6.105 nvim-linux-x86_64/share/nvim/runtime/ftplugin/idris2.vim
#6 6.105 nvim-linux-x86_64/share/nvim/runtime/ftplugin/unison.vim
#6 6.105 nvim-linux-x86_64/share/nvim/runtime/ftplugin/ssa.vim
#6 6.105 nvim-linux-x86_64/share/nvim/runtime/ftplugin/8th.vim
#6 6.105 nvim-linux-x86_64/share/nvim/runtime/ftplugin/javacc.vim
#6 6.105 nvim-linux-x86_64/share/nvim/runtime/ftplugin/vb.vim
#6 6.105 nvim-linux-x86_64/share/nvim/runtime/ftplugin/http.vim
#6 6.105 nvim-linux-x86_64/share/nvim/runtime/ftplugin/antlr4.vim
#6 6.105 nvim-linux-x86_64/share/nvim/runtime/ftplugin/dtd.vim
#6 6.105 nvim-linux-x86_64/share/nvim/runtime/ftplugin/leo.vim
#6 6.105 nvim-linux-x86_64/share/nvim/runtime/ftplugin/tcl.vim
#6 6.105 nvim-linux-x86_64/share/nvim/runtime/ftplugin/tutor.vim
#6 6.106 nvim-linux-x86_64/share/nvim/runtime/ftplugin/zathurarc.vim
#6 6.106 nvim-linux-x86_64/share/nvim/runtime/ftplugin/elixir.vim
#6 6.106 nvim-linux-x86_64/share/nvim/runtime/ftplugin/denyhosts.vim
#6 6.106 nvim-linux-x86_64/share/nvim/runtime/ftplugin/abap.vim
#6 6.106 nvim-linux-x86_64/share/nvim/runtime/ftplugin/ant.vim
#6 6.106 nvim-linux-x86_64/share/nvim/runtime/ftplugin/pascal.vim
#6 6.106 nvim-linux-x86_64/share/nvim/runtime/ftplugin/sensors.vim
#6 6.106 nvim-linux-x86_64/share/nvim/runtime/ftplugin/squirrel.vim
#6 6.106 nvim-linux-x86_64/share/nvim/runtime/ftplugin/basic.vim
#6 6.106 nvim-linux-x86_64/share/nvim/runtime/ftplugin/neomuttrc.vim
#6 6.106 nvim-linux-x86_64/share/nvim/runtime/ftplugin/art.vim
#6 6.106 nvim-linux-x86_64/share/nvim/runtime/ftplugin/ocaml.vim
#6 6.107 nvim-linux-x86_64/share/nvim/runtime/ftplugin/j.vim
#6 6.107 nvim-linux-x86_64/share/nvim/runtime/ftplugin/asm.vim
#6 6.107 nvim-linux-x86_64/share/nvim/runtime/ftplugin/awk.vim
#6 6.107 nvim-linux-x86_64/share/nvim/runtime/ftplugin/racc.vim
#6 6.107 nvim-linux-x86_64/share/nvim/runtime/ftplugin/fstab.vim
#6 6.107 nvim-linux-x86_64/share/nvim/runtime/ftplugin/ch.lua
#6 6.107 nvim-linux-x86_64/share/nvim/runtime/ftplugin/terraform.vim
#6 6.107 nvim-linux-x86_64/share/nvim/runtime/ftplugin/gleam.vim
#6 6.107 nvim-linux-x86_64/share/nvim/runtime/ftplugin/elinks.vim
#6 6.108 nvim-linux-x86_64/share/nvim/runtime/ftplugin/kdl.vim
#6 6.108 nvim-linux-x86_64/share/nvim/runtime/ftplugin/erlang.vim
#6 6.108 nvim-linux-x86_64/share/nvim/runtime/ftplugin/icon.vim
#6 6.108 nvim-linux-x86_64/share/nvim/runtime/ftplugin/cs.lua
#6 6.109 nvim-linux-x86_64/share/nvim/runtime/ftplugin/btm.vim
#6 6.109 nvim-linux-x86_64/share/nvim/runtime/ftplugin/solution.vim
#6 6.109 nvim-linux-x86_64/share/nvim/runtime/ftplugin/alsaconf.vim
#6 6.109 nvim-linux-x86_64/share/nvim/runtime/ftplugin/swift.vim
#6 6.109 nvim-linux-x86_64/share/nvim/runtime/ftplugin/dosbatch.vim
#6 6.109 nvim-linux-x86_64/share/nvim/runtime/ftplugin/vue.vim
#6 6.109 nvim-linux-x86_64/share/nvim/runtime/ftplugin/abaqus.vim
#6 6.109 nvim-linux-x86_64/share/nvim/runtime/ftplugin/swig.vim
#6 6.109 nvim-linux-x86_64/share/nvim/runtime/ftplugin/logindefs.vim
#6 6.110 nvim-linux-x86_64/share/nvim/runtime/ftplugin/gitattributes.vim
#6 6.110 nvim-linux-x86_64/share/nvim/runtime/ftplugin/fish.vim
#6 6.110 nvim-linux-x86_64/share/nvim/runtime/ftplugin/less.vim
#6 6.110 nvim-linux-x86_64/share/nvim/runtime/ftplugin/xf86conf.vim
#6 6.110 nvim-linux-x86_64/share/nvim/runtime/ftplugin/lnk.vim
#6 6.110 nvim-linux-x86_64/share/nvim/runtime/ftplugin/gomod.vim
#6 6.110 nvim-linux-x86_64/share/nvim/runtime/ftplugin/swayconfig.vim
#6 6.110 nvim-linux-x86_64/share/nvim/runtime/ftplugin/sudoers.vim
#6 6.110 nvim-linux-x86_64/share/nvim/runtime/ftplugin/lynx.vim
#6 6.110 nvim-linux-x86_64/share/nvim/runtime/ftplugin/lua.lua
#6 6.110 nvim-linux-x86_64/share/nvim/runtime/ftplugin/man.vim
#6 6.110 nvim-linux-x86_64/share/nvim/runtime/ftplugin/odin.vim
#6 6.110 nvim-linux-x86_64/share/nvim/runtime/ftplugin/xdefaults.vim
#6 6.110 nvim-linux-x86_64/share/nvim/runtime/ftplugin/gprof.vim
#6 6.110 nvim-linux-x86_64/share/nvim/runtime/ftplugin/sysctl.vim
#6 6.110 nvim-linux-x86_64/share/nvim/runtime/ftplugin/i3config.vim
#6 6.110 nvim-linux-x86_64/share/nvim/runtime/ftplugin/stylus.vim
#6 6.111 nvim-linux-x86_64/share/nvim/runtime/ftplugin/mf.vim
#6 6.111 nvim-linux-x86_64/share/nvim/runtime/ftplugin/cfg.vim
#6 6.111 nvim-linux-x86_64/share/nvim/runtime/ftplugin/xsd.vim
#6 6.111 nvim-linux-x86_64/share/nvim/runtime/ftplugin/c.vim
#6 6.111 nvim-linux-x86_64/share/nvim/runtime/ftplugin/json5.vim
#6 6.111 nvim-linux-x86_64/share/nvim/runtime/ftplugin/m4.vim
#6 6.111 nvim-linux-x86_64/share/nvim/runtime/ftplugin/cook.vim
#6 6.111 nvim-linux-x86_64/share/nvim/runtime/ftplugin/mailaliases.vim
#6 6.111 nvim-linux-x86_64/share/nvim/runtime/ftplugin/query.lua
#6 6.111 nvim-linux-x86_64/share/nvim/runtime/ftplugin/objc.vim
#6 6.111 nvim-linux-x86_64/share/nvim/runtime/ftplugin/rst.vim
#6 6.111 nvim-linux-x86_64/share/nvim/runtime/ftplugin/setserial.vim
#6 6.111 nvim-linux-x86_64/share/nvim/runtime/ftplugin/gpg.vim
#6 6.111 nvim-linux-x86_64/share/nvim/runtime/ftplugin/markdown.lua
#6 6.112 nvim-linux-x86_64/share/nvim/runtime/ftplugin/typst.vim
#6 6.112 nvim-linux-x86_64/share/nvim/runtime/ftplugin/diff.vim
#6 6.112 nvim-linux-x86_64/share/nvim/runtime/ftplugin/vroom.vim
#6 6.112 nvim-linux-x86_64/share/nvim/runtime/ftplugin/crontab.vim
#6 6.112 nvim-linux-x86_64/share/nvim/runtime/ftplugin/goaccess.vim
#6 6.112 nvim-linux-x86_64/share/nvim/runtime/ftplugin/sshdconfig.vim
#6 6.112 nvim-linux-x86_64/share/nvim/runtime/ftplugin/slpconf.vim
#6 6.112 nvim-linux-x86_64/share/nvim/runtime/ftplugin/nix.vim
#6 6.112 nvim-linux-x86_64/share/nvim/runtime/ftplugin/gitconfig.vim
#6 6.112 nvim-linux-x86_64/share/nvim/runtime/ftplugin/libao.vim
#6 6.112 nvim-linux-x86_64/share/nvim/runtime/ftplugin/dircolors.vim
#6 6.112 nvim-linux-x86_64/share/nvim/runtime/ftplugin/wget2.vim
#6 6.113 nvim-linux-x86_64/share/nvim/runtime/ftplugin/dtrace.vim
#6 6.113 nvim-linux-x86_64/share/nvim/runtime/ftplugin/pyrex.vim
#6 6.113 nvim-linux-x86_64/share/nvim/runtime/ftplugin/just.vim
#6 6.113 nvim-linux-x86_64/share/nvim/runtime/ftplugin/postscr.vim
#6 6.113 nvim-linux-x86_64/share/nvim/runtime/ftplugin/rrst.vim
#6 6.113 nvim-linux-x86_64/share/nvim/runtime/ftplugin/poke.vim
#6 6.113 nvim-linux-x86_64/share/nvim/runtime/ftplugin/xslt.vim
#6 6.113 nvim-linux-x86_64/share/nvim/runtime/ftplugin/corn.vim
#6 6.113 nvim-linux-x86_64/share/nvim/runtime/ftplugin/jsp.vim
#6 6.113 nvim-linux-x86_64/share/nvim/runtime/ftplugin/dts.vim
#6 6.113 nvim-linux-x86_64/share/nvim/runtime/ftplugin/fortran.vim
#6 6.113 nvim-linux-x86_64/share/nvim/runtime/ftplugin/liquid.vim
#6 6.114 nvim-linux-x86_64/share/nvim/runtime/ftplugin/confini.vim
#6 6.114 nvim-linux-x86_64/share/nvim/runtime/ftplugin/mrxvtrc.vim
#6 6.114 nvim-linux-x86_64/share/nvim/runtime/ftplugin/csv.vim
#6 6.114 nvim-linux-x86_64/share/nvim/runtime/ftplugin/spajson.vim
#6 6.114 nvim-linux-x86_64/share/nvim/runtime/ftplugin/cgdbrc.vim
#6 6.114 nvim-linux-x86_64/share/nvim/runtime/ftplugin/poefilter.vim
#6 6.114 nvim-linux-x86_64/share/nvim/runtime/ftplugin/htmlangular.vim
#6 6.115 nvim-linux-x86_64/share/nvim/runtime/ftplugin/clojure.vim
#6 6.115 nvim-linux-x86_64/share/nvim/runtime/ftplugin/scdoc.vim
#6 6.115 nvim-linux-x86_64/share/nvim/runtime/ftplugin/html.vim
#6 6.115 nvim-linux-x86_64/share/nvim/runtime/ftplugin/astro.vim
#6 6.115 nvim-linux-x86_64/share/nvim/runtime/ftplugin/r.vim
#6 6.115 nvim-linux-x86_64/share/nvim/runtime/ftplugin/gitsendemail.vim
#6 6.116 nvim-linux-x86_64/share/nvim/runtime/ftplugin/hostsaccess.vim
#6 6.116 nvim-linux-x86_64/share/nvim/runtime/ftplugin/shaderslang.vim
#6 6.116 nvim-linux-x86_64/share/nvim/runtime/ftplugin/scheme.vim
#6 6.118 nvim-linux-x86_64/share/nvim/runtime/ftplugin/vim.vim
#6 6.118 nvim-linux-x86_64/share/nvim/runtime/ftplugin/qb64.vim
#6 6.118 nvim-linux-x86_64/share/nvim/runtime/ftplugin/ondir.vim
#6 6.118 nvim-linux-x86_64/share/nvim/runtime/ftplugin/ldapconf.vim
#6 6.118 nvim-linux-x86_64/share/nvim/runtime/ftplugin/git.vim
#6 6.118 nvim-linux-x86_64/share/nvim/runtime/ftplugin/updatedb.vim
#6 6.118 nvim-linux-x86_64/share/nvim/runtime/ftplugin/swift.lua
#6 6.118 nvim-linux-x86_64/share/nvim/runtime/ftplugin/requirements.vim
#6 6.118 nvim-linux-x86_64/share/nvim/runtime/ftplugin/hamster.vim
#6 6.118 nvim-linux-x86_64/share/nvim/runtime/ftplugin/ipkg.vim
#6 6.118 nvim-linux-x86_64/share/nvim/runtime/ftplugin/logcheck.vim
#6 6.118 nvim-linux-x86_64/share/nvim/runtime/ftplugin/tcsh.vim
#6 6.119 nvim-linux-x86_64/share/nvim/runtime/ftplugin/netrc.vim
#6 6.119 nvim-linux-x86_64/share/nvim/runtime/ftplugin/hgcommit.vim
#6 6.119 nvim-linux-x86_64/share/nvim/runtime/ftplugin/dnsmasq.vim
#6 6.119 nvim-linux-x86_64/share/nvim/runtime/ftplugin/sexplib.vim
#6 6.119 nvim-linux-x86_64/share/nvim/runtime/ftplugin/xmodmap.vim
#6 6.120 nvim-linux-x86_64/share/nvim/runtime/ftplugin/nim.vim
#6 6.120 nvim-linux-x86_64/share/nvim/runtime/ftplugin/sass.vim
#6 6.120 nvim-linux-x86_64/share/nvim/runtime/ftplugin/objcpp.vim
#6 6.120 nvim-linux-x86_64/share/nvim/runtime/ftplugin/supercollider.lua
#6 6.120 nvim-linux-x86_64/share/nvim/runtime/ftplugin/falcon.vim
#6 6.120 nvim-linux-x86_64/share/nvim/runtime/ftplugin/hurl.vim
#6 6.121 nvim-linux-x86_64/share/nvim/runtime/ftplugin/make.vim
#6 6.121 nvim-linux-x86_64/share/nvim/runtime/ftplugin/livebook.vim
#6 6.121 nvim-linux-x86_64/share/nvim/runtime/ftplugin/lnkmap.vim
#6 6.121 nvim-linux-x86_64/share/nvim/runtime/ftplugin/gdscript.vim
#6 6.121 nvim-linux-x86_64/share/nvim/runtime/ftplugin/yacc.vim
#6 6.121 nvim-linux-x86_64/share/nvim/runtime/ftplugin/lua.vim
#6 6.121 nvim-linux-x86_64/share/nvim/runtime/ftplugin/roc.vim
#6 6.122 nvim-linux-x86_64/share/nvim/runtime/ftplugin/mp.vim
#6 6.122 nvim-linux-x86_64/share/nvim/runtime/ftplugin/uci.vim
#6 6.122 nvim-linux-x86_64/share/nvim/runtime/ftplugin/eterm.vim
#6 6.122 nvim-linux-x86_64/share/nvim/runtime/ftplugin/tf.vim
#6 6.122 nvim-linux-x86_64/share/nvim/runtime/ftplugin/sshconfig.vim
#6 6.122 nvim-linux-x86_64/share/nvim/runtime/ftplugin/rasi.vim
#6 6.123 nvim-linux-x86_64/share/nvim/runtime/ftplugin/dart.vim
#6 6.123 nvim-linux-x86_64/share/nvim/runtime/ftplugin/mma.vim
#6 6.123 nvim-linux-x86_64/share/nvim/runtime/ftplugin/nsis.vim
#6 6.123 nvim-linux-x86_64/share/nvim/runtime/ftplugin/mss.vim
#6 6.123 nvim-linux-x86_64/share/nvim/runtime/ftplugin/README.txt
#6 6.124 nvim-linux-x86_64/share/nvim/runtime/ftplugin/a2ps.vim
#6 6.124 nvim-linux-x86_64/share/nvim/runtime/ftplugin/tera.vim
#6 6.124 nvim-linux-x86_64/share/nvim/runtime/ftplugin/yaml.vim
#6 6.125 nvim-linux-x86_64/share/nvim/runtime/ftplugin/dune.vim
#6 6.125 nvim-linux-x86_64/share/nvim/runtime/ftplugin/graphql.vim
#6 6.125 nvim-linux-x86_64/share/nvim/runtime/ftplugin/automake.vim
#6 6.125 nvim-linux-x86_64/share/nvim/runtime/ftplugin/json.vim
#6 6.125 nvim-linux-x86_64/share/nvim/runtime/ftplugin/opencl.vim
#6 6.126 nvim-linux-x86_64/share/nvim/runtime/ftplugin/luau.vim
#6 6.126 nvim-linux-x86_64/share/nvim/runtime/ftplugin/ruby.vim
#6 6.126 nvim-linux-x86_64/share/nvim/runtime/ftplugin/quake.vim
#6 6.127 nvim-linux-x86_64/share/nvim/runtime/ftplugin/checkhealth.lua
#6 6.127 nvim-linux-x86_64/share/nvim/runtime/ftplugin/c.lua
#6 6.127 nvim-linux-x86_64/share/nvim/runtime/ftplugin/plsql.vim
#6 6.127 nvim-linux-x86_64/share/nvim/runtime/ftplugin/c3.vim
#6 6.127 nvim-linux-x86_64/share/nvim/runtime/ftplugin/go.vim
#6 6.128 nvim-linux-x86_64/share/nvim/runtime/ftplugin/sed.vim
#6 6.128 nvim-linux-x86_64/share/nvim/runtime/ftplugin/ptx.vim
#6 6.128 nvim-linux-x86_64/share/nvim/runtime/ftplugin/qf.vim
#6 6.128 nvim-linux-x86_64/share/nvim/runtime/ftplugin/muttrc.vim
#6 6.129 nvim-linux-x86_64/share/nvim/runtime/ftplugin/nroff.vim
#6 6.129 nvim-linux-x86_64/share/nvim/runtime/ftplugin/wat.vim
#6 6.129 nvim-linux-x86_64/share/nvim/runtime/ftplugin/cuda.vim
#6 6.129 nvim-linux-x86_64/share/nvim/runtime/ftplugin/d.lua
#6 6.129 nvim-linux-x86_64/share/nvim/runtime/ftplugin/prolog.vim
#6 6.129 nvim-linux-x86_64/share/nvim/runtime/ftplugin/perl.vim
#6 6.130 nvim-linux-x86_64/share/nvim/runtime/ftplugin/asciidoc.vim
#6 6.131 nvim-linux-x86_64/share/nvim/runtime/ftplugin/pymanifest.vim
#6 6.132 nvim-linux-x86_64/share/nvim/runtime/ftplugin/cabal.vim
#6 6.132 nvim-linux-x86_64/share/nvim/runtime/ftplugin/indent.lua
#6 6.132 nvim-linux-x86_64/share/nvim/runtime/ftplugin/treetop.vim
#6 6.132 nvim-linux-x86_64/share/nvim/runtime/ftplugin/nu.vim
#6 6.132 nvim-linux-x86_64/share/nvim/runtime/ftplugin/cmakecache.vim
#6 6.133 nvim-linux-x86_64/share/nvim/runtime/ftplugin/ld.vim
#6 6.133 nvim-linux-x86_64/share/nvim/runtime/ftplugin/debcontrol.vim
#6 6.133 nvim-linux-x86_64/share/nvim/runtime/ftplugin/logtalk.vim
#6 6.133 nvim-linux-x86_64/share/nvim/runtime/ftplugin/toml.vim
#6 6.133 nvim-linux-x86_64/share/nvim/runtime/ftplugin/cvsrc.vim
#6 6.134 nvim-linux-x86_64/share/nvim/runtime/ftplugin/samba.vim
#6 6.134 nvim-linux-x86_64/share/nvim/runtime/ftplugin/ps1.vim
#6 6.134 nvim-linux-x86_64/share/nvim/runtime/ftplugin/arduino.lua
#6 6.134 nvim-linux-x86_64/share/nvim/runtime/ftplugin/xml.vim
#6 6.134 nvim-linux-x86_64/share/nvim/runtime/ftplugin/conf.vim
#6 6.135 nvim-linux-x86_64/share/nvim/runtime/ftplugin/hlsplaylist.vim
#6 6.135 nvim-linux-x86_64/share/nvim/runtime/ftplugin/meson.vim
#6 6.135 nvim-linux-x86_64/share/nvim/runtime/ftplugin/flexwiki.vim
#6 6.135 nvim-linux-x86_64/share/nvim/runtime/ftplugin/stata.lua
#6 6.135 nvim-linux-x86_64/share/nvim/runtime/ftplugin/ishd.vim
#6 6.135 nvim-linux-x86_64/share/nvim/runtime/ftplugin/cedar.vim
#6 6.136 nvim-linux-x86_64/share/nvim/runtime/ftplugin/haml.vim
#6 6.136 nvim-linux-x86_64/share/nvim/runtime/ftplugin/python.vim
#6 6.136 nvim-linux-x86_64/share/nvim/runtime/ftplugin/gitcommit.vim
#6 6.136 nvim-linux-x86_64/share/nvim/runtime/ftplugin/vdf.vim
#6 6.136 nvim-linux-x86_64/share/nvim/runtime/ftplugin/rhelp.vim
#6 6.137 nvim-linux-x86_64/share/nvim/runtime/ftplugin/racket.vim
#6 6.137 nvim-linux-x86_64/share/nvim/runtime/ftplugin/haskell.vim
#6 6.137 nvim-linux-x86_64/share/nvim/runtime/ftplugin/dictdconf.vim
#6 6.137 nvim-linux-x86_64/share/nvim/runtime/ftplugin/shada.vim
#6 6.137 nvim-linux-x86_64/share/nvim/runtime/ftplugin/tidy.vim
#6 6.138 nvim-linux-x86_64/share/nvim/runtime/ftplugin/jjdescription.vim
#6 6.138 nvim-linux-x86_64/share/nvim/runtime/ftplugin/fvwm.vim
#6 6.138 nvim-linux-x86_64/share/nvim/runtime/ftplugin/rnc.vim
#6 6.138 nvim-linux-x86_64/share/nvim/runtime/ftplugin/obse.vim
#6 6.138 nvim-linux-x86_64/share/nvim/runtime/ftplugin/css.vim
#6 6.138 nvim-linux-x86_64/share/nvim/runtime/ftplugin/tt2html.vim
#6 6.139 nvim-linux-x86_64/share/nvim/runtime/ftplugin/wget.vim
#6 6.139 nvim-linux-x86_64/share/nvim/runtime/ftplugin/quarto.vim
#6 6.139 nvim-linux-x86_64/share/nvim/runtime/ftplugin/ada.vim
#6 6.139 nvim-linux-x86_64/share/nvim/runtime/ftplugin/debsources.vim
#6 6.139 nvim-linux-x86_64/share/nvim/runtime/ftplugin/zig.vim
#6 6.139 nvim-linux-x86_64/share/nvim/runtime/ftplugin/cmake.vim
#6 6.140 nvim-linux-x86_64/share/nvim/runtime/ftplugin/org.vim
#6 6.140 nvim-linux-x86_64/share/nvim/runtime/ftplugin/calendar.vim
#6 6.140 nvim-linux-x86_64/share/nvim/runtime/ftplugin/hcl.vim
#6 6.140 nvim-linux-x86_64/share/nvim/runtime/ftplugin/aap.vim
#6 6.140 nvim-linux-x86_64/share/nvim/runtime/ftplugin/help.lua
#6 6.140 nvim-linux-x86_64/share/nvim/runtime/ftplugin/nanorc.vim
#6 6.141 nvim-linux-x86_64/share/nvim/runtime/ftplugin/crm.vim
#6 6.141 nvim-linux-x86_64/share/nvim/runtime/ftplugin/zimbu.vim
#6 6.141 nvim-linux-x86_64/share/nvim/runtime/ftplugin/limits.vim
#6 6.141 nvim-linux-x86_64/share/nvim/runtime/ftplugin/apache.vim
#6 6.141 nvim-linux-x86_64/share/nvim/runtime/ftplugin/xs.vim
#6 6.141 nvim-linux-x86_64/share/nvim/runtime/ftplugin/hog.vim
#6 6.141 nvim-linux-x86_64/share/nvim/runtime/ftplugin/objdump.vim
#6 6.142 nvim-linux-x86_64/share/nvim/runtime/ftplugin/javascriptreact.vim
#6 6.142 nvim-linux-x86_64/share/nvim/runtime/ftplugin/jproperties.vim
#6 6.142 nvim-linux-x86_64/share/nvim/runtime/ftplugin/spec.vim
#6 6.142 nvim-linux-x86_64/share/nvim/runtime/ftplugin/kivy.vim
#6 6.143 nvim-linux-x86_64/share/nvim/runtime/ftplugin/desktop.vim
#6 6.143 nvim-linux-x86_64/share/nvim/runtime/ftplugin/qml.vim
#6 6.143 nvim-linux-x86_64/share/nvim/runtime/ftplugin/modconf.vim
#6 6.143 nvim-linux-x86_64/share/nvim/runtime/ftplugin/typescriptreact.vim
#6 6.144 nvim-linux-x86_64/share/nvim/runtime/ftplugin/forth.vim
#6 6.144 nvim-linux-x86_64/share/nvim/runtime/ftplugin/context.vim
#6 6.144 nvim-linux-x86_64/share/nvim/runtime/ftplugin/lc.vim
#6 6.144 nvim-linux-x86_64/share/nvim/runtime/ftplugin/objc.lua
#6 6.145 nvim-linux-x86_64/share/nvim/runtime/ftplugin/masm.vim
#6 6.145 nvim-linux-x86_64/share/nvim/runtime/ftplugin/mediawiki.vim
#6 6.145 nvim-linux-x86_64/share/nvim/runtime/ftplugin/v.vim
#6 6.145 nvim-linux-x86_64/share/nvim/runtime/ftplugin/kconfig.vim
#6 6.145 nvim-linux-x86_64/share/nvim/runtime/ftplugin/dictconf.vim
#6 6.146 nvim-linux-x86_64/share/nvim/runtime/ftplugin/arduino.vim
#6 6.146 nvim-linux-x86_64/share/nvim/runtime/ftplugin/manconf.vim
#6 6.146 nvim-linux-x86_64/share/nvim/runtime/ftplugin/heex.vim
#6 6.146 nvim-linux-x86_64/share/nvim/runtime/ftplugin/bst.vim
#6 6.147 nvim-linux-x86_64/share/nvim/runtime/ftplugin/gdb.vim
#6 6.148 nvim-linux-x86_64/share/nvim/runtime/ftplugin/slpreg.vim
#6 6.148 nvim-linux-x86_64/share/nvim/runtime/ftplugin/dosini.vim
#6 6.148 nvim-linux-x86_64/share/nvim/runtime/ftplugin/snakemake.vim
#6 6.148 nvim-linux-x86_64/share/nvim/runtime/ftplugin/chicken.vim
#6 6.148 nvim-linux-x86_64/share/nvim/runtime/ftplugin/verilog.vim
#6 6.148 nvim-linux-x86_64/share/nvim/runtime/ftplugin/sieve.vim
#6 6.149 nvim-linux-x86_64/share/nvim/runtime/ftplugin/udevconf.vim
#6 6.149 nvim-linux-x86_64/share/nvim/runtime/ftplugin/mplayerconf.vim
#6 6.149 nvim-linux-x86_64/share/nvim/runtime/ftplugin/terminfo.vim
#6 6.150 nvim-linux-x86_64/share/nvim/runtime/ftplugin/lex.vim
#6 6.150 nvim-linux-x86_64/share/nvim/runtime/ftplugin/bzl.vim
#6 6.150 nvim-linux-x86_64/share/nvim/runtime/ftplugin/gyp.vim
#6 6.150 nvim-linux-x86_64/share/nvim/runtime/ftplugin/cobol.vim
#6 6.150 nvim-linux-x86_64/share/nvim/runtime/ftplugin/solidity.vim
#6 6.150 nvim-linux-x86_64/share/nvim/runtime/ftplugin/proto.vim
#6 6.151 nvim-linux-x86_64/share/nvim/runtime/ftplugin/kwt.vim
#6 6.151 nvim-linux-x86_64/share/nvim/runtime/ftplugin/services.vim
#6 6.151 nvim-linux-x86_64/share/nvim/runtime/ftplugin/rnoweb.vim
#6 6.151 nvim-linux-x86_64/share/nvim/runtime/ftplugin/julia.vim
#6 6.152 nvim-linux-x86_64/share/nvim/runtime/ftplugin/scala.vim
#6 6.152 nvim-linux-x86_64/share/nvim/runtime/ftplugin/screen.vim
#6 6.153 nvim-linux-x86_64/share/nvim/runtime/ftplugin/cs.vim
#6 6.153 nvim-linux-x86_64/share/nvim/runtime/ftplugin/logtalk.dict
#6 6.153 nvim-linux-x86_64/share/nvim/runtime/ftplugin/svelte.vim
#6 6.153 nvim-linux-x86_64/share/nvim/runtime/ftplugin/sh.vim
#6 6.153 nvim-linux-x86_64/share/nvim/runtime/ftplugin/swiftgyb.vim
#6 6.154 nvim-linux-x86_64/share/nvim/runtime/ftplugin/urlshortcut.vim
#6 6.154 nvim-linux-x86_64/share/nvim/runtime/ftplugin/gitrebase.vim
#6 6.154 nvim-linux-x86_64/share/nvim/runtime/ftplugin/raku.vim
#6 6.154 nvim-linux-x86_64/share/nvim/runtime/ftplugin/java.vim
#6 6.154 nvim-linux-x86_64/share/nvim/runtime/ftplugin/csc.vim
#6 6.154 nvim-linux-x86_64/share/nvim/runtime/ftplugin/sgml.vim
#6 6.154 nvim-linux-x86_64/share/nvim/runtime/ftplugin/initex.vim
#6 6.154 nvim-linux-x86_64/share/nvim/runtime/ftplugin/xs.lua
#6 6.154 nvim-linux-x86_64/share/nvim/runtime/ftplugin/hare.vim
#6 6.155 nvim-linux-x86_64/share/nvim/runtime/ftplugin/thrift.vim
#6 6.155 nvim-linux-x86_64/share/nvim/runtime/ftplugin/pamconf.vim
#6 6.156 nvim-linux-x86_64/share/nvim/runtime/ftplugin/lprolog.vim
#6 6.156 nvim-linux-x86_64/share/nvim/runtime/ftplugin/usd.vim
#6 6.156 nvim-linux-x86_64/share/nvim/runtime/ftplugin/changelog.vim
#6 6.156 nvim-linux-x86_64/share/nvim/runtime/ftplugin/faust.lua
#6 6.156 nvim-linux-x86_64/share/nvim/runtime/ftplugin/slint.vim
#6 6.156 nvim-linux-x86_64/share/nvim/runtime/ftplugin/rmd.vim
#6 6.157 nvim-linux-x86_64/share/nvim/runtime/ftplugin/config.vim
#6 6.157 nvim-linux-x86_64/share/nvim/runtime/ftplugin/rescript.vim
#6 6.157 nvim-linux-x86_64/share/nvim/runtime/ftplugin/sway.vim
#6 6.157 nvim-linux-x86_64/share/nvim/runtime/ftplugin/gdshader.vim
#6 6.157 nvim-linux-x86_64/share/nvim/runtime/ftplugin/deb822sources.vim
#6 6.157 nvim-linux-x86_64/share/nvim/runtime/ftplugin/javascript.vim
#6 6.157 nvim-linux-x86_64/share/nvim/runtime/ftplugin/lisp.vim
#6 6.157 nvim-linux-x86_64/share/nvim/runtime/ftplugin/fpcmake.vim
#6 6.157 nvim-linux-x86_64/share/nvim/runtime/ftplugin/tex.vim
#6 6.158 nvim-linux-x86_64/share/nvim/runtime/ftplugin/registry.vim
#6 6.158 nvim-linux-x86_64/share/nvim/runtime/ftplugin/m3build.vim
#6 6.158 nvim-linux-x86_64/share/nvim/runtime/ftplugin/prisma.vim
#6 6.158 nvim-linux-x86_64/share/nvim/runtime/ftplugin/haredoc.vim
#6 6.158 nvim-linux-x86_64/share/nvim/runtime/ftplugin/checkhealth.vim
#6 6.158 nvim-linux-x86_64/share/nvim/runtime/ftplugin/jq.vim
#6 6.158 nvim-linux-x86_64/share/nvim/runtime/ftplugin/passwd.vim
#6 6.158 nvim-linux-x86_64/share/nvim/runtime/ftplugin/ps1xml.vim
#6 6.159 nvim-linux-x86_64/share/nvim/runtime/ftplugin/glsl.lua
#6 6.159 nvim-linux-x86_64/share/nvim/runtime/ftplugin/freebasic.vim
#6 6.159 nvim-linux-x86_64/share/nvim/runtime/ftplugin/systemverilog.vim
#6 6.159 nvim-linux-x86_64/share/nvim/runtime/ftplugin/routeros.vim
#6 6.159 nvim-linux-x86_64/share/nvim/runtime/ftplugin/systemd.vim
#6 6.160 nvim-linux-x86_64/share/nvim/runtime/ftplugin/bitbake.vim
#6 6.160 nvim-linux-x86_64/share/nvim/runtime/ftplugin/kotlin.vim
#6 6.160 nvim-linux-x86_64/share/nvim/runtime/ftplugin/help.vim
#6 6.160 nvim-linux-x86_64/share/nvim/runtime/ftplugin/pdf.vim
#6 6.160 nvim-linux-x86_64/share/nvim/runtime/ftplugin/ch.vim
#6 6.160 nvim-linux-x86_64/share/nvim/runtime/ftplugin/rpl.vim
#6 6.160 nvim-linux-x86_64/share/nvim/runtime/ftplugin/mailcap.vim
#6 6.161 nvim-linux-x86_64/share/nvim/runtime/ftplugin/hostconf.vim
#6 6.161 nvim-linux-x86_64/share/nvim/runtime/ftplugin/group.vim
#6 6.161 nvim-linux-x86_64/share/nvim/runtime/ftplugin/slpspi.vim
#6 6.161 nvim-linux-x86_64/share/nvim/runtime/ftplugin/matlab.vim
#6 6.161 nvim-linux-x86_64/share/nvim/runtime/ftplugin/fetchmail.vim
#6 6.161 nvim-linux-x86_64/share/nvim/runtime/ftplugin/cpp.vim
#6 6.162 nvim-linux-x86_64/share/nvim/runtime/ftplugin/readline.vim
#6 6.162 nvim-linux-x86_64/share/nvim/runtime/ftplugin/reva.vim
#6 6.162 nvim-linux-x86_64/share/nvim/runtime/ftplugin/pod.vim
#6 6.162 nvim-linux-x86_64/share/nvim/runtime/ftplugin/arch.vim
#6 6.162 nvim-linux-x86_64/share/nvim/runtime/ftplugin/text.vim
#6 6.162 nvim-linux-x86_64/share/nvim/runtime/ftplugin/jsonc.vim
#6 6.162 nvim-linux-x86_64/share/nvim/runtime/ftplugin/zsh.vim
#6 6.163 nvim-linux-x86_64/share/nvim/runtime/ftplugin/openvpn.vim
#6 6.163 nvim-linux-x86_64/share/nvim/runtime/ftplugin/pinfo.vim
#6 6.163 nvim-linux-x86_64/share/nvim/runtime/ftplugin/udevrules.vim
#6 6.164 nvim-linux-x86_64/share/nvim/runtime/ftplugin/indent.vim
#6 6.164 nvim-linux-x86_64/share/nvim/runtime/ftplugin/rust.vim
#6 6.164 nvim-linux-x86_64/share/nvim/runtime/ftplugin/octave.vim
#6 6.165 nvim-linux-x86_64/share/nvim/runtime/ftplugin/csh.vim
#6 6.165 nvim-linux-x86_64/share/nvim/runtime/ftplugin/php.vim
#6 6.165 nvim-linux-x86_64/share/nvim/runtime/ftplugin/grub.vim
#6 6.165 nvim-linux-x86_64/share/nvim/runtime/ftplugin/tap.vim
#6 6.165 nvim-linux-x86_64/share/nvim/runtime/ftplugin/nginx.vim
#6 6.166 nvim-linux-x86_64/share/nvim/runtime/ftplugin/purescript.vim
#6 6.166 nvim-linux-x86_64/share/nvim/runtime/ftplugin/elm.vim
#6 6.166 nvim-linux-x86_64/share/nvim/runtime/ftplugin/eiffel.vim
#6 6.166 nvim-linux-x86_64/share/nvim/runtime/ftplugin/bp.vim
#6 6.166 nvim-linux-x86_64/share/nvim/runtime/ftplugin/protocols.vim
#6 6.167 nvim-linux-x86_64/share/nvim/runtime/ftplugin/tmux.vim
#6 6.167 nvim-linux-x86_64/share/nvim/runtime/ftplugin/mysql.vim
#6 6.167 nvim-linux-x86_64/share/nvim/runtime/ftplugin/mail.vim
#6 6.167 nvim-linux-x86_64/share/nvim/runtime/ftplugin/fennel.vim
#6 6.167 nvim-linux-x86_64/share/nvim/runtime/ftplugin/editorconfig.vim
#6 6.167 nvim-linux-x86_64/share/nvim/runtime/ftplugin/gel.vim
#6 6.167 nvim-linux-x86_64/share/nvim/runtime/ftplugin/cdrdaoconf.vim
#6 6.168 nvim-linux-x86_64/share/nvim/runtime/ftplugin/lftp.vim
#6 6.168 nvim-linux-x86_64/share/nvim/runtime/ftplugin/groovy.vim
#6 6.168 nvim-linux-x86_64/share/nvim/runtime/ftplugin/debchangelog.vim
#6 6.169 nvim-linux-x86_64/share/nvim/runtime/ftplugin/modula3.vim
#6 6.169 nvim-linux-x86_64/share/nvim/runtime/ftplugin/autohotkey.vim
#6 6.169 nvim-linux-x86_64/lib/
#6 6.169 nvim-linux-x86_64/lib/nvim/
#6 6.169 nvim-linux-x86_64/lib/nvim/parser/
#6 6.169 nvim-linux-x86_64/lib/nvim/parser/vim.so
#6 6.179 nvim-linux-x86_64/lib/nvim/parser/query.so
#6 6.180 nvim-linux-x86_64/lib/nvim/parser/markdown.so
#6 6.184 nvim-linux-x86_64/lib/nvim/parser/c.so
#6 6.190 nvim-linux-x86_64/lib/nvim/parser/markdown_inline.so
#6 6.196 nvim-linux-x86_64/lib/nvim/parser/lua.so
#6 6.197 nvim-linux-x86_64/lib/nvim/parser/vimdoc.so
#6 6.199 nvim-linux-x86_64/bin/
#6 6.199 nvim-linux-x86_64/bin/nvim
#6 DONE 6.4s

#7 [ 4/12] RUN curl -fsSLO https://deno.land/install.sh &&     DENO_INSTALL=/usr/local sh install.sh v2.6.4 &&     rm install.sh
#7 9.050                                                                            0.1%#########                                                                 13.3%#############                                                             18.2%######################                                                    31.6%################################                                          45.1%##########################################                                58.6%#################################################                         68.8%#########################################################                 79.8%##################################################################        92.2%#######################################################################   98.9%######################################################################## 100.0%
#7 10.09 Archive:  /usr/local/bin/deno.zip
#7 10.09   inflating: /usr/local/bin/deno
#7 12.25 Deno was installed successfully to /usr/local/bin/deno
#7 12.25 Run 'deno --help' to get started
#7 12.25
#7 12.25 Stuck? Join our Discord https://discord.gg/deno
#7 DONE 12.3s

#8 [ 5/12] RUN mkdir -p ~/.cache/dpp/repos/github.com/Shougo/ &&     cd ~/.cache/dpp/repos/github.com/Shougo/ &&     git clone https://github.com/Shougo/dpp.vim -b v5.3.0 &&     git clone https://github.com/Shougo/dpp-ext-installer -b v2.2.0 &&     git clone https://github.com/Shougo/dpp-protocol-git -b v2.0.0 &&     git clone https://github.com/Shougo/dpp-ext-lazy -b v2.0.1 &&     git clone https://github.com/Shougo/dpp-ext-toml -b v2.0.1
#8 8.242 Cloning into 'dpp.vim'...
#8 8.993 Note: switching to '95c4d9da6a7a2d5a40b0134babd38a4bda31a1b9'.
#8 8.993
#8 8.993 You are in 'detached HEAD' state. You can look around, make experimental
#8 8.993 changes and commit them, and you can discard any commits you make in this
#8 8.993 state without impacting any branches by switching back to a branch.
#8 8.993
#8 8.993 If you want to create a new branch to retain commits you create, you may
#8 8.993 do so (now or later) by using -c with the switch command. Example:
#8 8.993
#8 8.993   git switch -c <new-branch-name>
#8 8.993
#8 8.993 Or undo this operation with:
#8 8.993
#8 8.993   git switch -
#8 8.993
#8 8.993 Turn off this advice by setting config variable advice.detachedHead to false
#8 8.993
#8 9.001 Cloning into 'dpp-ext-installer'...
#8 9.438 Note: switching to '6820e701192dfd4ca723cd4f924a070e40326fab'.
#8 9.438
#8 9.438 You are in 'detached HEAD' state. You can look around, make experimental
#8 9.438 changes and commit them, and you can discard any commits you make in this
#8 9.438 state without impacting any branches by switching back to a branch.
#8 9.438
#8 9.438 If you want to create a new branch to retain commits you create, you may
#8 9.438 do so (now or later) by using -c with the switch command. Example:
#8 9.438
#8 9.438   git switch -c <new-branch-name>
#8 9.438
#8 9.438 Or undo this operation with:
#8 9.438
#8 9.438   git switch -
#8 9.438
#8 9.438 Turn off this advice by setting config variable advice.detachedHead to false
#8 9.438
#8 9.444 Cloning into 'dpp-protocol-git'...
#8 9.804 Note: switching to '69bb079b874c3e6d3781ded269828740a7f702f1'.
#8 9.804
#8 9.804 You are in 'detached HEAD' state. You can look around, make experimental
#8 9.804 changes and commit them, and you can discard any commits you make in this
#8 9.804 state without impacting any branches by switching back to a branch.
#8 9.804
#8 9.804 If you want to create a new branch to retain commits you create, you may
#8 9.804 do so (now or later) by using -c with the switch command. Example:
#8 9.804
#8 9.804   git switch -c <new-branch-name>
#8 9.804
#8 9.804 Or undo this operation with:
#8 9.804
#8 9.804   git switch -
#8 9.804
#8 9.804 Turn off this advice by setting config variable advice.detachedHead to false
#8 9.804
#8 9.808 Cloning into 'dpp-ext-lazy'...
#8 10.17 Note: switching to '80c0e81c566e1e129fa092e90ec109b3e8dd99d6'.
#8 10.17
#8 10.17 You are in 'detached HEAD' state. You can look around, make experimental
#8 10.17 changes and commit them, and you can discard any commits you make in this
#8 10.17 state without impacting any branches by switching back to a branch.
#8 10.17
#8 10.17 If you want to create a new branch to retain commits you create, you may
#8 10.17 do so (now or later) by using -c with the switch command. Example:
#8 10.17
#8 10.17   git switch -c <new-branch-name>
#8 10.17
#8 10.17 Or undo this operation with:
#8 10.17
#8 10.17   git switch -
#8 10.17
#8 10.17 Turn off this advice by setting config variable advice.detachedHead to false
#8 10.17
#8 10.17 Cloning into 'dpp-ext-toml'...
#8 10.45 Note: switching to '9a441896eebb09ca5f9b93fec79d094799ae3cde'.
#8 10.45
#8 10.45 You are in 'detached HEAD' state. You can look around, make experimental
#8 10.45 changes and commit them, and you can discard any commits you make in this
#8 10.45 state without impacting any branches by switching back to a branch.
#8 10.45
#8 10.45 If you want to create a new branch to retain commits you create, you may
#8 10.45 do so (now or later) by using -c with the switch command. Example:
#8 10.45
#8 10.45   git switch -c <new-branch-name>
#8 10.45
#8 10.45 Or undo this operation with:
#8 10.45
#8 10.45   git switch -
#8 10.45
#8 10.45 Turn off this advice by setting config variable advice.detachedHead to false
#8 10.45
#8 DONE 10.5s

#9 [ 6/12] RUN mkdir -p ~/.cache/dpp/repos/github.com/vim-denops/ &&     cd ~/.cache/dpp/repos/github.com/vim-denops/ &&     git clone https://github.com/vim-denops/denops.vim -b v8.0.1
#9 8.278 Cloning into 'denops.vim'...
#9 8.823 Note: switching to '5cfca39988a36e42d81b925264fc846077a727e3'.
#9 8.823
#9 8.823 You are in 'detached HEAD' state. You can look around, make experimental
#9 8.823 changes and commit them, and you can discard any commits you make in this
#9 8.823 state without impacting any branches by switching back to a branch.
#9 8.823
#9 8.823 If you want to create a new branch to retain commits you create, you may
#9 8.823 do so (now or later) by using -c with the switch command. Example:
#9 8.823
#9 8.823   git switch -c <new-branch-name>
#9 8.823
#9 8.823 Or undo this operation with:
#9 8.823
#9 8.823   git switch -
#9 8.823
#9 8.823 Turn off this advice by setting config variable advice.detachedHead to false
#9 8.823
#9 DONE 8.8s

#10 [ 7/12] RUN git clone -b main https://github.com/tamago3keran/dotfiles_for_docker.git dotfiles
#10 8.704 Cloning into 'dotfiles'...
#10 DONE 9.2s

#11 [ 8/12] RUN rm -f ~/.bashrc &&     rm -f ~/.config/nvim/init.vim &&     mkdir -p ~/.config/nvim &&     ln -s /dotfiles/.bashrc ~/.bashrc &&     ln -s /dotfiles/.bash_aliases ~/.bash_aliases &&     ln -s /dotfiles/.config/nvim/init.lua ~/.config/nvim/init.lua &&     ln -s /dotfiles/.config/dpp ~/.config/dpp &&     ln -s /dotfiles/.config/tomls ~/.config/tomls &&     ln -s /dotfiles/.config/hooks ~/.config/hooks &&     ln -s /dotfiles/.bash_boot_scripts/ ~/.bash_boot_scripts
#11 DONE 11.0s

#12 [ 9/12] RUN curl -fsSL https://deb.nodesource.com/setup_24.x | bash - &&     apt-get install -y --no-install-recommends nodejs &&     rm -rf /var/lib/apt/lists/*
#12 11.76 [38;5;79m2026-01-17 08:11:56 - Installing pre-requisites[0m
#12 11.78
#12 11.78 WARNING: apt does not have a stable CLI interface. Use with caution in scripts.
#12 11.78
#12 11.94 Get:1 http://deb.debian.org/debian stable InRelease [140 kB]
#12 11.98 Get:2 http://deb.debian.org/debian stable-updates InRelease [47.3 kB]
#12 11.99 Get:3 http://deb.debian.org/debian-security stable-security InRelease [43.4 kB]
#12 12.02 Get:4 http://deb.debian.org/debian stable/main amd64 Packages [9670 kB]
#12 12.26 Get:5 http://deb.debian.org/debian stable-updates/main amd64 Packages [5412 B]
#12 12.27 Get:6 http://deb.debian.org/debian-security stable-security/main amd64 Packages [95.9 kB]
#12 13.68 Fetched 10.0 MB in 2s (5312 kB/s)
#12 13.68 Reading package lists...
#12 14.89 Building dependency tree...
#12 15.10 Reading state information...
#12 15.12 All packages are up to date.
#12 15.14
#12 15.14 WARNING: apt does not have a stable CLI interface. Use with caution in scripts.
#12 15.14
#12 15.15 Reading package lists...
#12 16.75 Building dependency tree...
#12 16.96 Reading state information...
#12 17.37 ca-certificates is already the newest version (20250419).
#12 17.37 curl is already the newest version (8.14.1-2+deb13u2).
#12 17.37 gnupg is already the newest version (2.4.7-21+deb13u1).
#12 17.37 Installing:
#12 17.37   apt-transport-https
#12 17.37
#12 17.44 Summary:
#12 17.44   Upgrading: 0, Installing: 1, Removing: 0, Not Upgrading: 0
#12 17.44   Download size: 38.6 kB
#12 17.44   Space needed: 49.2 kB / 93.8 GB available
#12 17.44
#12 17.44 Get:1 http://deb.debian.org/debian stable/main amd64 apt-transport-https all 3.0.3 [38.6 kB]
#12 17.65 debconf: unable to initialize frontend: Dialog
#12 17.65 debconf: (TERM is not set, so the dialog frontend is not usable.)
#12 17.65 debconf: falling back to frontend: Readline
#12 17.66 debconf: unable to initialize frontend: Readline
#12 17.66 debconf: (This frontend requires a controlling tty.)
#12 17.66 debconf: falling back to frontend: Teletype
#12 17.67 debconf: unable to initialize frontend: Teletype
#12 17.67 debconf: (This frontend requires a controlling tty.)
#12 17.67 debconf: falling back to frontend: Noninteractive
#12 19.26 Fetched 38.6 kB in 0s (714 kB/s)
#12 19.29 Selecting previously unselected package apt-transport-https.
#12 19.29 (Reading database ... (Reading database ... 5%(Reading database ... 10%(Reading database ... 15%(Reading database ... 20%(Reading database ... 25%(Reading database ... 30%(Reading database ... 35%(Reading database ... 40%(Reading database ... 45%(Reading database ... 50%(Reading database ... 55%(Reading database ... 60%(Reading database ... 65%(Reading database ... 70%(Reading database ... 75%(Reading database ... 80%(Reading database ... 85%(Reading database ... 90%(Reading database ... 95%(Reading database ... 100%(Reading database ... 22122 files and directories currently installed.)
#12 19.30 Preparing to unpack .../apt-transport-https_3.0.3_all.deb ...
#12 19.30 Unpacking apt-transport-https (3.0.3) ...
#12 19.34 Setting up apt-transport-https (3.0.3) ...
#12 19.47
#12 19.47 WARNING: apt does not have a stable CLI interface. Use with caution in scripts.
#12 19.47
#12 19.55 Hit:1 http://deb.debian.org/debian stable InRelease
#12 19.55 Hit:2 http://deb.debian.org/debian stable-updates InRelease
#12 19.56 Hit:3 http://deb.debian.org/debian-security stable-security InRelease
#12 19.62 Get:4 https://deb.nodesource.com/node_24.x nodistro InRelease [12.1 kB]
#12 19.65 Get:5 https://deb.nodesource.com/node_24.x nodistro/main amd64 Packages [5264 B]
#12 19.68 Fetched 17.4 kB in 0s (93.2 kB/s)
#12 19.68 Reading package lists...
#12 20.65 Building dependency tree...
#12 20.86 Reading state information...
#12 20.89 All packages are up to date.
#12 20.89 Warning: https://deb.nodesource.com/node_24.x/dists/nodistro/InRelease: Policy will reject signature within a year, see --audit for details
#12 20.90 [1;34m2026-01-17 08:12:05 - Repository configured successfully.[0m
#12 20.90 [38;5;79m2026-01-17 08:12:05 - To install Node.js, run: apt install nodejs -y[0m
#12 20.90 [38;5;79m2026-01-17 08:12:05 - You can use N|solid Runtime as a node.js alternative[0m
#12 20.90 [1;32m2026-01-17 08:12:05 - To install N|solid Runtime, run: apt install nsolid -y
#12 20.90 [0m
#12 20.91 Reading package lists...
#12 21.81 Building dependency tree...
#12 22.03 Reading state information...
#12 22.37 The following additional packages will be installed:
#12 22.37   libpython3-stdlib libpython3.13-minimal libpython3.13-stdlib media-types
#12 22.37   netbase python3 python3-minimal python3.13 python3.13-minimal
#12 22.38 Suggested packages:
#12 22.38   python3-doc python3-tk python3-venv python3.13-venv python3.13-doc
#12 22.38   binfmt-support
#12 22.51 The following NEW packages will be installed:
#12 22.51   libpython3-stdlib libpython3.13-minimal libpython3.13-stdlib media-types
#12 22.51   netbase nodejs python3 python3-minimal python3.13 python3.13-minimal
#12 22.58 0 upgraded, 10 newly installed, 0 to remove and 0 not upgraded.
#12 22.58 Need to get 43.8 MB of archives.
#12 22.58 After this operation, 259 MB of additional disk space will be used.
#12 22.58 Get:1 http://deb.debian.org/debian stable/main amd64 libpython3.13-minimal amd64 3.13.5-2 [862 kB]
#12 22.66 Get:2 http://deb.debian.org/debian stable/main amd64 python3.13-minimal amd64 3.13.5-2 [2224 kB]
#12 22.67 Get:3 https://deb.nodesource.com/node_24.x nodistro/main amd64 nodejs amd64 24.13.0-1nodesource1 [37.9 MB]
#12 22.69 Get:4 http://deb.debian.org/debian stable/main amd64 python3-minimal amd64 3.13.5-1 [27.2 kB]
#12 22.69 Get:5 http://deb.debian.org/debian stable/main amd64 media-types all 13.0.0 [29.3 kB]
#12 22.69 Get:6 http://deb.debian.org/debian stable/main amd64 netbase all 6.5 [12.4 kB]
#12 22.69 Get:7 http://deb.debian.org/debian stable/main amd64 libpython3.13-stdlib amd64 3.13.5-2 [1956 kB]
#12 22.73 Get:8 http://deb.debian.org/debian stable/main amd64 python3.13 amd64 3.13.5-2 [757 kB]
#12 22.74 Get:9 http://deb.debian.org/debian stable/main amd64 libpython3-stdlib amd64 3.13.5-1 [10.2 kB]
#12 22.75 Get:10 http://deb.debian.org/debian stable/main amd64 python3 amd64 3.13.5-1 [28.2 kB]
#12 23.39 debconf: unable to initialize frontend: Dialog
#12 23.39 debconf: (TERM is not set, so the dialog frontend is not usable.)
#12 23.39 debconf: falling back to frontend: Readline
#12 23.40 debconf: unable to initialize frontend: Readline
#12 23.40 debconf: (This frontend requires a controlling tty.)
#12 23.40 debconf: falling back to frontend: Teletype
#12 23.41 debconf: unable to initialize frontend: Teletype
#12 23.41 debconf: (This frontend requires a controlling tty.)
#12 23.41 debconf: falling back to frontend: Noninteractive
#12 24.50 Fetched 43.8 MB in 1s (65.8 MB/s)
#12 24.52 Selecting previously unselected package libpython3.13-minimal:amd64.
#12 24.52 (Reading database ... (Reading database ... 5%(Reading database ... 10%(Reading database ... 15%(Reading database ... 20%(Reading database ... 25%(Reading database ... 30%(Reading database ... 35%(Reading database ... 40%(Reading database ... 45%(Reading database ... 50%(Reading database ... 55%(Reading database ... 60%(Reading database ... 65%(Reading database ... 70%(Reading database ... 75%(Reading database ... 80%(Reading database ... 85%(Reading database ... 90%(Reading database ... 95%(Reading database ... 100%(Reading database ... 22126 files and directories currently installed.)
#12 24.54 Preparing to unpack .../libpython3.13-minimal_3.13.5-2_amd64.deb ...
#12 24.54 Unpacking libpython3.13-minimal:amd64 (3.13.5-2) ...
#12 24.65 Selecting previously unselected package python3.13-minimal.
#12 24.65 Preparing to unpack .../python3.13-minimal_3.13.5-2_amd64.deb ...
#12 24.66 Unpacking python3.13-minimal (3.13.5-2) ...
#12 24.83 Setting up libpython3.13-minimal:amd64 (3.13.5-2) ...
#12 24.84 Setting up python3.13-minimal (3.13.5-2) ...
#12 25.97 Selecting previously unselected package python3-minimal.
#12 25.97 (Reading database ... (Reading database ... 5%(Reading database ... 10%(Reading database ... 15%(Reading database ... 20%(Reading database ... 25%(Reading database ... 30%(Reading database ... 35%(Reading database ... 40%(Reading database ... 45%(Reading database ... 50%(Reading database ... 55%(Reading database ... 60%(Reading database ... 65%(Reading database ... 70%(Reading database ... 75%(Reading database ... 80%(Reading database ... 85%(Reading database ... 90%(Reading database ... 95%(Reading database ... 100%(Reading database ... 22451 files and directories currently installed.)
#12 25.99 Preparing to unpack .../0-python3-minimal_3.13.5-1_amd64.deb ...
#12 25.99 Unpacking python3-minimal (3.13.5-1) ...
#12 26.02 Selecting previously unselected package media-types.
#12 26.02 Preparing to unpack .../1-media-types_13.0.0_all.deb ...
#12 26.02 Unpacking media-types (13.0.0) ...
#12 26.05 Selecting previously unselected package netbase.
#12 26.06 Preparing to unpack .../2-netbase_6.5_all.deb ...
#12 26.06 Unpacking netbase (6.5) ...
#12 26.09 Selecting previously unselected package libpython3.13-stdlib:amd64.
#12 26.09 Preparing to unpack .../3-libpython3.13-stdlib_3.13.5-2_amd64.deb ...
#12 26.09 Unpacking libpython3.13-stdlib:amd64 (3.13.5-2) ...
#12 26.37 Selecting previously unselected package python3.13.
#12 26.38 Preparing to unpack .../4-python3.13_3.13.5-2_amd64.deb ...
#12 26.38 Unpacking python3.13 (3.13.5-2) ...
#12 26.42 Selecting previously unselected package libpython3-stdlib:amd64.
#12 26.42 Preparing to unpack .../5-libpython3-stdlib_3.13.5-1_amd64.deb ...
#12 26.42 Unpacking libpython3-stdlib:amd64 (3.13.5-1) ...
#12 26.46 Setting up python3-minimal (3.13.5-1) ...
#12 26.66 Selecting previously unselected package python3.
#12 26.66 (Reading database ... (Reading database ... 5%(Reading database ... 10%(Reading database ... 15%(Reading database ... 20%(Reading database ... 25%(Reading database ... 30%(Reading database ... 35%(Reading database ... 40%(Reading database ... 45%(Reading database ... 50%(Reading database ... 55%(Reading database ... 60%(Reading database ... 65%(Reading database ... 70%(Reading database ... 75%(Reading database ... 80%(Reading database ... 85%(Reading database ... 90%(Reading database ... 95%(Reading database ... 100%(Reading database ... 22911 files and directories currently installed.)
#12 26.68 Preparing to unpack .../python3_3.13.5-1_amd64.deb ...
#12 26.69 Unpacking python3 (3.13.5-1) ...
#12 26.72 Selecting previously unselected package nodejs.
#12 26.73 Preparing to unpack .../nodejs_24.13.0-1nodesource1_amd64.deb ...
#12 26.73 Unpacking nodejs (24.13.0-1nodesource1) ...
#12 31.34 Setting up media-types (13.0.0) ...
#12 31.34 Setting up netbase (6.5) ...
#12 31.36 Setting up libpython3.13-stdlib:amd64 (3.13.5-2) ...
#12 31.36 Setting up libpython3-stdlib:amd64 (3.13.5-1) ...
#12 31.37 Setting up python3.13 (3.13.5-2) ...
#12 32.50 Setting up python3 (3.13.5-1) ...
#12 32.53 running python rtupdate hooks for python3.13...
#12 32.53 running python post-rtupdate hooks for python3.13...
#12 32.64 Setting up nodejs (24.13.0-1nodesource1) ...
#12 DONE 32.7s

#13 [10/12] RUN npm install -g @johnnymorganz/stylua-bin &&     npm install -g vim-language-server &&     npm install -g pyright &&     npm install -g typescript typescript-language-server vscode-langservers-extracted &&     gem install solargraph
#13 11.87 npm warn deprecated rimraf@2.7.1: Rimraf versions prior to v4 are no longer supported
#13 12.37 npm warn deprecated inflight@1.0.6: This module is not supported, and leaks memory. Do not use it. Check out lru-cache if you want a good and tested way to coalesce async requests by a key value, which is much more comprehensive and powerful.
#13 12.54 npm warn deprecated rimraf@3.0.2: Rimraf versions prior to v4 are no longer supported
#13 12.56 npm warn deprecated glob@7.2.3: Glob versions prior to v9 are no longer supported
#13 12.60 npm warn deprecated fstream@1.0.12: This package is no longer supported.
#13 12.79 npm warn deprecated node-domexception@1.0.0: Use your platform's native DOMException instead
#13 13.77
#13 13.77 added 91 packages in 6s
#13 13.77
#13 13.77 12 packages are looking for funding
#13 13.77   run `npm fund` for details
#13 13.78 npm notice
#13 13.78 npm notice New minor version of npm available! 11.6.2 -> 11.7.0
#13 13.78 npm notice Changelog: https://github.com/npm/cli/releases/tag/v11.7.0
#13 13.78 npm notice To update run: npm install -g npm@11.7.0
#13 13.78 npm notice
#13 14.67
#13 14.67 added 1 package in 751ms
#13 25.41
#13 25.41 added 1 package in 11s
#13 31.48
#13 31.48 added 37 packages in 6s
#13 31.48
#13 31.48 10 packages are looking for funding
#13 31.48   run `npm fund` for details
#13 34.92 Successfully installed yard-0.9.38
#13 34.92 Successfully installed yard-solargraph-0.1.0
#13 34.92 Successfully installed yard-activesupport-concern-0.0.1
#13 34.92 Successfully installed tilt-2.7.0
#13 34.92 Successfully installed thor-1.5.0
#13 34.92 Successfully installed unicode-emoji-4.2.0
#13 34.92 Successfully installed unicode-display_width-3.2.0
#13 34.92 Successfully installed ruby-progressbar-1.13.0
#13 34.92 Building native extensions. This could take a while...
#13 70.57 Successfully installed prism-1.8.0
#13 70.57 Successfully installed ast-2.4.3
#13 70.57 Successfully installed parser-3.3.10.1
#13 70.57 Successfully installed rubocop-ast-1.49.0
#13 70.57 Successfully installed regexp_parser-2.11.3
#13 70.57 Successfully installed rainbow-3.1.1
#13 70.57 Successfully installed parallel-1.27.0
#13 70.57 Successfully installed lint_roller-1.1.0
#13 70.57 Successfully installed language_server-protocol-3.17.0.5
#13 70.57 Successfully installed rubocop-1.82.1
#13 70.57 Successfully installed nokogiri-1.19.0-x86_64-linux-gnu
#13 70.57 Successfully installed reverse_markdown-3.0.1
#13 70.57 Building native extensions. This could take a while...
#13 78.15 Successfully installed rbs-4.0.0.dev.4
#13 78.15 Successfully installed kramdown-2.5.1
#13 78.15 Successfully installed kramdown-parser-gfm-1.1.0
#13 78.15 Building native extensions. This could take a while...
#13 200.9 Successfully installed jaro_winkler-1.6.1
#13 200.9 Successfully installed diff-lcs-1.6.2
#13 200.9 Successfully installed benchmark-0.5.0
#13 200.9 Successfully installed backport-1.2.0
#13 200.9 Successfully installed solargraph-0.58.1
#13 200.9 Parsing documentation for yard-0.9.38
#13 200.9 Installing ri documentation for yard-0.9.38
#13 200.9 Parsing documentation for yard-solargraph-0.1.0
#13 200.9 Installing ri documentation for yard-solargraph-0.1.0
#13 200.9 Parsing documentation for yard-activesupport-concern-0.0.1
#13 200.9 Installing ri documentation for yard-activesupport-concern-0.0.1
#13 200.9 Parsing documentation for tilt-2.7.0
#13 200.9 Installing ri documentation for tilt-2.7.0
#13 200.9 Parsing documentation for thor-1.5.0
#13 200.9 Installing ri documentation for thor-1.5.0
#13 200.9 Parsing documentation for unicode-emoji-4.2.0
#13 200.9 Installing ri documentation for unicode-emoji-4.2.0
#13 200.9 Parsing documentation for unicode-display_width-3.2.0
#13 200.9 Installing ri documentation for unicode-display_width-3.2.0
#13 200.9 Parsing documentation for ruby-progressbar-1.13.0
#13 200.9 Installing ri documentation for ruby-progressbar-1.13.0
#13 200.9 Parsing documentation for prism-1.8.0
#13 200.9 Installing ri documentation for prism-1.8.0
#13 200.9 Parsing documentation for ast-2.4.3
#13 200.9 Installing ri documentation for ast-2.4.3
#13 200.9 Parsing documentation for parser-3.3.10.1
#13 200.9 Installing ri documentation for parser-3.3.10.1
#13 200.9 Parsing documentation for rubocop-ast-1.49.0
#13 200.9 Installing ri documentation for rubocop-ast-1.49.0
#13 200.9 Parsing documentation for regexp_parser-2.11.3
#13 200.9 Installing ri documentation for regexp_parser-2.11.3
#13 200.9 Parsing documentation for rainbow-3.1.1
#13 200.9 Installing ri documentation for rainbow-3.1.1
#13 200.9 Parsing documentation for parallel-1.27.0
#13 200.9 Installing ri documentation for parallel-1.27.0
#13 200.9 Parsing documentation for lint_roller-1.1.0
#13 200.9 Installing ri documentation for lint_roller-1.1.0
#13 200.9 Parsing documentation for language_server-protocol-3.17.0.5
#13 200.9 Installing ri documentation for language_server-protocol-3.17.0.5
#13 200.9 Parsing documentation for rubocop-1.82.1
#13 200.9 Installing ri documentation for rubocop-1.82.1
#13 200.9 Parsing documentation for nokogiri-1.19.0-x86_64-linux-gnu
#13 200.9 Installing ri documentation for nokogiri-1.19.0-x86_64-linux-gnu
#13 200.9 Parsing documentation for reverse_markdown-3.0.1
#13 200.9 Installing ri documentation for reverse_markdown-3.0.1
#13 200.9 Parsing documentation for rbs-4.0.0.dev.4
#13 200.9 Installing ri documentation for rbs-4.0.0.dev.4
#13 200.9 Parsing documentation for kramdown-2.5.1
#13 200.9 Installing ri documentation for kramdown-2.5.1
#13 200.9 Parsing documentation for kramdown-parser-gfm-1.1.0
#13 200.9 Installing ri documentation for kramdown-parser-gfm-1.1.0
#13 200.9 Parsing documentation for jaro_winkler-1.6.1
#13 200.9 Installing ri documentation for jaro_winkler-1.6.1
#13 200.9 Parsing documentation for diff-lcs-1.6.2
#13 200.9 Installing ri documentation for diff-lcs-1.6.2
#13 200.9 Parsing documentation for benchmark-0.5.0
#13 200.9 Installing ri documentation for benchmark-0.5.0
#13 200.9 Parsing documentation for backport-1.2.0
#13 200.9 Installing ri documentation for backport-1.2.0
#13 200.9 Parsing documentation for solargraph-0.58.1
#13 200.9 Installing ri documentation for solargraph-0.58.1
#13 200.9 Done installing documentation for yard, yard-solargraph, yard-activesupport-concern, tilt, thor, unicode-emoji, unicode-display_width, ruby-progressbar, prism, ast, parser, rubocop-ast, regexp_parser, rainbow, parallel, lint_roller, language_server-protocol, rubocop, nokogiri, reverse_markdown, rbs, kramdown, kramdown-parser-gfm, jaro_winkler, diff-lcs, benchmark, backport, solargraph after 116 seconds
#13 200.9 Building YARD (yri) index for yard-0.9.38...
#13 200.9 28 gems installed
#13 DONE 201.0s

#14 [11/12] RUN nvim --headless +"call jobstart(['nvim', '--headless', '+call dpp#make_state("~/.cache/dpp", "~/.config/dpp/dpp.ts")', '+qall'])" +"call timer_start(15000, {-> execute('qall')})"
#14 12.71 dpp load_state() is faileddpp make_state() is done
#14 DONE 25.5s

#15 [12/12] RUN nvim --headless +"call dpp#async_ext_action('installer', 'install')" +"call timer_start(45000, {-> execute('qall')})"
#15 9.275 [dpp] Start: Sat Jan 17 2026 08:...0000 (Coordinated Universal Time)[dpp] Cloning into '/root/.cache.../ddu-filter-matcher_substring'...[dpp] Cloning into '/root/.cache...ub.com/Shougo/ddc.vim_v10.1.0'...[dpp] Cloning into '/root/.cache...om/nanozuki/tabby.nvim_v2.8.1'...[dpp] Cloning into '/root/.cache...om/Shougo/ddu-ui-filer_v3.2.0'...[dpp] Cloning into '/root/.cache.../rcarriga/nvim-notify_v3.15.0'...[dpp] Cloning into '/root/.cache...b.com/lewis6991/gitsigns.nvim'...[dpp] Note: switching to 'v3.2.0'.[dpp] You are in 'detached HEAD'...an look around, make experimental[dpp] Cloning into '/root/.cache...itter/nvim-treesitter_v0.10.0'...[dpp] changes and commit them, a...card any commits you make in this[dpp] state without impacting an...es by switching back to a branch.[dpp] If you want to create a ne...etain commits you create, you may[dpp] do so (now or later) by us...with the switch command. Example:[dpp]   git switch -c <new-branch-name>[dpp] Or undo this operation with:[dpp] Note: switching to 'v2.8.1'.[dpp]   git switch -[dpp] You are in 'detached HEAD'...an look around, make experimental[dpp] Turn off this advice by se...able advice.detachedHead to false[dpp] changes and commit them, a...card any commits you make in this[dpp] state without impacting an...es by switching back to a branch.[dpp] Note: switching to 'v3.15.0'.[dpp] Cloning into '/root/.cache...om/github/copilot.vim_v1.59.0'...[dpp] HEAD is now at 16a7ea6 Ren..." param to "overwriteStatusline".[dpp] If you want to create a ne...etain commits you create, you may[dpp] You are in 'detached HEAD'...an look around, make experimental[dpp] do so (now or later) by us...with the switch command. Example:[dpp] changes and commit them, a...card any commits you make in this[dpp] Cloning into '/root/.cache....com/Shougo/ddc-source-around'...[dpp] state without impacting an...es by switching back to a branch.[dpp]   git switch -c <new-branch-name>[dpp] If you want to create a ne...etain commits you create, you may[dpp] Or undo this operation with:[dpp] do so (now or later) by us...with the switch command. Example:[dpp]   git switch -[dpp]   git switch -c <new-branch-name>[dpp] Turn off this advice by se...able advice.detachedHead to false[dpp] Or undo this operation with:[dpp] HEAD is now at 3c130e1 Mer...t #195 from nanozuki/vim.validate[dpp]   git switch -[dpp] Turn off this advice by se...able advice.detachedHead to false[dpp] HEAD is now at a3020c2 ci:...e the testing nvim download steps[dpp] Note: switching to 'v10.1.0'.[dpp] You are in 'detached HEAD'...an look around, make experimental[dpp] changes and commit them, a...card any commits you make in this[dpp] state without impacting an...es by switching back to a branch.[dpp] If you want to create a ne...etain commits you create, you may[dpp] do so (now or later) by us...with the switch command. Example:[dpp] Cloning into '/root/.cache...ub.com/Shougo/ddu-source-file'...[dpp]   git switch -c <new-branch-name>[dpp] Or undo this operation with:[dpp]   git switch -[dpp] Turn off this advice by se...able advice.detachedHead to false[dpp] HEAD is now at 5b6410c Add dynamicFilters[dpp] Cloning into '/root/.cache...hougo/ddu-filter-sorter_alpha'...[dpp] Cloning into '/root/.cache...folke/ts-comments.nvim_v1.5.0'...[dpp] Cloning into '/root/.cache...denEast/nightfox.nvim_v3.10.0'...[dpp] Cloning into '/root/.cache...n/ddu-column-devicon_filename'...[dpp] Note: switching to 'v1.5.0'.[dpp] You are in 'detached HEAD'...an look around, make experimental[dpp] changes and commit them, a...card any commits you make in this[dpp] state without impacting an...es by switching back to a branch.[dpp] If you want to create a ne...etain commits you create, you may[dpp] do so (now or later) by us...with the switch command. Example:[dpp] Cloning into '/root/.cache...hub.com/windwp/nvim-autopairs'...[dpp]   git switch -c <new-branch-name>[dpp] Or undo this operation with:[dpp]   git switch -[dpp] Turn off this advice by se...able advice.detachedHead to false[dpp] HEAD is now at 79e4337 chore(main): release 1.5.0 (#51)[dpp] Cloning into '/root/.cache...om/Shougo/ddc-source-nvim-lsp'...[dpp] Cloning into '/root/.cache.../github.com/Shougo/ddc-ui-pum'...[dpp] Note: switching to 'v3.10.0'.[dpp] You are in 'detached HEAD'...an look around, make experimental[dpp] changes and commit them, a...card any commits you make in this[dpp] Cloning into '/root/.cache...b.com/Shougo/ddc-matcher_head'...[dpp] state without impacting an...es by switching back to a branch.[dpp] If you want to create a ne...etain commits you create, you may[dpp] do so (now or later) by us...with the switch command. Example:[dpp]   git switch -c <new-branch-name>[dpp] Or undo this operation with:[dpp]   git switch -[dpp] Turn off this advice by se...able advice.detachedHead to false[dpp] HEAD is now at d3e8b1a chore(main): release 3.10.0 (#423)[dpp] Cloning into '/root/.cache.../neovim/nvim-lspconfig_v2.5.0'...[dpp] Cloning into '/root/.cache...b.com/Shougo/ddu-ui-ff_v3.1.0'...[dpp] Cloning into '/root/.cache...ub.com/shun/ddu-source-buffer'...[dpp] Note: switching to 'v0.10.0'.[dpp] You are in 'detached HEAD'...an look around, make experimental[dpp] changes and commit them, a...card any commits you make in this[dpp] state without impacting an...es by switching back to a branch.[dpp] If you want to create a ne...etain commits you create, you may[dpp] do so (now or later) by us...with the switch command. Example:[dpp] Cloning into '/root/.cache...ui54/denops-popup-preview.vim'...[dpp]   git switch -c <new-branch-name>[dpp] Or undo this operation with:[dpp]   git switch -[dpp] Turn off this advice by se...able advice.detachedHead to false[dpp] HEAD is now at 42fc28ba do...nounce archiving of master branch[dpp] Note: switching to 'v3.1.0'.[dpp] Cloning into '/root/.cache...ithub.com/ojroques/nvim-osc52'...[dpp] You are in 'detached HEAD'...an look around, make experimental[dpp] changes and commit them, a...card any commits you make in this[dpp] state without impacting an...es by switching back to a branch.[dpp] If you want to create a ne...etain commits you create, you may[dpp] do so (now or later) by us...with the switch command. Example:[dpp] Cloning into '/root/.cache...thub.com/Shougo/ddu-kind-file'...[dpp]   git switch -c <new-branch-name>[dpp] Or undo this operation with:[dpp]   git switch -[dpp] Turn off this advice by se...able advice.detachedHead to false[dpp] HEAD is now at 545358d Ren..." param to "overwriteStatusline".[dpp] Cloning into '/root/.cache...com/Shougo/ddc-source-copilot'...[dpp] Cloning into '/root/.cache...thub.com/Shougo/ddu-kind-word'...[dpp] Cloning into '/root/.cache...m/nvim-tree/nvim-web-devicons'...[dpp] Cloning into '/root/.cache...ub.com/Shougo/ddc-sorter_rank'...[dpp] Cloning into '/root/.cache...s/github.com/Shougo/deol.nvim'...[dpp] Cloning into '/root/.cache...om/Shougo/ddu-source-file_rec'...[dpp] Cloning into '/root/.cache...u-filter-matcher_ignore_files'...[dpp] Cloning into '/root/.cache...ub.com/Shougo/ddu.vim_v11.1.0'...[dpp] Note: switching to 'v2.5.0'.[dpp] You are in 'detached HEAD'...an look around, make experimental[dpp] changes and commit them, a...card any commits you make in this[dpp] Cloning into '/root/.cache...mago3keran/ddu-source-message'...[dpp] state without impacting an...es by switching back to a branch.[dpp] If you want to create a ne...etain commits you create, you may[dpp] do so (now or later) by us...with the switch command. Example:[dpp]   git switch -c <new-branch-name>[dpp] Or undo this operation with:[dpp]   git switch -[dpp] Turn off this advice by se...able advice.detachedHead to false[dpp] HEAD is now at 5bfcc89f do...date configs.md skip-checks: true[dpp] Cloning into '/root/.cache...filter-converter_display_word'...[dpp] Cloning into '/root/.cache...com/nvim-lualine/lualine.nvim'...[dpp] Note: switching to 'v11.1.0'.[dpp] You are in 'detached HEAD'...an look around, make experimental[dpp] changes and commit them, a...card any commits you make in this[dpp] state without impacting an...es by switching back to a branch.[dpp] If you want to create a ne...etain commits you create, you may[dpp] do so (now or later) by us...with the switch command. Example:[dpp] Cloning into '/root/.cache...github.com/mhinz/vim-startify'...[dpp]   git switch -c <new-branch-name>[dpp] Or undo this operation with:[dpp]   git switch -[dpp] Turn off this advice by se...able advice.detachedHead to false[dpp] HEAD is now at 5e4a42d Add dynamicFilters[dpp] Note: switching to 'v1.59.0'.[dpp] You are in 'detached HEAD'...an look around, make experimental[dpp] changes and commit them, a...card any commits you make in this[dpp] state without impacting an...es by switching back to a branch.[dpp] Cloning into '/root/.cache...pos/github.com/Shougo/pum.vim'...[dpp] If you want to create a ne...etain commits you create, you may[dpp] do so (now or later) by us...with the switch command. Example:[dpp]   git switch -c <new-branch-name>[dpp] Or undo this operation with:[dpp]   git switch -[dpp] Turn off this advice by se...able advice.detachedHead to false[dpp] HEAD is now at a12fd56 Copilot.vim 1.59.0[dpp] Cloning into '/root/.cache...github.com/shun/ddu-source-rg'...
#15 DONE 53.4s

#16 exporting to image
#16 exporting layers
#16 exporting layers 16.7s done
#16 writing image sha256:0291d78b74388fce23cb92445c19059219b02ea944e85b8280503ca6c204afb2 done
#16 naming to docker.io/library/test-debian-slim done
#16 DONE 16.7s
